Component: ARM Compiler 5.06 update 6 (build 750) Tool: armlink [4d35ed]

==============================================================================

Section Cross References

    startup_stm32f103xb.o(RESET) refers to startup_stm32f103xb.o(STACK) for __initial_sp
    startup_stm32f103xb.o(RESET) refers to startup_stm32f103xb.o(.text) for Reset_Handler
    startup_stm32f103xb.o(RESET) refers to stm32f1xx_it.o(i.NMI_Handler) for NMI_Handler
    startup_stm32f103xb.o(RESET) refers to stm32f1xx_it.o(i.HardFault_Handler) for HardFault_Handler
    startup_stm32f103xb.o(RESET) refers to stm32f1xx_it.o(i.MemManage_Handler) for MemManage_Handler
    startup_stm32f103xb.o(RESET) refers to stm32f1xx_it.o(i.BusFault_Handler) for BusFault_Handler
    startup_stm32f103xb.o(RESET) refers to stm32f1xx_it.o(i.UsageFault_Handler) for UsageFault_Handler
    startup_stm32f103xb.o(RESET) refers to stm32f1xx_it.o(i.SVC_Handler) for SVC_Handler
    startup_stm32f103xb.o(RESET) refers to stm32f1xx_it.o(i.DebugMon_Handler) for DebugMon_Handler
    startup_stm32f103xb.o(RESET) refers to stm32f1xx_it.o(i.PendSV_Handler) for PendSV_Handler
    startup_stm32f103xb.o(RESET) refers to stm32f1xx_it.o(i.SysTick_Handler) for SysTick_Handler
    startup_stm32f103xb.o(RESET) refers to stm32f1xx_it.o(i.TIM3_IRQHandler) for TIM3_IRQHandler
    startup_stm32f103xb.o(RESET) refers to stm32f1xx_it.o(i.USART1_IRQHandler) for USART1_IRQHandler
    startup_stm32f103xb.o(RESET) refers to stm32f1xx_it.o(i.USART3_IRQHandler) for USART3_IRQHandler
    startup_stm32f103xb.o(.text) refers to system_stm32f1xx.o(i.SystemInit) for SystemInit
    startup_stm32f103xb.o(.text) refers to entry.o(.ARM.Collect$$$$00000000) for __main
    main.o(i.HAL_UART_RxCpltCallback) refers to stm32f1xx_hal_uart.o(i.HAL_UART_Receive_IT) for HAL_UART_Receive_IT
    main.o(i.HAL_UART_RxCpltCallback) refers to usart.o(.data) for UART1_Rx_cnt
    main.o(i.HAL_UART_RxCpltCallback) refers to usart.o(.data) for UART1_temp
    main.o(i.HAL_UART_RxCpltCallback) refers to usart.o(.bss) for UART1_Rx_Buf
    main.o(i.HAL_UART_RxCpltCallback) refers to usart.o(.data) for UART3_data
    main.o(i.SystemClock_Config) refers to memseta.o(.text) for __aeabi_memclr4
    main.o(i.SystemClock_Config) refers to stm32f1xx_hal_rcc.o(i.HAL_RCC_OscConfig) for HAL_RCC_OscConfig
    main.o(i.SystemClock_Config) refers to stm32f1xx_hal_rcc.o(i.HAL_RCC_ClockConfig) for HAL_RCC_ClockConfig
    main.o(i.main) refers to stm32f1xx_hal.o(i.HAL_Init) for HAL_Init
    main.o(i.main) refers to main.o(i.SystemClock_Config) for SystemClock_Config
    main.o(i.main) refers to gpio.o(i.MX_GPIO_Init) for MX_GPIO_Init
    main.o(i.main) refers to tim.o(i.MX_TIM3_Init) for MX_TIM3_Init
    main.o(i.main) refers to stm32f1xx_hal_tim.o(i.HAL_TIM_Base_Start_IT) for HAL_TIM_Base_Start_IT
    main.o(i.main) refers to usart.o(i.MX_USART1_UART_Init) for MX_USART1_UART_Init
    main.o(i.main) refers to stm32f1xx_hal_uart.o(i.HAL_UART_Receive_IT) for HAL_UART_Receive_IT
    main.o(i.main) refers to printfa.o(i.__0printf) for __2printf
    main.o(i.main) refers to usart.o(i.MX_USART3_UART_Init) for MX_USART3_UART_Init
    main.o(i.main) refers to stm32f1xx_hal_uart.o(i.HAL_UART_Transmit) for HAL_UART_Transmit
    main.o(i.main) refers to i2c.o(i.MX_I2C1_Init) for MX_I2C1_Init
    main.o(i.main) refers to oled.o(i.OLED_Init) for OLED_Init
    main.o(i.main) refers to oled.o(i.OLED_ShowString_fun) for OLED_ShowString_fun
    main.o(i.main) refers to stm32f1xx_hal_gpio.o(i.HAL_GPIO_ReadPin) for HAL_GPIO_ReadPin
    main.o(i.main) refers to task.o(i.ESP8266_TASK) for ESP8266_TASK
    main.o(i.main) refers to task.o(i.IMD750_TASK) for IMD750_TASK
    main.o(i.main) refers to tim.o(.bss) for htim3
    main.o(i.main) refers to usart.o(.data) for UART1_temp
    main.o(i.main) refers to usart.o(.bss) for huart1
    main.o(i.main) refers to usart.o(.data) for UART3_data
    main.o(i.main) refers to main.o(.data) for .data
    gpio.o(i.MX_GPIO_Init) refers to stm32f1xx_hal_gpio.o(i.HAL_GPIO_WritePin) for HAL_GPIO_WritePin
    gpio.o(i.MX_GPIO_Init) refers to stm32f1xx_hal_gpio.o(i.HAL_GPIO_Init) for HAL_GPIO_Init
    i2c.o(i.HAL_I2C_MspDeInit) refers to stm32f1xx_hal_gpio.o(i.HAL_GPIO_DeInit) for HAL_GPIO_DeInit
    i2c.o(i.HAL_I2C_MspInit) refers to stm32f1xx_hal_gpio.o(i.HAL_GPIO_Init) for HAL_GPIO_Init
    i2c.o(i.MX_I2C1_Init) refers to stm32f1xx_hal_i2c.o(i.HAL_I2C_Init) for HAL_I2C_Init
    i2c.o(i.MX_I2C1_Init) refers to main.o(i.Error_Handler) for Error_Handler
    i2c.o(i.MX_I2C1_Init) refers to i2c.o(.bss) for .bss
    tim.o(i.HAL_TIM_Base_MspDeInit) refers to stm32f1xx_hal_cortex.o(i.HAL_NVIC_DisableIRQ) for HAL_NVIC_DisableIRQ
    tim.o(i.HAL_TIM_Base_MspInit) refers to stm32f1xx_hal_cortex.o(i.HAL_NVIC_SetPriority) for HAL_NVIC_SetPriority
    tim.o(i.HAL_TIM_Base_MspInit) refers to stm32f1xx_hal_cortex.o(i.HAL_NVIC_EnableIRQ) for HAL_NVIC_EnableIRQ
[...]
    ../Drivers/STM32F1xx_HAL_Driver/Src/stm32f1xx_hal_tim_ex.c 0x00000000   Number         0  stm32f1xx_hal_tim_ex.o ABSOLUTE
    ../Drivers/STM32F1xx_HAL_Driver/Src/stm32f1xx_hal_uart.c 0x00000000   Number         0  stm32f1xx_hal_uart.o ABSOLUTE
    ../Src/gpio.c                            0x00000000   Number         0  gpio.o ABSOLUTE
    ../Src/main.c                            0x00000000   Number         0  main.o ABSOLUTE
    ../Src/stm32f1xx_hal_msp.c               0x00000000   Number         0  stm32f1xx_hal_msp.o ABSOLUTE
    ../Src/stm32f1xx_it.c                    0x00000000   Number         0  stm32f1xx_it.o ABSOLUTE
    ../Src/system_stm32f1xx.c                0x00000000   Number         0  system_stm32f1xx.o ABSOLUTE
    ../Src/tim.c                             0x00000000   Number         0  tim.o ABSOLUTE
    ../Src/usart.c                           0x00000000   Number         0  usart.o ABSOLUTE
    ../clib/microlib/division.c              0x00000000   Number         0  uldiv.o ABSOLUTE
    ../clib/microlib/division.c              0x00000000   Number         0  uidiv.o ABSOLUTE
    ../clib/microlib/init/entry.s            0x00000000   Number         0  entry11a.o ABSOLUTE
    ../clib/microlib/init/entry.s            0x00000000   Number         0  entry8b.o ABSOLUTE
    ../clib/microlib/init/entry.s            0x00000000   Number         0  entry7a.o ABSOLUTE
    ../clib/microlib/init/entry.s            0x00000000   Number         0  entry5.o ABSOLUTE
    ../clib/microlib/init/entry.s            0x00000000   Number         0  entry10b.o ABSOLUTE
    ../clib/microlib/init/entry.s            0x00000000   Number         0  entry8a.o ABSOLUTE
    ../clib/microlib/init/entry.s            0x00000000   Number         0  entry2.o ABSOLUTE
    ../clib/microlib/init/entry.s            0x00000000   Number         0  entry10a.o ABSOLUTE
    ../clib/microlib/init/entry.s            0x00000000   Number         0  entry7b.o ABSOLUTE
    ../clib/microlib/init/entry.s            0x00000000   Number         0  entry11b.o ABSOLUTE
    ../clib/microlib/init/entry.s            0x00000000   Number         0  entry9b.o ABSOLUTE
    ../clib/microlib/init/entry.s            0x00000000   Number         0  entry.o ABSOLUTE
    ../clib/microlib/init/entry.s            0x00000000   Number         0  entry9a.o ABSOLUTE
    ../clib/microlib/longlong.c              0x00000000   Number         0  llsshr.o ABSOLUTE
    ../clib/microlib/longlong.c              0x00000000   Number         0  llshl.o ABSOLUTE
    ../clib/microlib/longlong.c              0x00000000   Number         0  llushr.o ABSOLUTE
    ../clib/microlib/printf/printf.c         0x00000000   Number         0  printf1.o ABSOLUTE
    ../clib/microlib/printf/printf.c         0x00000000   Number         0  printfa.o ABSOLUTE
    ../clib/microlib/printf/printf.c         0x00000000   Number         0  printf8.o ABSOLUTE
    ../clib/microlib/printf/printf.c         0x00000000   Number         0  printf7.o ABSOLUTE
    ../clib/microlib/printf/printf.c         0x00000000   Number         0  printf6.o ABSOLUTE
    ../clib/microlib/printf/printf.c         0x00000000   Number         0  printf5.o ABSOLUTE
    ../clib/microlib/printf/printf.c         0x00000000   Number         0  printf0.o ABSOLUTE
    ../clib/microlib/printf/printf.c         0x00000000   Number         0  printfb.o ABSOLUTE
    ../clib/microlib/printf/printf.c         0x00000000   Number         0  printf4.o ABSOLUTE
    ../clib/microlib/printf/printf.c         0x00000000   Number         0  printf3.o ABSOLUTE
    ../clib/microlib/printf/printf.c         0x00000000   Number         0  printf2.o ABSOLUTE
    ../clib/microlib/printf/stubs.s          0x00000000   Number         0  stubs.o ABSOLUTE
    ../clib/microlib/string/memset.c         0x00000000   Number         0  memseta.o ABSOLUTE
    ../clib/microlib/string/strcmp.c         0x00000000   Number         0  strcmp.o ABSOLUTE
    ../clib/microlib/string/strlen.c         0x00000000   Number         0  strlen.o ABSOLUTE
    ../clib/microlib/string/strstr.c         0x00000000   Number         0  strstr.o ABSOLUTE
    ../clib/microlib/stubs.s                 0x00000000   Number         0  iusefp.o ABSOLUTE
    ../clib/microlib/stubs.s                 0x00000000   Number         0  useno.o ABSOLUTE
    ../fplib/microlib/fpadd.c                0x00000000   Number         0  dadd.o ABSOLUTE
    ../fplib/microlib/fpdiv.c                0x00000000   Number         0  ddiv.o ABSOLUTE
    ../fplib/microlib/fpepilogue.c           0x00000000   Number         0  depilogue.o ABSOLUTE
    ../fplib/microlib/fpfix.c                0x00000000   Number         0  dfixul.o ABSOLUTE
    ../fplib/microlib/fpmul.c                0x00000000   Number         0  dmul.o ABSOLUTE
    ..\Drivers\STM32F1xx_HAL_Driver\Src\stm32f1xx_hal.c 0x00000000   Number         0  stm32f1xx_hal.o ABSOLUTE
    ..\Drivers\STM32F1xx_HAL_Driver\Src\stm32f1xx_hal_cortex.c 0x00000000   Number         0  stm32f1xx_hal_cortex.o ABSOLUTE
    ..\Drivers\STM32F1xx_HAL_Driver\Src\stm32f1xx_hal_dma.c 0x00000000   Number         0  stm32f1xx_hal_dma.o ABSOLUTE
    ..\Drivers\STM32F1xx_HAL_Driver\Src\stm32f1xx_hal_exti.c 0x00000000   Number         0  stm32f1xx_hal_exti.o ABSOLUTE
    ..\Drivers\STM32F1xx_HAL_Driver\Src\stm32f1xx_hal_flash.c 0x00000000   Number         0  stm32f1xx_hal_flash.o ABSOLUTE
    ..\Drivers\STM32F1xx_HAL_Driver\Src\stm32f1xx_hal_flash_ex.c 0x00000000   Number         0  stm32f1xx_hal_flash_ex.o ABSOLUTE
    ..\Drivers\STM32F1xx_HAL_Driver\Src\stm32f1xx_hal_gpio.c 0x00000000   Number         0  stm32f1xx_hal_gpio.o ABSOLUTE
    ..\Drivers\STM32F1xx_HAL_Driver\Src\stm32f1xx_hal_gpio_ex.c 0x00000000   Number         0  stm32f1xx_hal_gpio_ex.o ABSOLUTE
    ..\Drivers\STM32F1xx_HAL_Driver\Src\stm32f1xx_hal_i2c.c 0x00000000   Number         0  stm32f1xx_hal_i2c.o ABSOLUTE
    ..\Drivers\STM32F1xx_HAL_Driver\Src\stm32f1xx_hal_pwr.c 0x00000000   Number         0  stm32f1xx_hal_pwr.o ABSOLUTE
    ..\Drivers\STM32F1xx_HAL_Driver\Src\stm32f1xx_hal_rcc.c 0x00000000   Number         0  stm32f1xx_hal_rcc.o ABSOLUTE
    ..\Drivers\STM32F1xx_HAL_Driver\Src\stm32f1xx_hal_rcc_ex.c 0x00000000   Number         0  stm32f1xx_hal_rcc_ex.o ABSOLUTE
    ..\Drivers\STM32F1xx_HAL_Driver\Src\stm32f1xx_hal_tim.c 0x00000000   Number         0  stm32f1xx_hal_tim.o ABSOLUTE
    ..\Drivers\STM32F1xx_HAL_Driver\Src\stm32f1xx_hal_tim_ex.c 0x00000000   Number         0  stm32f1xx_hal_tim_ex.o ABSOLUTE
    ..\Drivers\STM32F1xx_HAL_Driver\Src\stm32f1xx_hal_uart.c 0x00000000   Number         0  stm32f1xx_hal_uart.o ABSOLUTE
    ..\HARDWARE\Src\atk-mw8266.c             0x00000000   Number         0  atk-mw8266.o ABSOLUTE
    ..\HARDWARE\Src\atk_idm750.c             0x00000000   Number         0  atk_idm750.o ABSOLUTE
    ..\HARDWARE\Src\oled.c                   0x00000000   Number         0  oled.o ABSOLUTE
    ..\HARDWARE\Src\oled_ZK.c                0x00000000   Number         0  oled_zk.o ABSOLUTE
    ..\HARDWARE\Src\task.c                   0x00000000   Number         0  task.o ABSOLUTE
    ..\Src\gpio.c                            0x00000000   Number         0  gpio.o ABSOLUTE
    ..\Src\i2c.c                             0x00000000   Number         0  i2c.o ABSOLUTE
    ..\Src\main.c                            0x00000000   Number         0  main.o ABSOLUTE
    ..\Src\pwr.c                             0x00000000   Number         0  pwr.o ABSOLUTE
    ..\Src\stm32f1xx_hal_msp.c               0x00000000   Number         0  stm32f1xx_hal_msp.o ABSOLUTE
    ..\Src\stm32f1xx_it.c                    0x00000000   Number         0  stm32f1xx_it.o ABSOLUTE
    ..\Src\system_stm32f1xx.c                0x00000000   Number         0  system_stm32f1xx.o ABSOLUTE
    ..\Src\tim.c                             0x00000000   Number         0  tim.o ABSOLUTE
    ..\Src\usart.c                           0x00000000   Number         0  usart.o ABSOLUTE
    ..\\Drivers\\STM32F1xx_HAL_Driver\\Src\\stm32f1xx_hal_i2c.c 0x00000000   Number         0  stm32f1xx_hal_i2c.o ABSOLUTE
    ..\\HARDWARE\\Src\\atk-mw8266.c          0x00000000   Number         0  atk-mw8266.o ABSOLUTE
    ..\\HARDWARE\\Src\\atk_idm750.c          0x00000000   Number         0  atk_idm750.o ABSOLUTE
    ..\\HARDWARE\\Src\\oled.c                0x00000000   Number         0  oled.o ABSOLUTE
    ..\\HARDWARE\\Src\\oled_ZK.c             0x00000000   Number         0  oled_zk.o ABSOLUTE
    ..\\HARDWARE\\Src\\task.c                0x00000000   Number         0  task.o ABSOLUTE
    ..\\Src\\i2c.c                           0x00000000   Number         0  i2c.o ABSOLUTE
    ..\\Src\\pwr.c                           0x00000000   Number         0  pwr.o ABSOLUTE
    cdrcmple.s                               0x00000000   Number         0  cdrcmple.o ABSOLUTE
    dc.s                                     0x00000000   Number         0  dc.o ABSOLUTE
    handlers.s                               0x00000000   Number         0  handlers.o ABSOLUTE
    init.s                                   0x00000000   Number         0  init.o ABSOLUTE
    startup_stm32f103xb.s                    0x00000000   Number         0  startup_stm32f103xb.o ABSOLUTE
    RESET                                    0x08000000   Section      236  startup_stm32f103xb.o(RESET)
    .ARM.Collect$$$$00000000                 0x080000ec   Section        0  entry.o(.ARM.Collect$$$$00000000)
    .ARM.Collect$$$$00000001                 0x080000ec   Section        4  entry2.o(.ARM.Collect$$$$00000001)
    .ARM.Collect$$$$00000004                 0x080000f0   Section        4  entry5.o(.ARM.Collect$$$$00000004)
    .ARM.Collect$$$$00000008                 0x080000f4   Section        0  entry7b.o(.ARM.Collect$$$$00000008)
    .ARM.Collect$$$$0000000A                 0x080000f4   Section        0  entry8b.o(.ARM.Collect$$$$0000000A)
    .ARM.Collect$$$$0000000B                 0x080000f4   Section        8  entry9a.o(.ARM.Collect$$$$0000000B)
    .ARM.Collect$$$$0000000D                 0x080000fc   Section        0  entry10a.o(.ARM.Collect$$$$0000000D)
    .ARM.Collect$$$$0000000F                 0x080000fc   Section        0  entry11a.o(.ARM.Collect$$$$0000000F)
    .ARM.Collect$$$$00002712                 0x080000fc   Section        4  entry2.o(.ARM.Collect$$$$00002712)
    __lit__00000000                          0x080000fc   Data           4  entry2.o(.ARM.Collect$$$$00002712)
    .text                                    0x08000100   Section       36  startup_stm32f103xb.o(.text)
    .text                                    0x08000124   Section        0  llushr.o(.text)
    .text                                    0x08000144   Section        0  memseta.o(.text)
    .text                                    0x08000168   Section        0  strstr.o(.text)
    .text                                    0x0800018c   Section        0  strlen.o(.text)
    .text                                    0x0800019a   Section        0  strcmp.o(.text)
    .text                                    0x080001b6   Section        0  uidiv.o(.text)
    .text                                    0x080001e2   Section        0  uldiv.o(.text)
    .text                                    0x08000244   Section        0  iusefp.o(.text)
    .text                                    0x08000244   Section        0  dadd.o(.text)
    .text                                    0x08000392   Section        0  dmul.o(.text)
    .text                                    0x08000476   Section        0  ddiv.o(.text)
    .text                                    0x08000554   Section        0  dfixul.o(.text)
    .text                                    0x08000584   Section       48  cdrcmple.o(.text)
    .text                                    0x080005b4   Section       36  init.o(.text)
    .text                                    0x080005d8   Section        0  llshl.o(.text)
    .text                                    0x080005f6   Section        0  llsshr.o(.text)
    .text                                    0x0800061a   Section        0  depilogue.o(.text)
    i.ATK_IMD750_Init                        0x080006d4   Section        0  atk_idm750.o(i.ATK_IMD750_Init)
    i.ATK_MW8266D_Init                       0x08000888   Section        0  atk-mw8266.o(i.ATK_MW8266D_Init)
    i.BusFault_Handler                       0x08000a50   Section        0  stm32f1xx_it.o(i.BusFault_Handler)
    i.DebugMon_Handler                       0x08000a52   Section        0  stm32f1xx_it.o(i.DebugMon_Handler)
    i.ESP8266_TASK                           0x08000a54   Section        0  task.o(i.ESP8266_TASK)
    i.Error_Handler                          0x08000ab8   Section        0  main.o(i.Error_Handler)
    i.HAL_DMA_Abort                          0x08000abc   Section        0  stm32f1xx_hal_dma.o(i.HAL_DMA_Abort)
    i.HAL_DMA_Abort_IT                       0x08000b04   Section        0  stm32f1xx_hal_dma.o(i.HAL_DMA_Abort_IT)
    i.HAL_Delay                              0x08000b9c   Section        0  stm32f1xx_hal.o(i.HAL_Delay)
    i.HAL_GPIO_Init                          0x08000bc0   Section        0  stm32f1xx_hal_gpio.o(i.HAL_GPIO_Init)
    i.HAL_GPIO_ReadPin                       0x08000da0   Section        0  stm32f1xx_hal_gpio.o(i.HAL_GPIO_ReadPin)
    i.HAL_GPIO_TogglePin                     0x08000daa   Section        0  stm32f1xx_hal_gpio.o(i.HAL_GPIO_TogglePin)
    i.HAL_GPIO_WritePin                      0x08000dba   Section        0  stm32f1xx_hal_gpio.o(i.HAL_GPIO_WritePin)
    i.HAL_GetTick                            0x08000dc4   Section        0  stm32f1xx_hal.o(i.HAL_GetTick)
    i.HAL_I2C_Init                           0x08000dd0   Section        0  stm32f1xx_hal_i2c.o(i.HAL_I2C_Init)
    i.HAL_I2C_Master_Transmit                0x08000f58   Section        0  stm32f1xx_hal_i2c.o(i.HAL_I2C_Master_Transmit)
    i.HAL_I2C_MspInit                        0x08001084   Section        0  i2c.o(i.HAL_I2C_MspInit)
    i.HAL_IncTick                            0x080010e0   Section        0  stm32f1xx_hal.o(i.HAL_IncTick)
    i.HAL_Init                               0x080010f0   Section        0  stm32f1xx_hal.o(i.HAL_Init)
    i.HAL_InitTick                           0x08001114   Section        0  stm32f1xx_hal.o(i.HAL_InitTick)
    i.HAL_MspInit                            0x08001154   Section        0  stm32f1xx_hal_msp.o(i.HAL_MspInit)
    i.HAL_NVIC_EnableIRQ                     0x08001198   Section        0  stm32f1xx_hal_cortex.o(i.HAL_NVIC_EnableIRQ)
    i.HAL_NVIC_SetPriority                   0x080011b4   Section        0  stm32f1xx_hal_cortex.o(i.HAL_NVIC_SetPriority)
    i.HAL_NVIC_SetPriorityGrouping           0x080011f4   Section        0  stm32f1xx_hal_cortex.o(i.HAL_NVIC_SetPriorityGrouping)
    i.HAL_RCC_ClockConfig                    0x08001218   Section        0  stm32f1xx_hal_rcc.o(i.HAL_RCC_ClockConfig)
    i.HAL_RCC_GetPCLK1Freq                   0x08001344   Section        0  stm32f1xx_hal_rcc.o(i.HAL_RCC_GetPCLK1Freq)
    i.HAL_RCC_GetPCLK2Freq                   0x08001364   Section        0  stm32f1xx_hal_rcc.o(i.HAL_RCC_GetPCLK2Freq)
    i.HAL_RCC_GetSysClockFreq                0x08001384   Section        0  stm32f1xx_hal_rcc.o(i.HAL_RCC_GetSysClockFreq)
    i.HAL_RCC_OscConfig                      0x080013d0   Section        0  stm32f1xx_hal_rcc.o(i.HAL_RCC_OscConfig)
    i.HAL_SYSTICK_Config                     0x080016f0   Section        0  stm32f1xx_hal_cortex.o(i.HAL_SYSTICK_Config)
    i.HAL_TIMEx_BreakCallback                0x08001718   Section        0  stm32f1xx_hal_tim_ex.o(i.HAL_TIMEx_BreakCallback)
    i.HAL_TIMEx_CommutCallback               0x0800171a   Section        0  stm32f1xx_hal_tim_ex.o(i.HAL_TIMEx_CommutCallback)
    i.HAL_TIMEx_MasterConfigSynchronization  0x0800171c   Section        0  stm32f1xx_hal_tim_ex.o(i.HAL_TIMEx_MasterConfigSynchronization)
    i.HAL_TIM_Base_Init                      0x08001784   Section        0  stm32f1xx_hal_tim.o(i.HAL_TIM_Base_Init)
    i.HAL_TIM_Base_MspInit                   0x080017e0   Section        0  tim.o(i.HAL_TIM_Base_MspInit)
    i.HAL_TIM_Base_Start_IT                  0x0800181c   Section        0  stm32f1xx_hal_tim.o(i.HAL_TIM_Base_Start_IT)
    i.HAL_TIM_ConfigClockSource              0x08001874   Section        0  stm32f1xx_hal_tim.o(i.HAL_TIM_ConfigClockSource)
    i.HAL_TIM_IC_CaptureCallback             0x08001950   Section        0  stm32f1xx_hal_tim.o(i.HAL_TIM_IC_CaptureCallback)
    i.HAL_TIM_IRQHandler                     0x08001952   Section        0  stm32f1xx_hal_tim.o(i.HAL_TIM_IRQHandler)
    i.HAL_TIM_OC_DelayElapsedCallback        0x08001ab8   Section        0  stm32f1xx_hal_tim.o(i.HAL_TIM_OC_DelayElapsedCallback)
    i.HAL_TIM_PWM_PulseFinishedCallback      0x08001aba   Section        0  stm32f1xx_hal_tim.o(i.HAL_TIM_PWM_PulseFinishedCallback)
    i.HAL_TIM_PeriodElapsedCallback          0x08001abc   Section        0  stm32f1xx_hal_tim.o(i.HAL_TIM_PeriodElapsedCallback)
    i.HAL_TIM_TriggerCallback                0x08001abe   Section        0  stm32f1xx_hal_tim.o(i.HAL_TIM_TriggerCallback)
    i.HAL_UARTEx_RxEventCallback             0x08001ac0   Section        0  stm32f1xx_hal_uart.o(i.HAL_UARTEx_RxEventCallback)
    i.HAL_UART_ErrorCallback                 0x08001ac2   Section        0  stm32f1xx_hal_uart.o(i.HAL_UART_ErrorCallback)
    i.HAL_UART_IRQHandler                    0x08001ac4   Section        0  stm32f1xx_hal_uart.o(i.HAL_UART_IRQHandler)
    i.HAL_UART_Init                          0x08001d30   Section        0  stm32f1xx_hal_uart.o(i.HAL_UART_Init)
    i.HAL_UART_MspInit                       0x08001d94   Section        0  usart.o(i.HAL_UART_MspInit)
    i.HAL_UART_Receive_IT                    0x08001e70   Section        0  stm32f1xx_hal_uart.o(i.HAL_UART_Receive_IT)
    i.HAL_UART_RxCpltCallback                0x08001e8c   Section        0  main.o(i.HAL_UART_RxCpltCallback)
    i.HAL_UART_Transmit                      0x08001f3c   Section        0  stm32f1xx_hal_uart.o(i.HAL_UART_Transmit)
    i.HAL_UART_TxCpltCallback                0x08001fd6   Section        0  stm32f1xx_hal_uart.o(i.HAL_UART_TxCpltCallback)
    i.HardFault_Handler                      0x08001fd8   Section        0  stm32f1xx_it.o(i.HardFault_Handler)
    i.I2C_IsAcknowledgeFailed                0x08001fda   Section        0  stm32f1xx_hal_i2c.o(i.I2C_IsAcknowledgeFailed)
    I2C_IsAcknowledgeFailed                  0x08001fdb   Thumb Code    46  stm32f1xx_hal_i2c.o(i.I2C_IsAcknowledgeFailed)
    i.I2C_MasterRequestWrite                 0x08002008   Section        0  stm32f1xx_hal_i2c.o(i.I2C_MasterRequestWrite)
    I2C_MasterRequestWrite                   0x08002009   Thumb Code   150  stm32f1xx_hal_i2c.o(i.I2C_MasterRequestWrite)
    i.I2C_WaitOnBTFFlagUntilTimeout          0x080020a4   Section        0  stm32f1xx_hal_i2c.o(i.I2C_WaitOnBTFFlagUntilTimeout)
    I2C_WaitOnBTFFlagUntilTimeout            0x080020a5   Thumb Code    76  stm32f1xx_hal_i2c.o(i.I2C_WaitOnBTFFlagUntilTimeout)
    i.I2C_WaitOnFlagUntilTimeout             0x080020f0   Section        0  stm32f1xx_hal_i2c.o(i.I2C_WaitOnFlagUntilTimeout)
    I2C_WaitOnFlagUntilTimeout               0x080020f1   Thumb Code   104  stm32f1xx_hal_i2c.o(i.I2C_WaitOnFlagUntilTimeout)
    i.I2C_WaitOnMasterAddressFlagUntilTimeout 0x08002158   Section        0  stm32f1xx_hal_i2c.o(i.I2C_WaitOnMasterAddressFlagUntilTimeout)
    I2C_WaitOnMasterAddressFlagUntilTimeout  0x08002159   Thumb Code   150  stm32f1xx_hal_i2c.o(i.I2C_WaitOnMasterAddressFlagUntilTimeout)
    i.I2C_WaitOnTXEFlagUntilTimeout          0x080021ee   Section        0  stm32f1xx_hal_i2c.o(i.I2C_WaitOnTXEFlagUntilTimeout)
    I2C_WaitOnTXEFlagUntilTimeout            0x080021ef   Thumb Code    76  stm32f1xx_hal_i2c.o(i.I2C_WaitOnTXEFlagUntilTimeout)
    i.IMD750_TASK                            0x0800223c   Section        0  task.o(i.IMD750_TASK)
    i.MX_GPIO_Init                           0x080022a8   Section        0  gpio.o(i.MX_GPIO_Init)
    i.MX_I2C1_Init                           0x080023cc   Section        0  i2c.o(i.MX_I2C1_Init)
    i.MX_TIM3_Init                           0x0800240c   Section        0  tim.o(i.MX_TIM3_Init)
    i.MX_USART1_UART_Init                    0x08002474   Section        0  usart.o(i.MX_USART1_UART_Init)
    i.MX_USART3_UART_Init                    0x080024ac   Section        0  usart.o(i.MX_USART3_UART_Init)
    i.MemManage_Handler                      0x080024f4   Section        0  stm32f1xx_it.o(i.MemManage_Handler)
    i.NMI_Handler                            0x080024f6   Section        0  stm32f1xx_it.o(i.NMI_Handler)
    i.OLED_Clear                             0x080024f8   Section        0  oled.o(i.OLED_Clear)
    i.OLED_Init                              0x0800252c   Section        0  oled.o(i.OLED_Init)
    i.OLED_Set_Pos                           0x080025ee   Section        0  oled.o(i.OLED_Set_Pos)
    i.OLED_ShowChar                          0x08002614   Section        0  oled.o(i.OLED_ShowChar)
    i.OLED_ShowString_fun                    0x0800269c   Section        0  oled.o(i.OLED_ShowString_fun)
    i.OLED_Write_Cmd                         0x08002708   Section        0  oled.o(i.OLED_Write_Cmd)
    OLED_Write_Cmd                           0x08002709   Thumb Code    32  oled.o(i.OLED_Write_Cmd)
    i.OLED_Write_Dat                         0x0800272c   Section        0  oled.o(i.OLED_Write_Dat)
    OLED_Write_Dat                           0x0800272d   Thumb Code    32  oled.o(i.OLED_Write_Dat)
    i.PendSV_Handler                         0x08002750   Section        0  stm32f1xx_it.o(i.PendSV_Handler)
    i.SVC_Handler                            0x08002752   Section        0  stm32f1xx_it.o(i.SVC_Handler)
    i.SysTick_Handler                        0x08002754   Section        0  stm32f1xx_it.o(i.SysTick_Handler)
    i.SystemClock_Config                     0x080027a4   Section        0  main.o(i.SystemClock_Config)
    i.SystemInit                             0x08002802   Section        0  system_stm32f1xx.o(i.SystemInit)
    i.TIM3_IRQHandler                        0x08002804   Section        0  stm32f1xx_it.o(i.TIM3_IRQHandler)
    i.TIM_Base_SetConfig                     0x08002878   Section        0  stm32f1xx_hal_tim.o(i.TIM_Base_SetConfig)
    i.TIM_ETR_SetConfig                      0x080028e4   Section        0  stm32f1xx_hal_tim.o(i.TIM_ETR_SetConfig)
    i.TIM_ITRx_SetConfig                     0x080028f8   Section        0  stm32f1xx_hal_tim.o(i.TIM_ITRx_SetConfig)
    TIM_ITRx_SetConfig                       0x080028f9   Thumb Code    16  stm32f1xx_hal_tim.o(i.TIM_ITRx_SetConfig)
    i.TIM_TI1_ConfigInputStage               0x08002908   Section        0  stm32f1xx_hal_tim.o(i.TIM_TI1_ConfigInputStage)
    TIM_TI1_ConfigInputStage                 0x08002909   Thumb Code    34  stm32f1xx_hal_tim.o(i.TIM_TI1_ConfigInputStage)
    i.TIM_TI2_ConfigInputStage               0x0800292a   Section        0  stm32f1xx_hal_tim.o(i.TIM_TI2_ConfigInputStage)
    TIM_TI2_ConfigInputStage                 0x0800292b   Thumb Code    36  stm32f1xx_hal_tim.o(i.TIM_TI2_ConfigInputStage)
    i.UART_DMAAbortOnError                   0x0800294e   Section        0  stm32f1xx_hal_uart.o(i.UART_DMAAbortOnError)
    UART_DMAAbortOnError                     0x0800294f   Thumb Code    16  stm32f1xx_hal_uart.o(i.UART_DMAAbortOnError)
    i.UART_EndRxTransfer                     0x0800295e   Section        0  stm32f1xx_hal_uart.o(i.UART_EndRxTransfer)
    UART_EndRxTransfer                       0x0800295f   Thumb Code    78  stm32f1xx_hal_uart.o(i.UART_EndRxTransfer)
    i.UART_Receive_IT                        0x080029ac   Section        0  stm32f1xx_hal_uart.o(i.UART_Receive_IT)
    UART_Receive_IT                          0x080029ad   Thumb Code   194  stm32f1xx_hal_uart.o(i.UART_Receive_IT)
    i.UART_SetConfig                         0x08002a70   Section        0  stm32f1xx_hal_uart.o(i.UART_SetConfig)
    UART_SetConfig                           0x08002a71   Thumb Code   178  stm32f1xx_hal_uart.o(i.UART_SetConfig)
    i.UART_Start_Receive_IT                  0x08002b28   Section        0  stm32f1xx_hal_uart.o(i.UART_Start_Receive_IT)
    i.UART_WaitOnFlagUntilTimeout            0x08002b5e   Section        0  stm32f1xx_hal_uart.o(i.UART_WaitOnFlagUntilTimeout)
    UART_WaitOnFlagUntilTimeout              0x08002b5f   Thumb Code   120  stm32f1xx_hal_uart.o(i.UART_WaitOnFlagUntilTimeout)
    i.USART1_IRQHandler                      0x08002bd8   Section        0  stm32f1xx_it.o(i.USART1_IRQHandler)
    i.USART3_IRQHandler                      0x08002bf8   Section        0  stm32f1xx_it.o(i.USART3_IRQHandler)
    i.UsageFault_Handler                     0x08002c20   Section        0  stm32f1xx_it.o(i.UsageFault_Handler)
    i.YuanZiYun                              0x08002c24   Section        0  task.o(i.YuanZiYun)
    i.__0printf                              0x08002c44   Section        0  printfa.o(i.__0printf)
    i.__0sprintf                             0x08002c64   Section        0  printfa.o(i.__0sprintf)
    i.__0vsprintf                            0x08002c8c   Section        0  printfa.o(i.__0vsprintf)
    i.__NVIC_SetPriority                     0x08002cb0   Section        0  stm32f1xx_hal_cortex.o(i.__NVIC_SetPriority)
    __NVIC_SetPriority                       0x08002cb1   Thumb Code    32  stm32f1xx_hal_cortex.o(i.__NVIC_SetPriority)
    i.__scatterload_copy                     0x08002cd0   Section       14  handlers.o(i.__scatterload_copy)
    i.__scatterload_null                     0x08002cde   Section        2  handlers.o(i.__scatterload_null)
    i.__scatterload_zeroinit                 0x08002ce0   Section       14  handlers.o(i.__scatterload_zeroinit)
    i._fp_digits                             0x08002cf0   Section        0  printfa.o(i._fp_digits)
    _fp_digits                               0x08002cf1   Thumb Code   366  printfa.o(i._fp_digits)
    i._printf_core                           0x08002e74   Section        0  printfa.o(i._printf_core)
    _printf_core                             0x08002e75   Thumb Code  1744  printfa.o(i._printf_core)
    i._printf_post_padding                   0x08003550   Section        0  printfa.o(i._printf_post_padding)
    _printf_post_padding                     0x08003551   Thumb Code    36  printfa.o(i._printf_post_padding)
    i._printf_pre_padding                    0x08003574   Section        0  printfa.o(i._printf_pre_padding)
    _printf_pre_padding                      0x08003575   Thumb Code    46  printfa.o(i._printf_pre_padding)
    i._sputc                                 0x080035a2   Section        0  printfa.o(i._sputc)
    _sputc                                   0x080035a3   Thumb Code    10  printfa.o(i._sputc)
    i.atk_idm750c_at_test                    0x080035ac   Section        0  atk_idm750.o(i.atk_idm750c_at_test)
    i.atk_idm750c_device_num                 0x080035d8   Section        0  atk_idm750.o(i.atk_idm750c_device_num)
    i.atk_idm750c_device_password            0x08003610   Section        0  atk_idm750.o(i.atk_idm750c_device_password)
    i.atk_idm750c_dtu_enter_configmode       0x08003648   Section        0  atk_idm750.o(i.atk_idm750c_dtu_enter_configmode)
    i.atk_idm750c_enter_transfermode         0x0800368c   Section        0  atk_idm750.o(i.atk_idm750c_enter_transfermode)
    i.atk_idm750c_heartbeat_package          0x080036ac   Section        0  atk_idm750.o(i.atk_idm750c_heartbeat_package)
    i.atk_idm750c_heartbeat_package_data     0x080036fc   Section        0  atk_idm750.o(i.atk_idm750c_heartbeat_package_data)
    i.atk_idm750c_heartbeat_package_interval 0x0800374c   Section        0  atk_idm750.o(i.atk_idm750c_heartbeat_package_interval)
    i.atk_idm750c_link1                      0x08003788   Section        0  atk_idm750.o(i.atk_idm750c_link1)
    i.atk_idm750c_link1_timeout              0x080037fc   Section        0  atk_idm750.o(i.atk_idm750c_link1_timeout)
    i.atk_idm750c_link1en                    0x08003834   Section        0  atk_idm750.o(i.atk_idm750c_link1en)
    i.atk_idm750c_link1md                    0x08003884   Section        0  atk_idm750.o(i.atk_idm750c_link1md)
    i.atk_idm750c_link2en                    0x080038dc   Section        0  atk_idm750.o(i.atk_idm750c_link2en)
    i.atk_idm750c_link3en                    0x0800392c   Section        0  atk_idm750.o(i.atk_idm750c_link3en)
    i.atk_idm750c_link4en                    0x0800397c   Section        0  atk_idm750.o(i.atk_idm750c_link4en)
    i.atk_idm750c_query_workmode             0x080039cc   Section        0  atk_idm750.o(i.atk_idm750c_query_workmode)
    i.atk_idm750c_registration_package       0x08003a9c   Section        0  atk_idm750.o(i.atk_idm750c_registration_package)
    i.atk_idm750c_registration_package_data  0x08003aec   Section        0  atk_idm750.o(i.atk_idm750c_registration_package_data)
    i.atk_idm750c_registration_package_data_type 0x08003b3c   Section        0  atk_idm750.o(i.atk_idm750c_registration_package_data_type)
    i.atk_idm750c_registration_package_send_method 0x08003b74   Section        0  atk_idm750.o(i.atk_idm750c_registration_package_send_method)
    i.atk_idm750c_send_cmd_to_dtu            0x08003bac   Section        0  atk_idm750.o(i.atk_idm750c_send_cmd_to_dtu)
    i.atk_idm750c_set_yuanziyun              0x08003bf8   Section        0  atk_idm750.o(i.atk_idm750c_set_yuanziyun)
    i.atk_mw8266d_at_test                    0x08003c48   Section        0  atk-mw8266.o(i.atk_mw8266d_at_test)
    i.atk_mw8266d_ate_config                 0x08003c74   Section        0  atk-mw8266.o(i.atk_mw8266d_ate_config)
    i.atk_mw8266d_connect_atkcld             0x08003cb0   Section        0  atk-mw8266.o(i.atk_mw8266d_connect_atkcld)
    i.atk_mw8266d_get_ip                     0x08003d10   Section        0  atk-mw8266.o(i.atk_mw8266d_get_ip)
    i.atk_mw8266d_join_ap                    0x08003d64   Section        0  atk-mw8266.o(i.atk_mw8266d_join_ap)
    i.atk_mw8266d_reset                      0x08003dac   Section        0  atk-mw8266.o(i.atk_mw8266d_reset)
    i.atk_mw8266d_send_at_cmd                0x08003ddc   Section        0  atk-mw8266.o(i.atk_mw8266d_send_at_cmd)
    i.atk_mw8266d_set_mode                   0x08003e24   Section        0  atk-mw8266.o(i.atk_mw8266d_set_mode)
    i.atk_mw8266d_sw_reset                   0x08003e80   Section        0  atk-mw8266.o(i.atk_mw8266d_sw_reset)
    i.fputc                                  0x08003ea4   Section        0  usart.o(i.fputc)
    i.main                                   0x08003ebc   Section        0  main.o(i.main)
    i.open_lock                              0x08003f98   Section        0  task.o(i.open_lock)
    i.usart3_close_flag                      0x080041d8   Section        0  usart.o(i.usart3_close_flag)
    i.usart3_printf                          0x080041e8   Section        0  usart.o(i.usart3_printf)
    i.usart3_uart_dat                        0x08004218   Section        0  usart.o(i.usart3_uart_dat)
    .constdata                               0x08004238   Section      552  oled_zk.o(.constdata)
    .constdata                               0x08004460   Section     1520  oled_zk.o(.constdata)
    .constdata                               0x08004a50   Section       18  stm32f1xx_hal_rcc.o(.constdata)
    aPredivFactorTable                       0x08004a50   Data           2  stm32f1xx_hal_rcc.o(.constdata)
    aPLLMULFactorTable                       0x08004a52   Data          16  stm32f1xx_hal_rcc.o(.constdata)
    .constdata                               0x08004a62   Section       16  system_stm32f1xx.o(.constdata)
    .constdata                               0x08004a72   Section        8  system_stm32f1xx.o(.constdata)
    .data                                    0x20000000   Section        2  main.o(.data)
    .data                                    0x20000002   Section        2  main.o(.data)
    .data                                    0x20000004   Section        1  main.o(.data)
    .data                                    0x20000005   Section        1  main.o(.data)
    .data                                    0x20000006   Section        1  main.o(.data)
    .data                                    0x20000007   Section        1  main.o(.data)
    .data                                    0x20000008   Section        2  main.o(.data)
    .data                                    0x2000000a   Section        1  main.o(.data)
    .data                                    0x2000000c   Section        6  usart.o(.data)
    .data                                    0x20000012   Section        1  usart.o(.data)
    .data                                    0x20000013   Section        1  usart.o(.data)
    .data                                    0x20000014   Section        4  usart.o(.data)
    .data                                    0x20000018   Section        4  oled.o(.data)
    .data                                    0x2000001c   Section        8  task.o(.data)
    run_flag                                 0x2000001c   Data           1  task.o(.data)
    flag                                     0x2000001d   Data           1  task.o(.data)
    buf                                      0x20000020   Data           4  task.o(.data)
    .data                                    0x20000024   Section       12  stm32f1xx_hal.o(.data)
    .data                                    0x20000030   Section        4  system_stm32f1xx.o(.data)
    .bss                                     0x20000034   Section       84  i2c.o(.bss)
    .bss                                     0x20000088   Section       72  tim.o(.bss)
    .bss                                     0x200000d0   Section     1880  usart.o(.bss)
    .bss                                     0x20000828   Section       64  task.o(.bss)
    oled_buf                                 0x20000828   Data          64  task.o(.bss)
    STACK                                    0x20000868   Section     1024  startup_stm32f103xb.o(STACK)

    Global Symbols

    Symbol Name                              Value     Ov Type        Size  Object(Section)

    BuildAttributes$$THM_ISAv4$P$D$K$B$S$PE$A:L22UL41UL21$X:L11$S22US41US21$IEEE1$IW$USESV6$~STKCKD$USESV7$~SHL$OSPACE$ROPI$EBA8$MICROLIB$REQ8$PRES8$EABIv2 0x00000000   Number         0  anon$$obj.o ABSOLUTE
    __ARM_use_no_argv                        0x00000000   Number         0  main.o ABSOLUTE
    __use_no_errno                           0x00000000   Number         0  useno.o ABSOLUTE
    __use_no_exception_handling              0x00000000   Number         0  useno.o ABSOLUTE
    __use_no_fp                              0x00000000   Number         0  useno.o ABSOLUTE
    __use_no_heap                            0x00000000   Number         0  useno.o ABSOLUTE
    __use_no_heap_region                     0x00000000   Number         0  useno.o ABSOLUTE
    __use_no_semihosting                     0x00000000   Number         0  useno.o ABSOLUTE
    __use_no_semihosting_swi                 0x00000000   Number         0  useno.o ABSOLUTE
    __use_no_signal_handling                 0x00000000   Number         0  useno.o ABSOLUTE
    _printf_a                                0x00000000   Number         0  stubs.o ABSOLUTE
    _printf_c                                0x00000000   Number         0  stubs.o ABSOLUTE
    _printf_charcount                        0x00000000   Number         0  stubs.o ABSOLUTE
    _printf_d                                0x00000000   Number         0  stubs.o ABSOLUTE
    _printf_e                                0x00000000   Number         0  stubs.o ABSOLUTE
    _printf_f                                0x00000000   Number         0  stubs.o ABSOLUTE
    _printf_flags                            0x00000000   Number         0  stubs.o ABSOLUTE
    _printf_fp_dec                           0x00000000   Number         0  stubs.o ABSOLUTE
    _printf_fp_hex                           0x00000000   Number         0  stubs.o ABSOLUTE
    _printf_g                                0x00000000   Number         0  stubs.o ABSOLUTE
    _printf_i                                0x00000000   Number         0  stubs.o ABSOLUTE
    _printf_int_dec                          0x00000000   Number         0  stubs.o ABSOLUTE
    _printf_l                                0x00000000   Number         0  stubs.o ABSOLUTE
    _printf_lc                               0x00000000   Number         0  stubs.o ABSOLUTE
    _printf_ll                               0x00000000   Number         0  stubs.o ABSOLUTE
    _printf_lld                              0x00000000   Number         0  stubs.o ABSOLUTE
    _printf_lli                              0x00000000   Number         0  stubs.o ABSOLUTE
    _printf_llo                              0x00000000   Number         0  stubs.o ABSOLUTE
    _printf_llu                              0x00000000   Number         0  stubs.o ABSOLUTE
    _printf_llx                              0x00000000   Number         0  stubs.o ABSOLUTE
    _printf_longlong_dec                     0x00000000   Number         0  stubs.o ABSOLUTE
    _printf_longlong_hex                     0x00000000   Number         0  stubs.o ABSOLUTE
    _printf_longlong_oct                     0x00000000   Number         0  stubs.o ABSOLUTE
    _printf_ls                               0x00000000   Number         0  stubs.o ABSOLUTE
    _printf_mbtowc                           0x00000000   Number         0  stubs.o ABSOLUTE
    _printf_n                                0x00000000   Number         0  stubs.o ABSOLUTE
    _printf_o                                0x00000000   Number         0  stubs.o ABSOLUTE
    _printf_p                                0x00000000   Number         0  stubs.o ABSOLUTE
    _printf_percent                          0x00000000   Number         0  stubs.o ABSOLUTE
    _printf_pre_padding                      0x00000000   Number         0  stubs.o ABSOLUTE
    _printf_return_value                     0x00000000   Number         0  stubs.o ABSOLUTE
    _printf_s                                0x00000000   Number         0  stubs.o ABSOLUTE
    _printf_sizespec                         0x00000000   Number         0  stubs.o ABSOLUTE
    _printf_str                              0x00000000   Number         0  stubs.o ABSOLUTE
    _printf_truncate_signed                  0x00000000   Number         0  stubs.o ABSOLUTE
    _printf_truncate_unsigned                0x00000000   Number         0  stubs.o ABSOLUTE
    _printf_u                                0x00000000   Number         0  stubs.o ABSOLUTE
    _printf_wc                               0x00000000   Number         0  stubs.o ABSOLUTE
    _printf_wctomb                           0x00000000   Number         0  stubs.o ABSOLUTE
    _printf_widthprec                        0x00000000   Number         0  stubs.o ABSOLUTE
    _printf_x                                0x00000000   Number         0  stubs.o ABSOLUTE
    __cpp_initialize__aeabi_                  - Undefined Weak Reference
    __cxa_finalize                            - Undefined Weak Reference
    __decompress                              - Undefined Weak Reference
    _clock_init                               - Undefined Weak Reference
    _microlib_exit                            - Undefined Weak Reference
    __Vectors_Size                           0x000000ec   Number         0  startup_stm32f103xb.o ABSOLUTE
    __Vectors                                0x08000000   Data           4  startup_stm32f103xb.o(RESET)
    __Vectors_End                            0x080000ec   Data           0  startup_stm32f103xb.o(RESET)
    __main                                   0x080000ed   Thumb Code     0  entry.o(.ARM.Collect$$$$00000000)
    _main_stk                                0x080000ed   Thumb Code     0  entry2.o(.ARM.Collect$$$$00000001)
    _main_scatterload                        0x080000f1   Thumb Code     0  entry5.o(.ARM.Collect$$$$00000004)
    __main_after_scatterload                 0x080000f5   Thumb Code     0  entry5.o(.ARM.Collect$$$$00000004)
    _main_clock                              0x080000f5   Thumb Code     0  entry7b.o(.ARM.Collect$$$$00000008)
    _main_cpp_init                           0x080000f5   Thumb Code     0  entry8b.o(.ARM.Collect$$$$0000000A)
    _main_init                               0x080000f5   Thumb Code     0  entry9a.o(.ARM.Collect$$$$0000000B)
    __rt_final_cpp                           0x080000fd   Thumb Code     0  entry10a.o(.ARM.Collect$$$$0000000D)
    __rt_final_exit                          0x080000fd   Thumb Code     0  entry11a.o(.ARM.Collect$$$$0000000F)
    Reset_Handler                            0x08000101   Thumb Code     8  startup_stm32f103xb.o(.text)
    ADC1_2_IRQHandler                        0x0800011b   Thumb Code     0  startup_stm32f103xb.o(.text)
    CAN1_RX1_IRQHandler                      0x0800011b   Thumb Code     0  startup_stm32f103xb.o(.text)
    CAN1_SCE_IRQHandler                      0x0800011b   Thumb Code     0  startup_stm32f103xb.o(.text)
    DMA1_Channel1_IRQHandler                 0x0800011b   Thumb Code     0  startup_stm32f103xb.o(.text)
    DMA1_Channel2_IRQHandler                 0x0800011b   Thumb Code     0  startup_stm32f103xb.o(.text)
    DMA1_Channel3_IRQHandler                 0x0800011b   Thumb Code     0  startup_stm32f103xb.o(.text)
    DMA1_Channel4_IRQHandler                 0x0800011b   Thumb Code     0  startup_stm32f103xb.o(.text)
    DMA1_Channel5_IRQHandler                 0x0800011b   Thumb Code     0  startup_stm32f103xb.o(.text)
    DMA1_Channel6_IRQHandler                 0x0800011b   Thumb Code     0  startup_stm32f103xb.o(.text)
    DMA1_Channel7_IRQHandler                 0x0800011b   Thumb Code     0  startup_stm32f103xb.o(.text)
    EXTI0_IRQHandler                         0x0800011b   Thumb Code     0  startup_stm32f103xb.o(.text)
    EXTI15_10_IRQHandler                     0x0800011b   Thumb Code     0  startup_stm32f103xb.o(.text)
    EXTI1_IRQHandler                         0x0800011b   Thumb Code     0  startup_stm32f103xb.o(.text)
    EXTI2_IRQHandler                         0x0800011b   Thumb Code     0  startup_stm32f103xb.o(.text)
    EXTI3_IRQHandler                         0x0800011b   Thumb Code     0  startup_stm32f103xb.o(.text)
    EXTI4_IRQHandler                         0x0800011b   Thumb Code     0  startup_stm32f103xb.o(.text)
    EXTI9_5_IRQHandler                       0x0800011b   Thumb Code     0  startup_stm32f103xb.o(.text)
    FLASH_IRQHandler                         0x0800011b   Thumb Code     0  startup_stm32f103xb.o(.text)
    I2C1_ER_IRQHandler                       0x0800011b   Thumb Code     0  startup_stm32f103xb.o(.text)
    I2C1_EV_IRQHandler                       0x0800011b   Thumb Code     0  startup_stm32f103xb.o(.text)
    I2C2_ER_IRQHandler                       0x0800011b   Thumb Code     0  startup_stm32f103xb.o(.text)
    I2C2_EV_IRQHandler                       0x0800011b   Thumb Code     0  startup_stm32f103xb.o(.text)
    PVD_IRQHandler                           0x0800011b   Thumb Code     0  startup_stm32f103xb.o(.text)
    RCC_IRQHandler                           0x0800011b   Thumb Code     0  startup_stm32f103xb.o(.text)
    RTC_Alarm_IRQHandler                     0x0800011b   Thumb Code     0  startup_stm32f103xb.o(.text)
    RTC_IRQHandler                           0x0800011b   Thumb Code     0  startup_stm32f103xb.o(.text)
    SPI1_IRQHandler                          0x0800011b   Thumb Code     0  startup_stm32f103xb.o(.text)
    SPI2_IRQHandler                          0x0800011b   Thumb Code     0  startup_stm32f103xb.o(.text)
    TAMPER_IRQHandler                        0x0800011b   Thumb Code     0  startup_stm32f103xb.o(.text)
    TIM1_BRK_IRQHandler                      0x0800011b   Thumb Code     0  startup_stm32f103xb.o(.text)
    TIM1_CC_IRQHandler                       0x0800011b   Thumb Code     0  startup_stm32f103xb.o(.text)
    TIM1_TRG_COM_IRQHandler                  0x0800011b   Thumb Code     0  startup_stm32f103xb.o(.text)
    TIM1_UP_IRQHandler                       0x0800011b   Thumb Code     0  startup_stm32f103xb.o(.text)
    TIM2_IRQHandler                          0x0800011b   Thumb Code     0  startup_stm32f103xb.o(.text)
    TIM4_IRQHandler                          0x0800011b   Thumb Code     0  startup_stm32f103xb.o(.text)
    USART2_IRQHandler                        0x0800011b   Thumb Code     0  startup_stm32f103xb.o(.text)
    USBWakeUp_IRQHandler                     0x0800011b   Thumb Code     0  startup_stm32f103xb.o(.text)
    USB_HP_CAN1_TX_IRQHandler                0x0800011b   Thumb Code     0  startup_stm32f103xb.o(.text)
    USB_LP_CAN1_RX0_IRQHandler               0x0800011b   Thumb Code     0  startup_stm32f103xb.o(.text)
    WWDG_IRQHandler                          0x0800011b   Thumb Code     0  startup_stm32f103xb.o(.text)
    __aeabi_llsr                             0x08000125   Thumb Code    32  llushr.o(.text)
    _ll_ushift_r                             0x08000125   Thumb Code     0  llushr.o(.text)
    __aeabi_memset                           0x08000145   Thumb Code    14  memseta.o(.text)
    __aeabi_memset4                          0x08000145   Thumb Code     0  memseta.o(.text)
    __aeabi_memset8                          0x08000145   Thumb Code     0  memseta.o(.text)
    __aeabi_memclr                           0x08000153   Thumb Code     4  memseta.o(.text)
    __aeabi_memclr4                          0x08000153   Thumb Code     0  memseta.o(.text)
    __aeabi_memclr8                          0x08000153   Thumb Code     0  memseta.o(.text)
    _memset$wrapper                          0x08000157   Thumb Code    18  memseta.o(.text)
    strstr                                   0x08000169   Thumb Code    36  strstr.o(.text)
    strlen                                   0x0800018d   Thumb Code    14  strlen.o(.text)
    strcmp                                   0x0800019b   Thumb Code    28  strcmp.o(.text)
    __aeabi_uidiv                            0x080001b7   Thumb Code     0  uidiv.o(.text)
    __aeabi_uidivmod                         0x080001b7   Thumb Code    44  uidiv.o(.text)
    __aeabi_uldivmod                         0x080001e3   Thumb Code    98  uldiv.o(.text)
    __I$use$fp                               0x08000245   Thumb Code     0  iusefp.o(.text)
    __aeabi_dadd                             0x08000245   Thumb Code   322  dadd.o(.text)
    __aeabi_dsub                             0x08000387   Thumb Code     6  dadd.o(.text)
    __aeabi_drsub                            0x0800038d   Thumb Code     6  dadd.o(.text)
    __aeabi_dmul                             0x08000393   Thumb Code   228  dmul.o(.text)
    __aeabi_ddiv                             0x08000477   Thumb Code   222  ddiv.o(.text)
    __aeabi_d2ulz                            0x08000555   Thumb Code    48  dfixul.o(.text)
    __aeabi_cdrcmple                         0x08000585   Thumb Code    48  cdrcmple.o(.text)
    __scatterload                            0x080005b5   Thumb Code    28  init.o(.text)
    __scatterload_rt2                        0x080005b5   Thumb Code     0  init.o(.text)
    __aeabi_llsl                             0x080005d9   Thumb Code    30  llshl.o(.text)
    _ll_shift_l                              0x080005d9   Thumb Code     0  llshl.o(.text)
    __aeabi_lasr                             0x080005f7   Thumb Code    36  llsshr.o(.text)
    _ll_sshift_r                             0x080005f7   Thumb Code     0  llsshr.o(.text)
    _double_round                            0x0800061b   Thumb Code    30  depilogue.o(.text)
    _double_epilogue                         0x08000639   Thumb Code   156  depilogue.o(.text)
    ATK_IMD750_Init                          0x080006d5   Thumb Code   218  atk_idm750.o(i.ATK_IMD750_Init)
    ATK_MW8266D_Init                         0x08000889   Thumb Code   146  atk-mw8266.o(i.ATK_MW8266D_Init)
    BusFault_Handler                         0x08000a51   Thumb Code     2  stm32f1xx_it.o(i.BusFault_Handler)
    DebugMon_Handler                         0x08000a53   Thumb Code     2  stm32f1xx_it.o(i.DebugMon_Handler)
    ESP8266_TASK                             0x08000a55   Thumb Code    70  task.o(i.ESP8266_TASK)
    Error_Handler                            0x08000ab9   Thumb Code     4  main.o(i.Error_Handler)
    HAL_DMA_Abort                            0x08000abd   Thumb Code    70  stm32f1xx_hal_dma.o(i.HAL_DMA_Abort)
    HAL_DMA_Abort_IT                         0x08000b05   Thumb Code   148  stm32f1xx_hal_dma.o(i.HAL_DMA_Abort_IT)
    HAL_Delay                                0x08000b9d   Thumb Code    32  stm32f1xx_hal.o(i.HAL_Delay)
    HAL_GPIO_Init                            0x08000bc1   Thumb Code   446  stm32f1xx_hal_gpio.o(i.HAL_GPIO_Init)
    HAL_GPIO_ReadPin                         0x08000da1   Thumb Code    10  stm32f1xx_hal_gpio.o(i.HAL_GPIO_ReadPin)
    HAL_GPIO_TogglePin                       0x08000dab   Thumb Code    16  stm32f1xx_hal_gpio.o(i.HAL_GPIO_TogglePin)
    HAL_GPIO_WritePin                        0x08000dbb   Thumb Code    10  stm32f1xx_hal_gpio.o(i.HAL_GPIO_WritePin)
    HAL_GetTick                              0x08000dc5   Thumb Code     6  stm32f1xx_hal.o(i.HAL_GetTick)
    HAL_I2C_Init                             0x08000dd1   Thumb Code   376  stm32f1xx_hal_i2c.o(i.HAL_I2C_Init)
    HAL_I2C_Master_Transmit                  0x08000f59   Thumb Code   290  stm32f1xx_hal_i2c.o(i.HAL_I2C_Master_Transmit)
    HAL_I2C_MspInit                          0x08001085   Thumb Code    80  i2c.o(i.HAL_I2C_MspInit)
    HAL_IncTick                              0x080010e1   Thumb Code    12  stm32f1xx_hal.o(i.HAL_IncTick)
    HAL_Init                                 0x080010f1   Thumb Code    32  stm32f1xx_hal.o(i.HAL_Init)
    HAL_InitTick                             0x08001115   Thumb Code    54  stm32f1xx_hal.o(i.HAL_InitTick)
    HAL_MspInit                              0x08001155   Thumb Code    58  stm32f1xx_hal_msp.o(i.HAL_MspInit)
    HAL_NVIC_EnableIRQ                       0x08001199   Thumb Code    26  stm32f1xx_hal_cortex.o(i.HAL_NVIC_EnableIRQ)
    HAL_NVIC_SetPriority                     0x080011b5   Thumb Code    60  stm32f1xx_hal_cortex.o(i.HAL_NVIC_SetPriority)
    HAL_NVIC_SetPriorityGrouping             0x080011f5   Thumb Code    26  stm32f1xx_hal_cortex.o(i.HAL_NVIC_SetPriorityGrouping)
    HAL_RCC_ClockConfig                      0x08001219   Thumb Code   280  stm32f1xx_hal_rcc.o(i.HAL_RCC_ClockConfig)
    HAL_RCC_GetPCLK1Freq                     0x08001345   Thumb Code    20  stm32f1xx_hal_rcc.o(i.HAL_RCC_GetPCLK1Freq)
    HAL_RCC_GetPCLK2Freq                     0x08001365   Thumb Code    20  stm32f1xx_hal_rcc.o(i.HAL_RCC_GetPCLK2Freq)
    HAL_RCC_GetSysClockFreq                  0x08001385   Thumb Code    58  stm32f1xx_hal_rcc.o(i.HAL_RCC_GetSysClockFreq)
    HAL_RCC_OscConfig                        0x080013d1   Thumb Code   778  stm32f1xx_hal_rcc.o(i.HAL_RCC_OscConfig)
    HAL_SYSTICK_Config                       0x080016f1   Thumb Code    40  stm32f1xx_hal_cortex.o(i.HAL_SYSTICK_Config)
    HAL_TIMEx_BreakCallback                  0x08001719   Thumb Code     2  stm32f1xx_hal_tim_ex.o(i.HAL_TIMEx_BreakCallback)
    HAL_TIMEx_CommutCallback                 0x0800171b   Thumb Code     2  stm32f1xx_hal_tim_ex.o(i.HAL_TIMEx_CommutCallback)
    HAL_TIMEx_MasterConfigSynchronization    0x0800171d   Thumb Code    92  stm32f1xx_hal_tim_ex.o(i.HAL_TIMEx_MasterConfigSynchronization)
    HAL_TIM_Base_Init                        0x08001785   Thumb Code    90  stm32f1xx_hal_tim.o(i.HAL_TIM_Base_Init)
    HAL_TIM_Base_MspInit                     0x080017e1   Thumb Code    50  tim.o(i.HAL_TIM_Base_MspInit)
    HAL_TIM_Base_Start_IT                    0x0800181d   Thumb Code    76  stm32f1xx_hal_tim.o(i.HAL_TIM_Base_Start_IT)
    HAL_TIM_ConfigClockSource                0x08001875   Thumb Code   220  stm32f1xx_hal_tim.o(i.HAL_TIM_ConfigClockSource)
    HAL_TIM_IC_CaptureCallback               0x08001951   Thumb Code     2  stm32f1xx_hal_tim.o(i.HAL_TIM_IC_CaptureCallback)
    HAL_TIM_IRQHandler                       0x08001953   Thumb Code   358  stm32f1xx_hal_tim.o(i.HAL_TIM_IRQHandler)
    HAL_TIM_OC_DelayElapsedCallback          0x08001ab9   Thumb Code     2  stm32f1xx_hal_tim.o(i.HAL_TIM_OC_DelayElapsedCallback)
    HAL_TIM_PWM_PulseFinishedCallback        0x08001abb   Thumb Code     2  stm32f1xx_hal_tim.o(i.HAL_TIM_PWM_PulseFinishedCallback)
    HAL_TIM_PeriodElapsedCallback            0x08001abd   Thumb Code     2  stm32f1xx_hal_tim.o(i.HAL_TIM_PeriodElapsedCallback)
    HAL_TIM_TriggerCallback                  0x08001abf   Thumb Code     2  stm32f1xx_hal_tim.o(i.HAL_TIM_TriggerCallback)
    HAL_UARTEx_RxEventCallback               0x08001ac1   Thumb Code     2  stm32f1xx_hal_uart.o(i.HAL_UARTEx_RxEventCallback)
    HAL_UART_ErrorCallback                   0x08001ac3   Thumb Code     2  stm32f1xx_hal_uart.o(i.HAL_UART_ErrorCallback)
    HAL_UART_IRQHandler                      0x08001ac5   Thumb Code   616  stm32f1xx_hal_uart.o(i.HAL_UART_IRQHandler)
    HAL_UART_Init                            0x08001d31   Thumb Code   100  stm32f1xx_hal_uart.o(i.HAL_UART_Init)
    HAL_UART_MspInit                         0x08001d95   Thumb Code   200  usart.o(i.HAL_UART_MspInit)
    HAL_UART_Receive_IT                      0x08001e71   Thumb Code    28  stm32f1xx_hal_uart.o(i.HAL_UART_Receive_IT)
    HAL_UART_RxCpltCallback                  0x08001e8d   Thumb Code   136  main.o(i.HAL_UART_RxCpltCallback)
    HAL_UART_Transmit                        0x08001f3d   Thumb Code   154  stm32f1xx_hal_uart.o(i.HAL_UART_Transmit)
    HAL_UART_TxCpltCallback                  0x08001fd7   Thumb Code     2  stm32f1xx_hal_uart.o(i.HAL_UART_TxCpltCallback)
    HardFault_Handler                        0x08001fd9   Thumb Code     2  stm32f1xx_it.o(i.HardFault_Handler)
    IMD750_TASK                              0x0800223d   Thumb Code    78  task.o(i.IMD750_TASK)
    MX_GPIO_Init                             0x080022a9   Thumb Code   276  gpio.o(i.MX_GPIO_Init)
    MX_I2C1_Init                             0x080023cd   Thumb Code    50  i2c.o(i.MX_I2C1_Init)
    MX_TIM3_Init                             0x0800240d   Thumb Code    94  tim.o(i.MX_TIM3_Init)
    MX_USART1_UART_Init                      0x08002475   Thumb Code    48  usart.o(i.MX_USART1_UART_Init)
    MX_USART3_UART_Init                      0x080024ad   Thumb Code    64  usart.o(i.MX_USART3_UART_Init)
    MemManage_Handler                        0x080024f5   Thumb Code     2  stm32f1xx_it.o(i.MemManage_Handler)
    NMI_Handler                              0x080024f7   Thumb Code     2  stm32f1xx_it.o(i.NMI_Handler)
    OLED_Clear                               0x080024f9   Thumb Code    52  oled.o(i.OLED_Clear)
    OLED_Init                                0x0800252d   Thumb Code   194  oled.o(i.OLED_Init)
    OLED_Set_Pos                             0x080025ef   Thumb Code    38  oled.o(i.OLED_Set_Pos)
    OLED_ShowChar                            0x08002615   Thumb Code   126  oled.o(i.OLED_ShowChar)
    OLED_ShowString_fun                      0x0800269d   Thumb Code   102  oled.o(i.OLED_ShowString_fun)
    PendSV_Handler                           0x08002751   Thumb Code     2  stm32f1xx_it.o(i.PendSV_Handler)
    SVC_Handler                              0x08002753   Thumb Code     2  stm32f1xx_it.o(i.SVC_Handler)
    SysTick_Handler                          0x08002755   Thumb Code    62  stm32f1xx_it.o(i.SysTick_Handler)
    SystemClock_Config                       0x080027a5   Thumb Code    94  main.o(i.SystemClock_Config)
    SystemInit                               0x08002803   Thumb Code     2  system_stm32f1xx.o(i.SystemInit)
    TIM3_IRQHandler                          0x08002805   Thumb Code    92  stm32f1xx_it.o(i.TIM3_IRQHandler)
    TIM_Base_SetConfig                       0x08002879   Thumb Code    94  stm32f1xx_hal_tim.o(i.TIM_Base_SetConfig)
    TIM_ETR_SetConfig                        0x080028e5   Thumb Code    20  stm32f1xx_hal_tim.o(i.TIM_ETR_SetConfig)
    UART_Start_Receive_IT                    0x08002b29   Thumb Code    54  stm32f1xx_hal_uart.o(i.UART_Start_Receive_IT)
    USART1_IRQHandler                        0x08002bd9   Thumb Code    26  stm32f1xx_it.o(i.USART1_IRQHandler)
    USART3_IRQHandler                        0x08002bf9   Thumb Code    32  stm32f1xx_it.o(i.USART3_IRQHandler)
    UsageFault_Handler                       0x08002c21   Thumb Code     2  stm32f1xx_it.o(i.UsageFault_Handler)
    YuanZiYun                                0x08002c25   Thumb Code    26  task.o(i.YuanZiYun)
    __0printf                                0x08002c45   Thumb Code    22  printfa.o(i.__0printf)
    __1printf                                0x08002c45   Thumb Code     0  printfa.o(i.__0printf)
    __2printf                                0x08002c45   Thumb Code     0  printfa.o(i.__0printf)
    __c89printf                              0x08002c45   Thumb Code     0  printfa.o(i.__0printf)
    printf                                   0x08002c45   Thumb Code     0  printfa.o(i.__0printf)
    __0sprintf                               0x08002c65   Thumb Code    34  printfa.o(i.__0sprintf)
    __1sprintf                               0x08002c65   Thumb Code     0  printfa.o(i.__0sprintf)
    __2sprintf                               0x08002c65   Thumb Code     0  printfa.o(i.__0sprintf)
    __c89sprintf                             0x08002c65   Thumb Code     0  printfa.o(i.__0sprintf)
    sprintf                                  0x08002c65   Thumb Code     0  printfa.o(i.__0sprintf)
    __0vsprintf                              0x08002c8d   Thumb Code    30  printfa.o(i.__0vsprintf)
    __1vsprintf                              0x08002c8d   Thumb Code     0  printfa.o(i.__0vsprintf)
    __2vsprintf                              0x08002c8d   Thumb Code     0  printfa.o(i.__0vsprintf)
    __c89vsprintf                            0x08002c8d   Thumb Code     0  printfa.o(i.__0vsprintf)
    vsprintf                                 0x08002c8d   Thumb Code     0  printfa.o(i.__0vsprintf)
    __scatterload_copy                       0x08002cd1   Thumb Code    14  handlers.o(i.__scatterload_copy)
    __scatterload_null                       0x08002cdf   Thumb Code     2  handlers.o(i.__scatterload_null)
    __scatterload_zeroinit                   0x08002ce1   Thumb Code    14  handlers.o(i.__scatterload_zeroinit)
    atk_idm750c_at_test                      0x080035ad   Thumb Code    34  atk_idm750.o(i.atk_idm750c_at_test)
    atk_idm750c_device_num                   0x080035d9   Thumb Code    36  atk_idm750.o(i.atk_idm750c_device_num)
    atk_idm750c_device_password              0x08003611   Thumb Code    36  atk_idm750.o(i.atk_idm750c_device_password)
    atk_idm750c_dtu_enter_configmode         0x08003649   Thumb Code    56  atk_idm750.o(i.atk_idm750c_dtu_enter_configmode)
    atk_idm750c_enter_transfermode           0x0800368d   Thumb Code    22  atk_idm750.o(i.atk_idm750c_enter_transfermode)
    atk_idm750c_heartbeat_package            0x080036ad   Thumb Code    50  atk_idm750.o(i.atk_idm750c_heartbeat_package)
    atk_idm750c_heartbeat_package_data       0x080036fd   Thumb Code    34  atk_idm750.o(i.atk_idm750c_heartbeat_package_data)
    atk_idm750c_heartbeat_package_interval   0x0800374d   Thumb Code    36  atk_idm750.o(i.atk_idm750c_heartbeat_package_interval)
    atk_idm750c_link1                        0x08003789   Thumb Code    56  atk_idm750.o(i.atk_idm750c_link1)
    atk_idm750c_link1_timeout                0x080037fd   Thumb Code    36  atk_idm750.o(i.atk_idm750c_link1_timeout)
    atk_idm750c_link1en                      0x08003835   Thumb Code    50  atk_idm750.o(i.atk_idm750c_link1en)
    atk_idm750c_link1md                      0x08003885   Thumb Code    50  atk_idm750.o(i.atk_idm750c_link1md)
    atk_idm750c_link2en                      0x080038dd   Thumb Code    50  atk_idm750.o(i.atk_idm750c_link2en)
    atk_idm750c_link3en                      0x0800392d   Thumb Code    50  atk_idm750.o(i.atk_idm750c_link3en)
    atk_idm750c_link4en                      0x0800397d   Thumb Code    50  atk_idm750.o(i.atk_idm750c_link4en)
    atk_idm750c_query_workmode               0x080039cd   Thumb Code    78  atk_idm750.o(i.atk_idm750c_query_workmode)
    atk_idm750c_registration_package         0x08003a9d   Thumb Code    50  atk_idm750.o(i.atk_idm750c_registration_package)
    atk_idm750c_registration_package_data    0x08003aed   Thumb Code    34  atk_idm750.o(i.atk_idm750c_registration_package_data)
    atk_idm750c_registration_package_data_type 0x08003b3d   Thumb Code    34  atk_idm750.o(i.atk_idm750c_registration_package_data_type)
    atk_idm750c_registration_package_send_method 0x08003b75   Thumb Code    34  atk_idm750.o(i.atk_idm750c_registration_package_send_method)
    atk_idm750c_send_cmd_to_dtu              0x08003bad   Thumb Code    66  atk_idm750.o(i.atk_idm750c_send_cmd_to_dtu)
    atk_idm750c_set_yuanziyun                0x08003bf9   Thumb Code    50  atk_idm750.o(i.atk_idm750c_set_yuanziyun)
    atk_mw8266d_at_test                      0x08003c49   Thumb Code    34  atk-mw8266.o(i.atk_mw8266d_at_test)
    atk_mw8266d_ate_config                   0x08003c75   Thumb Code    38  atk-mw8266.o(i.atk_mw8266d_ate_config)
    atk_mw8266d_connect_atkcld               0x08003cb1   Thumb Code    50  atk-mw8266.o(i.atk_mw8266d_connect_atkcld)
    atk_mw8266d_get_ip                       0x08003d11   Thumb Code    60  atk-mw8266.o(i.atk_mw8266d_get_ip)
    atk_mw8266d_join_ap                      0x08003d65   Thumb Code    38  atk-mw8266.o(i.atk_mw8266d_join_ap)
    atk_mw8266d_reset                        0x08003dad   Thumb Code    42  atk-mw8266.o(i.atk_mw8266d_reset)
    atk_mw8266d_send_at_cmd                  0x08003ddd   Thumb Code    62  atk-mw8266.o(i.atk_mw8266d_send_at_cmd)
    atk_mw8266d_set_mode                     0x08003e25   Thumb Code    50  atk-mw8266.o(i.atk_mw8266d_set_mode)
    atk_mw8266d_sw_reset                     0x08003e81   Thumb Code    22  atk-mw8266.o(i.atk_mw8266d_sw_reset)
    fputc                                    0x08003ea5   Thumb Code    18  usart.o(i.fputc)
    main                                     0x08003ebd   Thumb Code   134  main.o(i.main)
    open_lock                                0x08003f99   Thumb Code   484  task.o(i.open_lock)
    usart3_close_flag                        0x080041d9   Thumb Code    10  usart.o(i.usart3_close_flag)
    usart3_printf                            0x080041e9   Thumb Code    42  usart.o(i.usart3_printf)
    usart3_uart_dat                          0x08004219   Thumb Code    24  usart.o(i.usart3_uart_dat)
    F6x8                                     0x08004238   Data         552  oled_zk.o(.constdata)
    F8X16                                    0x08004460   Data        1520  oled_zk.o(.constdata)
    AHBPrescTable                            0x08004a62   Data          16  system_stm32f1xx.o(.constdata)
    APBPrescTable                            0x08004a72   Data           8  system_stm32f1xx.o(.constdata)
    Region$$Table$$Base                      0x08004a7c   Number         0  anon$$obj.o(Region$$Table)
    Region$$Table$$Limit                     0x08004a9c   Number         0  anon$$obj.o(Region$$Table)
    time_us                                  0x20000000   Data           2  main.o(.data)
    time_ms                                  0x20000002   Data           2  main.o(.data)
    open_flag                                0x20000004   Data           1  main.o(.data)
    close_flag                               0x20000005   Data           1  main.o(.data)
    car_flag                                 0x20000006   Data           1  main.o(.data)
    mode                                     0x20000007   Data           1  main.o(.data)
    detection                                0x20000008   Data           2  main.o(.data)
    detection_flag                           0x2000000a   Data           1  main.o(.data)
    UART3_Rx_flg                             0x2000000c   Data           1  usart.o(.data)
    UART1_Rx_cnt                             0x2000000e   Data           2  usart.o(.data)
    UART3_Rx_cnt                             0x20000010   Data           2  usart.o(.data)
    UART1_temp                               0x20000012   Data           1  usart.o(.data)
    UART3_data                               0x20000013   Data           1  usart.o(.data)
    __stdout                                 0x20000014   Data           4  usart.o(.data)
    x_count                                  0x20000018   Data           2  oled.o(.data)
    y_count                                  0x2000001a   Data           2  oled.o(.data)
    uwTickFreq                               0x20000024   Data           1  stm32f1xx_hal.o(.data)
    uwTickPrio                               0x20000028   Data           4  stm32f1xx_hal.o(.data)
    uwTick                                   0x2000002c   Data           4  stm32f1xx_hal.o(.data)
    SystemCoreClock                          0x20000030   Data           4  system_stm32f1xx.o(.data)
    hi2c1                                    0x20000034   Data          84  i2c.o(.bss)
    htim3                                    0x20000088   Data          72  tim.o(.bss)
    UART1_Rx_Buf                             0x200000d0   Data         200  usart.o(.bss)
    UART3_Rx_Buf                             0x20000198   Data        1024  usart.o(.bss)
    UART3_Tx_Buf                             0x20000598   Data         512  usart.o(.bss)
    huart1                                   0x20000798   Data          72  usart.o(.bss)
    huart3                                   0x200007e0   Data          72  usart.o(.bss)
    __initial_sp                             0x20000c68   Data           0  startup_stm32f103xb.o(STACK)



==============================================================================

Memory Map of the image

  Image Entry point : 0x080000ed

  Load Region LR_IROM1 (Base: 0x08000000, Size: 0x00004ad0, Max: 0x00010000, ABSOLUTE)

    Execution Region ER_IROM1 (Exec base: 0x08000000, Load base: 0x08000000, Size: 0x00004a9c, Max: 0x00010000, ABSOLUTE)

    Exec Addr    Load Addr    Size         Type   Attr      Idx    E Section Name        Object

    0x08000000   0x08000000   0x000000ec   Data   RO            3    RESET               startup_stm32f103xb.o
    0x080000ec   0x080000ec   0x00000000   Code   RO         4373  * .ARM.Collect$$$$00000000  mc_w.l(entry.o)
    0x080000ec   0x080000ec   0x00000004   Code   RO         4647    .ARM.Collect$$$$00000001  mc_w.l(entry2.o)
    0x080000f0   0x080000f0   0x00000004   Code   RO         4650    .ARM.Collect$$$$00000004  mc_w.l(entry5.o)
    0x080000f4   0x080000f4   0x00000000   Code   RO         4652    .ARM.Collect$$$$00000008  mc_w.l(entry7b.o)
    0x080000f4   0x080000f4   0x00000000   Code   RO         4654    .ARM.Collect$$$$0000000A  mc_w.l(entry8b.o)
    0x080000f4   0x080000f4   0x00000008   Code   RO         4655    .ARM.Collect$$$$0000000B  mc_w.l(entry9a.o)
    0x080000fc   0x080000fc   0x00000000   Code   RO         4657    .ARM.Collect$$$$0000000D  mc_w.l(entry10a.o)
    0x080000fc   0x080000fc   0x00000000   Code   RO         4659    .ARM.Collect$$$$0000000F  mc_w.l(entry11a.o)
    0x080000fc   0x080000fc   0x00000004   Code   RO         4648    .ARM.Collect$$$$00002712  mc_w.l(entry2.o)
    0x08000100   0x08000100   0x00000024   Code   RO            4    .text               startup_stm32f103xb.o
    0x08000124   0x08000124   0x00000020   Code   RO         4376    .text               mc_w.l(llushr.o)
    0x08000144   0x08000144   0x00000024   Code   RO         4378    .text               mc_w.l(memseta.o)
    0x08000168   0x08000168   0x00000024   Code   RO         4380    .text               mc_w.l(strstr.o)
    0x0800018c   0x0800018c   0x0000000e   Code   RO         4382    .text               mc_w.l(strlen.o)
    0x0800019a   0x0800019a   0x0000001c   Code   RO         4384    .text               mc_w.l(strcmp.o)
    0x080001b6   0x080001b6   0x0000002c   Code   RO         4661    .text               mc_w.l(uidiv.o)
    0x080001e2   0x080001e2   0x00000062   Code   RO         4663    .text               mc_w.l(uldiv.o)
    0x08000244   0x08000244   0x00000000   Code   RO         4665    .text               mc_w.l(iusefp.o)
    0x08000244   0x08000244   0x0000014e   Code   RO         4666    .text               mf_w.l(dadd.o)
    0x08000392   0x08000392   0x000000e4   Code   RO         4668    .text               mf_w.l(dmul.o)
    0x08000476   0x08000476   0x000000de   Code   RO         4670    .text               mf_w.l(ddiv.o)
    0x08000554   0x08000554   0x00000030   Code   RO         4672    .text               mf_w.l(dfixul.o)
    0x08000584   0x08000584   0x00000030   Code   RO         4674    .text               mf_w.l(cdrcmple.o)
    0x080005b4   0x080005b4   0x00000024   Code   RO         4676    .text               mc_w.l(init.o)
    0x080005d8   0x080005d8   0x0000001e   Code   RO         4678    .text               mc_w.l(llshl.o)
    0x080005f6   0x080005f6   0x00000024   Code   RO         4680    .text               mc_w.l(llsshr.o)
    0x0800061a   0x0800061a   0x000000ba   Code   RO         4682    .text               mf_w.l(depilogue.o)
    0x080006d4   0x080006d4   0x000001b4   Code   RO          884    i.ATK_IMD750_Init   atk_idm750.o
    0x08000888   0x08000888   0x000001c8   Code   RO          778    i.ATK_MW8266D_Init  atk-mw8266.o
    0x08000a50   0x08000a50   0x00000002   Code   RO          511    i.BusFault_Handler  stm32f1xx_it.o
    0x08000a52   0x08000a52   0x00000002   Code   RO          512    i.DebugMon_Handler  stm32f1xx_it.o
    0x08000a54   0x08000a54   0x00000064   Code   RO         1464    i.ESP8266_TASK      task.o
    0x08000ab8   0x08000ab8   0x00000004   Code   RO           13    i.Error_Handler     main.o
    0x08000abc   0x08000abc   0x00000046   Code   RO         2947    i.HAL_DMA_Abort     stm32f1xx_hal_dma.o
    0x08000b02   0x08000b02   0x00000002   PAD
    0x08000b04   0x08000b04   0x00000098   Code   RO         2948    i.HAL_DMA_Abort_IT  stm32f1xx_hal_dma.o
    0x08000b9c   0x08000b9c   0x00000024   Code   RO         2573    i.HAL_Delay         stm32f1xx_hal.o
    0x08000bc0   0x08000bc0   0x000001e0   Code   RO         2883    i.HAL_GPIO_Init     stm32f1xx_hal_gpio.o
    0x08000da0   0x08000da0   0x0000000a   Code   RO         2885    i.HAL_GPIO_ReadPin  stm32f1xx_hal_gpio.o
    0x08000daa   0x08000daa   0x00000010   Code   RO         2886    i.HAL_GPIO_TogglePin  stm32f1xx_hal_gpio.o
    0x08000dba   0x08000dba   0x0000000a   Code   RO         2887    i.HAL_GPIO_WritePin  stm32f1xx_hal_gpio.o
    0x08000dc4   0x08000dc4   0x0000000c   Code   RO         2577    i.HAL_GetTick       stm32f1xx_hal.o
    0x08000dd0   0x08000dd0   0x00000188   Code   RO         3917    i.HAL_I2C_Init      stm32f1xx_hal_i2c.o
    0x08000f58   0x08000f58   0x0000012c   Code   RO         3930    i.HAL_I2C_Master_Transmit  stm32f1xx_hal_i2c.o
    0x08001084   0x08001084   0x0000005c   Code   RO          316    i.HAL_I2C_MspInit   i2c.o
    0x080010e0   0x080010e0   0x00000010   Code   RO         2583    i.HAL_IncTick       stm32f1xx_hal.o
    0x080010f0   0x080010f0   0x00000024   Code   RO         2584    i.HAL_Init          stm32f1xx_hal.o
    0x08001114   0x08001114   0x00000040   Code   RO         2585    i.HAL_InitTick      stm32f1xx_hal.o
    0x08001154   0x08001154   0x00000044   Code   RO          624    i.HAL_MspInit       stm32f1xx_hal_msp.o
    0x08001198   0x08001198   0x0000001a   Code   RO         3043    i.HAL_NVIC_EnableIRQ  stm32f1xx_hal_cortex.o
    0x080011b2   0x080011b2   0x00000002   PAD
    0x080011b4   0x080011b4   0x00000040   Code   RO         3049    i.HAL_NVIC_SetPriority  stm32f1xx_hal_cortex.o
    0x080011f4   0x080011f4   0x00000024   Code   RO         3050    i.HAL_NVIC_SetPriorityGrouping  stm32f1xx_hal_cortex.o
    0x08001218   0x08001218   0x0000012c   Code   RO         2741    i.HAL_RCC_ClockConfig  stm32f1xx_hal_rcc.o
    0x08001344   0x08001344   0x00000020   Code   RO         2748    i.HAL_RCC_GetPCLK1Freq  stm32f1xx_hal_rcc.o
    0x08001364   0x08001364   0x00000020   Code   RO         2749    i.HAL_RCC_GetPCLK2Freq  stm32f1xx_hal_rcc.o
    0x08001384   0x08001384   0x0000004c   Code   RO         2750    i.HAL_RCC_GetSysClockFreq  stm32f1xx_hal_rcc.o
    0x080013d0   0x080013d0   0x00000320   Code   RO         2753    i.HAL_RCC_OscConfig  stm32f1xx_hal_rcc.o
    0x080016f0   0x080016f0   0x00000028   Code   RO         3054    i.HAL_SYSTICK_Config  stm32f1xx_hal_cortex.o
    0x08001718   0x08001718   0x00000002   Code   RO         2299    i.HAL_TIMEx_BreakCallback  stm32f1xx_hal_tim_ex.o
    0x0800171a   0x0800171a   0x00000002   Code   RO         2300    i.HAL_TIMEx_CommutCallback  stm32f1xx_hal_tim_ex.o
    0x0800171c   0x0800171c   0x00000068   Code   RO         2318    i.HAL_TIMEx_MasterConfigSynchronization  stm32f1xx_hal_tim_ex.o
    0x08001784   0x08001784   0x0000005a   Code   RO         1595    i.HAL_TIM_Base_Init  stm32f1xx_hal_tim.o
    0x080017de   0x080017de   0x00000002   PAD
    0x080017e0   0x080017e0   0x0000003c   Code   RO          358    i.HAL_TIM_Base_MspInit  tim.o
    0x0800181c   0x0800181c   0x00000058   Code   RO         1600    i.HAL_TIM_Base_Start_IT  stm32f1xx_hal_tim.o
    0x08001874   0x08001874   0x000000dc   Code   RO         1604    i.HAL_TIM_ConfigClockSource  stm32f1xx_hal_tim.o
    0x08001950   0x08001950   0x00000002   Code   RO         1629    i.HAL_TIM_IC_CaptureCallback  stm32f1xx_hal_tim.o
    0x08001952   0x08001952   0x00000166   Code   RO         1643    i.HAL_TIM_IRQHandler  stm32f1xx_hal_tim.o
    0x08001ab8   0x08001ab8   0x00000002   Code   RO         1646    i.HAL_TIM_OC_DelayElapsedCallback  stm32f1xx_hal_tim.o
    0x08001aba   0x08001aba   0x00000002   Code   RO         1673    i.HAL_TIM_PWM_PulseFinishedCallback  stm32f1xx_hal_tim.o
    0x08001abc   0x08001abc   0x00000002   Code   RO         1681    i.HAL_TIM_PeriodElapsedCallback  stm32f1xx_hal_tim.o
    0x08001abe   0x08001abe   0x00000002   Code   RO         1686    i.HAL_TIM_TriggerCallback  stm32f1xx_hal_tim.o
    0x08001ac0   0x08001ac0   0x00000002   Code   RO         3555    i.HAL_UARTEx_RxEventCallback  stm32f1xx_hal_uart.o
    0x08001ac2   0x08001ac2   0x00000002   Code   RO         3569    i.HAL_UART_ErrorCallback  stm32f1xx_hal_uart.o
    0x08001ac4   0x08001ac4   0x0000026c   Code   RO         3572    i.HAL_UART_IRQHandler  stm32f1xx_hal_uart.o
    0x08001d30   0x08001d30   0x00000064   Code   RO         3573    i.HAL_UART_Init     stm32f1xx_hal_uart.o
    0x08001d94   0x08001d94   0x000000dc   Code   RO          400    i.HAL_UART_MspInit  usart.o
    0x08001e70   0x08001e70   0x0000001c   Code   RO         3578    i.HAL_UART_Receive_IT  stm32f1xx_hal_uart.o
    0x08001e8c   0x08001e8c   0x000000b0   Code   RO           14    i.HAL_UART_RxCpltCallback  main.o
    0x08001f3c   0x08001f3c   0x0000009a   Code   RO         3581    i.HAL_UART_Transmit  stm32f1xx_hal_uart.o
    0x08001fd6   0x08001fd6   0x00000002   Code   RO         3584    i.HAL_UART_TxCpltCallback  stm32f1xx_hal_uart.o
    0x08001fd8   0x08001fd8   0x00000002   Code   RO          513    i.HardFault_Handler  stm32f1xx_it.o
    0x08001fda   0x08001fda   0x0000002e   Code   RO         3959    i.I2C_IsAcknowledgeFailed  stm32f1xx_hal_i2c.o
    0x08002008   0x08002008   0x0000009c   Code   RO         3963    i.I2C_MasterRequestWrite  stm32f1xx_hal_i2c.o
    0x080020a4   0x080020a4   0x0000004c   Code   RO         3974    i.I2C_WaitOnBTFFlagUntilTimeout  stm32f1xx_hal_i2c.o
    0x080020f0   0x080020f0   0x00000068   Code   RO         3975    i.I2C_WaitOnFlagUntilTimeout  stm32f1xx_hal_i2c.o
    0x08002158   0x08002158   0x00000096   Code   RO         3976    i.I2C_WaitOnMasterAddressFlagUntilTimeout  stm32f1xx_hal_i2c.o
    0x080021ee   0x080021ee   0x0000004c   Code   RO         3978    i.I2C_WaitOnTXEFlagUntilTimeout  stm32f1xx_hal_i2c.o
    0x0800223a   0x0800223a   0x00000002   PAD
    0x0800223c   0x0800223c   0x0000006c   Code   RO         1465    i.IMD750_TASK       task.o
    0x080022a8   0x080022a8   0x00000124   Code   RO          203    i.MX_GPIO_Init      gpio.o
    0x080023cc   0x080023cc   0x00000040   Code   RO          317    i.MX_I2C1_Init      i2c.o
    0x0800240c   0x0800240c   0x00000068   Code   RO          359    i.MX_TIM3_Init      tim.o
    0x08002474   0x08002474   0x00000038   Code   RO          401    i.MX_USART1_UART_Init  usart.o
    0x080024ac   0x080024ac   0x00000048   Code   RO          402    i.MX_USART3_UART_Init  usart.o
    0x080024f4   0x080024f4   0x00000002   Code   RO          514    i.MemManage_Handler  stm32f1xx_it.o
    0x080024f6   0x080024f6   0x00000002   Code   RO          515    i.NMI_Handler       stm32f1xx_it.o
    0x080024f8   0x080024f8   0x00000034   Code   RO          648    i.OLED_Clear        oled.o
    0x0800252c   0x0800252c   0x000000c2   Code   RO          652    i.OLED_Init         oled.o
    0x080025ee   0x080025ee   0x00000026   Code   RO          654    i.OLED_Set_Pos      oled.o
    0x08002614   0x08002614   0x00000088   Code   RO          656    i.OLED_ShowChar     oled.o
    0x0800269c   0x0800269c   0x0000006c   Code   RO          659    i.OLED_ShowString_fun  oled.o
    0x08002708   0x08002708   0x00000024   Code   RO          660    i.OLED_Write_Cmd    oled.o
    0x0800272c   0x0800272c   0x00000024   Code   RO          661    i.OLED_Write_Dat    oled.o
    0x08002750   0x08002750   0x00000002   Code   RO          516    i.PendSV_Handler    stm32f1xx_it.o
    0x08002752   0x08002752   0x00000002   Code   RO          517    i.SVC_Handler       stm32f1xx_it.o
    0x08002754   0x08002754   0x00000050   Code   RO          518    i.SysTick_Handler   stm32f1xx_it.o
    0x080027a4   0x080027a4   0x0000005e   Code   RO           15    i.SystemClock_Config  main.o
    0x08002802   0x08002802   0x00000002   Code   RO         4339    i.SystemInit        system_stm32f1xx.o
    0x08002804   0x08002804   0x00000074   Code   RO          519    i.TIM3_IRQHandler   stm32f1xx_it.o
    0x08002878   0x08002878   0x0000006c   Code   RO         1688    i.TIM_Base_SetConfig  stm32f1xx_hal_tim.o
    0x080028e4   0x080028e4   0x00000014   Code   RO         1699    i.TIM_ETR_SetConfig  stm32f1xx_hal_tim.o
    0x080028f8   0x080028f8   0x00000010   Code   RO         1700    i.TIM_ITRx_SetConfig  stm32f1xx_hal_tim.o
    0x08002908   0x08002908   0x00000022   Code   RO         1706    i.TIM_TI1_ConfigInputStage  stm32f1xx_hal_tim.o
    0x0800292a   0x0800292a   0x00000024   Code   RO         1708    i.TIM_TI2_ConfigInputStage  stm32f1xx_hal_tim.o
    0x0800294e   0x0800294e   0x00000010   Code   RO         3586    i.UART_DMAAbortOnError  stm32f1xx_hal_uart.o
    0x0800295e   0x0800295e   0x0000004e   Code   RO         3596    i.UART_EndRxTransfer  stm32f1xx_hal_uart.o
    0x080029ac   0x080029ac   0x000000c2   Code   RO         3598    i.UART_Receive_IT   stm32f1xx_hal_uart.o
    0x08002a6e   0x08002a6e   0x00000002   PAD
    0x08002a70   0x08002a70   0x000000b8   Code   RO         3599    i.UART_SetConfig    stm32f1xx_hal_uart.o
    0x08002b28   0x08002b28   0x00000036   Code   RO         3601    i.UART_Start_Receive_IT  stm32f1xx_hal_uart.o
    0x08002b5e   0x08002b5e   0x00000078   Code   RO         3602    i.UART_WaitOnFlagUntilTimeout  stm32f1xx_hal_uart.o
    0x08002bd6   0x08002bd6   0x00000002   PAD
    0x08002bd8   0x08002bd8   0x00000020   Code   RO          520    i.USART1_IRQHandler  stm32f1xx_it.o
    0x08002bf8   0x08002bf8   0x00000028   Code   RO          521    i.USART3_IRQHandler  stm32f1xx_it.o
    0x08002c20   0x08002c20   0x00000002   Code   RO          522    i.UsageFault_Handler  stm32f1xx_it.o
    0x08002c22   0x08002c22   0x00000002   PAD
    0x08002c24   0x08002c24   0x00000020   Code   RO         1466    i.YuanZiYun         task.o
    0x08002c44   0x08002c44   0x00000020   Code   RO         4619    i.__0printf         mc_w.l(printfa.o)
    0x08002c64   0x08002c64   0x00000028   Code   RO         4621    i.__0sprintf        mc_w.l(printfa.o)
    0x08002c8c   0x08002c8c   0x00000024   Code   RO         4625    i.__0vsprintf       mc_w.l(printfa.o)
    0x08002cb0   0x08002cb0   0x00000020   Code   RO         3056    i.__NVIC_SetPriority  stm32f1xx_hal_cortex.o
    0x08002cd0   0x08002cd0   0x0000000e   Code   RO         4686    i.__scatterload_copy  mc_w.l(handlers.o)
    0x08002cde   0x08002cde   0x00000002   Code   RO         4687    i.__scatterload_null  mc_w.l(handlers.o)
    0x08002ce0   0x08002ce0   0x0000000e   Code   RO         4688    i.__scatterload_zeroinit  mc_w.l(handlers.o)
    0x08002cee   0x08002cee   0x00000002   PAD
    0x08002cf0   0x08002cf0   0x00000184   Code   RO         4626    i._fp_digits        mc_w.l(printfa.o)
    0x08002e74   0x08002e74   0x000006dc   Code   RO         4627    i._printf_core      mc_w.l(printfa.o)
    0x08003550   0x08003550   0x00000024   Code   RO         4628    i._printf_post_padding  mc_w.l(printfa.o)
    0x08003574   0x08003574   0x0000002e   Code   RO         4629    i._printf_pre_padding  mc_w.l(printfa.o)
    0x080035a2   0x080035a2   0x0000000a   Code   RO         4631    i._sputc            mc_w.l(printfa.o)
    0x080035ac   0x080035ac   0x0000002c   Code   RO          892    i.atk_idm750c_at_test  atk_idm750.o
    0x080035d8   0x080035d8   0x00000038   Code   RO          902    i.atk_idm750c_device_num  atk_idm750.o
    0x08003610   0x08003610   0x00000038   Code   RO          903    i.atk_idm750c_device_password  atk_idm750.o
    0x08003648   0x08003648   0x00000044   Code   RO          904    i.atk_idm750c_dtu_enter_configmode  atk_idm750.o
    0x0800368c   0x0800368c   0x00000020   Code   RO          906    i.atk_idm750c_enter_transfermode  atk_idm750.o
    0x080036ac   0x080036ac   0x00000050   Code   RO          907    i.atk_idm750c_heartbeat_package  atk_idm750.o
    0x080036fc   0x080036fc   0x00000050   Code   RO          908    i.atk_idm750c_heartbeat_package_data  atk_idm750.o
    0x0800374c   0x0800374c   0x0000003c   Code   RO          909    i.atk_idm750c_heartbeat_package_interval  atk_idm750.o
    0x08003788   0x08003788   0x00000074   Code   RO          914    i.atk_idm750c_link1  atk_idm750.o
    0x080037fc   0x080037fc   0x00000038   Code   RO          916    i.atk_idm750c_link1_timeout  atk_idm750.o
    0x08003834   0x08003834   0x00000050   Code   RO          917    i.atk_idm750c_link1en  atk_idm750.o
    0x08003884   0x08003884   0x00000058   Code   RO          918    i.atk_idm750c_link1md  atk_idm750.o
    0x080038dc   0x080038dc   0x00000050   Code   RO          922    i.atk_idm750c_link2en  atk_idm750.o
    0x0800392c   0x0800392c   0x00000050   Code   RO          927    i.atk_idm750c_link3en  atk_idm750.o
    0x0800397c   0x0800397c   0x00000050   Code   RO          932    i.atk_idm750c_link4en  atk_idm750.o
    0x080039cc   0x080039cc   0x000000d0   Code   RO          956    i.atk_idm750c_query_workmode  atk_idm750.o
    0x08003a9c   0x08003a9c   0x00000050   Code   RO          957    i.atk_idm750c_registration_package  atk_idm750.o
    0x08003aec   0x08003aec   0x00000050   Code   RO          958    i.atk_idm750c_registration_package_data  atk_idm750.o
    0x08003b3c   0x08003b3c   0x00000038   Code   RO          959    i.atk_idm750c_registration_package_data_type  atk_idm750.o
    0x08003b74   0x08003b74   0x00000038   Code   RO          960    i.atk_idm750c_registration_package_send_method  atk_idm750.o
    0x08003bac   0x08003bac   0x0000004c   Code   RO          963    i.atk_idm750c_send_cmd_to_dtu  atk_idm750.o
    0x08003bf8   0x08003bf8   0x00000050   Code   RO          969    i.atk_idm750c_set_yuanziyun  atk_idm750.o
    0x08003c48   0x08003c48   0x0000002c   Code   RO          779    i.atk_mw8266d_at_test  atk-mw8266.o
    0x08003c74   0x08003c74   0x0000003c   Code   RO          780    i.atk_mw8266d_ate_config  atk-mw8266.o
    0x08003cb0   0x08003cb0   0x00000060   Code   RO          781    i.atk_mw8266d_connect_atkcld  atk-mw8266.o
    0x08003d10   0x08003d10   0x00000054   Code   RO          786    i.atk_mw8266d_get_ip  atk-mw8266.o
    0x08003d64   0x08003d64   0x00000048   Code   RO          787    i.atk_mw8266d_join_ap  atk-mw8266.o
    0x08003dac   0x08003dac   0x00000030   Code   RO          788    i.atk_mw8266d_reset  atk-mw8266.o
    0x08003ddc   0x08003ddc   0x00000048   Code   RO          790    i.atk_mw8266d_send_at_cmd  atk-mw8266.o
    0x08003e24   0x08003e24   0x0000005c   Code   RO          791    i.atk_mw8266d_set_mode  atk-mw8266.o
    0x08003e80   0x08003e80   0x00000024   Code   RO          792    i.atk_mw8266d_sw_reset  atk-mw8266.o
    0x08003ea4   0x08003ea4   0x00000018   Code   RO          405    i.fputc             usart.o
    0x08003ebc   0x08003ebc   0x000000dc   Code   RO           16    i.main              main.o
    0x08003f98   0x08003f98   0x00000240   Code   RO         1467    i.open_lock         task.o
    0x080041d8   0x080041d8   0x00000010   Code   RO          406    i.usart3_close_flag  usart.o
    0x080041e8   0x080041e8   0x00000030   Code   RO          407    i.usart3_printf     usart.o
    0x08004218   0x08004218   0x00000020   Code   RO          408    i.usart3_uart_dat   usart.o
    0x08004238   0x08004238   0x00000228   Data   RO          751    .constdata          oled_zk.o
    0x08004460   0x08004460   0x000005f0   Data   RO          752    .constdata          oled_zk.o
    0x08004a50   0x08004a50   0x00000012   Data   RO         2754    .constdata          stm32f1xx_hal_rcc.o
    0x08004a62   0x08004a62   0x00000010   Data   RO         4340    .constdata          system_stm32f1xx.o
    0x08004a72   0x08004a72   0x00000008   Data   RO         4341    .constdata          system_stm32f1xx.o
    0x08004a7a   0x08004a7a   0x00000002   PAD
    0x08004a7c   0x08004a7c   0x00000020   Data   RO         4684    Region$$Table       anon$$obj.o


    Execution Region RW_IRAM1 (Exec base: 0x20000000, Load base: 0x08004a9c, Size: 0x00000c68, Max: 0x00005000, ABSOLUTE)

    Exec Addr    Load Addr    Size         Type   Attr      Idx    E Section Name        Object

    0x20000000   0x08004a9c   0x00000002   Data   RW           17    .data               main.o
    0x20000002   0x08004a9e   0x00000002   Data   RW           18    .data               main.o
    0x20000004   0x08004aa0   0x00000001   Data   RW           19    .data               main.o
    0x20000005   0x08004aa1   0x00000001   Data   RW           20    .data               main.o
    0x20000006   0x08004aa2   0x00000001   Data   RW           21    .data               main.o
    0x20000007   0x08004aa3   0x00000001   Data   RW           22    .data               main.o
    0x20000008   0x08004aa4   0x00000002   Data   RW           23    .data               main.o
    0x2000000a   0x08004aa6   0x00000001   Data   RW           24    .data               main.o
    0x2000000b   0x08004aa7   0x00000001   PAD
    0x2000000c   0x08004aa8   0x00000006   Data   RW          411    .data               usart.o
    0x20000012   0x08004aae   0x00000001   Data   RW          412    .data               usart.o
    0x20000013   0x08004aaf   0x00000001   Data   RW          413    .data               usart.o
    0x20000014   0x08004ab0   0x00000004   Data   RW          414    .data               usart.o
    0x20000018   0x08004ab4   0x00000004   Data   RW          662    .data               oled.o
    0x2000001c   0x08004ab8   0x00000008   Data   RW         1469    .data               task.o
    0x20000024   0x08004ac0   0x0000000c   Data   RW         2591    .data               stm32f1xx_hal.o
    0x20000030   0x08004acc   0x00000004   Data   RW         4342    .data               system_stm32f1xx.o
    0x20000034        -       0x00000054   Zero   RW          318    .bss                i2c.o
    0x20000088        -       0x00000048   Zero   RW          360    .bss                tim.o
    0x200000d0        -       0x00000758   Zero   RW          410    .bss                usart.o
    0x20000828        -       0x00000040   Zero   RW         1468    .bss                task.o
    0x20000868        -       0x00000400   Zero   RW            1    STACK               startup_stm32f103xb.o


==============================================================================

Image component sizes


      Code (inc. data)   RO Data    RW Data    ZI Data      Debug   Object Name

      1060        518          0          0          0       6438   atk-mw8266.o
      2128        926          0          0          0      15167   atk_idm750.o
       292         16          0          0          0     429855   gpio.o
       156         26          0          0         84       1521   i2c.o
       494        126          0         11          0     390968   main.o
       600         24          0          4          0       4572   oled.o
         0          0       2072          0          0        622   oled_zk.o
        36          8        236          0       1024        784   startup_stm32f103xb.o
       164         28          0         12          0       5753   stm32f1xx_hal.o
       198         14          0          0          0      28855   stm32f1xx_hal_cortex.o
       222          4          0          0          0       1719   stm32f1xx_hal_dma.o
       516         34          0          0          0       4040   stm32f1xx_hal_gpio.o
      1300         32          0          0          0       8753   stm32f1xx_hal_i2c.o
        68         10          0          0          0        810   stm32f1xx_hal_msp.o
      1240         84         18          0          0       5016   stm32f1xx_hal_rcc.o
       980         26          0          0          0      10029   stm32f1xx_hal_tim.o
       108         12          0          0          0       2337   stm32f1xx_hal_tim_ex.o
      1554         10          0          0          0      10640   stm32f1xx_hal_uart.o
       284         56          0          0          0      11596   stm32f1xx_it.o
         2          0         24          4          0       1039   system_stm32f1xx.o
       816        158          0          8         64       2785   task.o
       164         20          0          0         72       1558   tim.o
       468         62          0         12       1880       6353   usart.o

    ----------------------------------------------------------------------
     12864       2194       2384         52       3124     951210   Object Totals
         0          0         32          0          0          0   (incl. Generated)
        14          0          2          1          0          0   (incl. Padding)

    ----------------------------------------------------------------------

      Code (inc. data)   RO Data    RW Data    ZI Data      Debug   Library Member Name

         0          0          0          0          0          0   entry.o
         0          0          0          0          0          0   entry10a.o
         0          0          0          0          0          0   entry11a.o
         8          4          0          0          0          0   entry2.o
         4          0          0          0          0          0   entry5.o
         0          0          0          0          0          0   entry7b.o
         0          0          0          0          0          0   entry8b.o
         8          4          0          0          0          0   entry9a.o
        30          0          0          0          0          0   handlers.o
        36          8          0          0          0         68   init.o
         0          0          0          0          0          0   iusefp.o
        30          0          0          0          0         68   llshl.o
        36          0          0          0          0         68   llsshr.o
        32          0          0          0          0         68   llushr.o
        36          0          0          0          0        108   memseta.o
      2344        102          0          0          0        684   printfa.o
        28          0          0          0          0         76   strcmp.o
        14          0          0          0          0         68   strlen.o
        36          0          0          0          0         80   strstr.o
        44          0          0          0          0         80   uidiv.o
        98          0          0          0          0         92   uldiv.o
        48          0          0          0          0         68   cdrcmple.o
       334          0          0          0          0        148   dadd.o
       222          0          0          0          0        100   ddiv.o
       186          0          0          0          0        176   depilogue.o
        48          0          0          0          0         68   dfixul.o
       228          0          0          0          0         96   dmul.o

    ----------------------------------------------------------------------
      3852        118          0          0          0       2116   Library Totals
         2          0          0          0          0          0   (incl. Padding)

    ----------------------------------------------------------------------

      Code (inc. data)   RO Data    RW Data    ZI Data      Debug   Library Name

      2784        118          0          0          0       1460   mc_w.l
      1066          0          0          0          0        656   mf_w.l

    ----------------------------------------------------------------------
      3852        118          0          0          0       2116   Library Totals

    ----------------------------------------------------------------------

==============================================================================


      Code (inc. data)   RO Data    RW Data    ZI Data      Debug   

     16716       2312       2384         52       3124     945574   Grand Totals
     16716       2312       2384         52       3124     945574   ELF Image Totals
     16716       2312       2384         52          0          0   ROM Totals

==============================================================================

    Total RO  Size (Code + RO Data)                19100 (  18.65kB)
    Total RW  Size (RW Data + ZI Data)              3176 (   3.10kB)
    Total ROM Size (Code + RO Data + RW Data)      19152 (  18.70kB)

==============================================================================

