Component: ARM Compiler 5.06 update 7 (build 960) Tool: armlink [4d3601]

==============================================================================

Section Cross References

    startup_stm32f103xb.o(STACK) refers (Special) to heapauxi.o(.text) for __use_two_region_memory
    startup_stm32f103xb.o(HEAP) refers (Special) to heapauxi.o(.text) for __use_two_region_memory
    startup_stm32f103xb.o(RESET) refers (Special) to heapauxi.o(.text) for __use_two_region_memory
    startup_stm32f103xb.o(RESET) refers to startup_stm32f103xb.o(STACK) for __initial_sp
    startup_stm32f103xb.o(RESET) refers to startup_stm32f103xb.o(.text) for Reset_Handler
    startup_stm32f103xb.o(RESET) refers to stm32f1xx_it.o(i.NMI_Handler) for NMI_Handler
    startup_stm32f103xb.o(RESET) refers to stm32f1xx_it.o(i.HardFault_Handler) for HardFault_Handler
    startup_stm32f103xb.o(RESET) refers to stm32f1xx_it.o(i.MemManage_Handler) for MemManage_Handler
    startup_stm32f103xb.o(RESET) refers to stm32f1xx_it.o(i.BusFault_Handler) for BusFault_Handler
    startup_stm32f103xb.o(RESET) refers to stm32f1xx_it.o(i.UsageFault_Handler) for UsageFault_Handler
    startup_stm32f103xb.o(RESET) refers to stm32f1xx_it.o(i.SVC_Handler) for SVC_Handler
    startup_stm32f103xb.o(RESET) refers to stm32f1xx_it.o(i.DebugMon_Handler) for DebugMon_Handler
    startup_stm32f103xb.o(RESET) refers to stm32f1xx_it.o(i.PendSV_Handler) for PendSV_Handler
    startup_stm32f103xb.o(RESET) refers to stm32f1xx_it.o(i.SysTick_Handler) for SysTick_Handler
    startup_stm32f103xb.o(RESET) refers to stm32f1xx_it.o(i.TIM3_IRQHandler) for TIM3_IRQHandler
    startup_stm32f103xb.o(RESET) refers to stm32f1xx_it.o(i.USART1_IRQHandler) for USART1_IRQHandler
    startup_stm32f103xb.o(RESET) refers to stm32f1xx_it.o(i.USART3_IRQHandler) for USART3_IRQHandler
    startup_stm32f103xb.o(.text) refers (Special) to heapauxi.o(.text) for __use_two_region_memory
    startup_stm32f103xb.o(.text) refers to system_stm32f1xx.o(i.SystemInit) for SystemInit
    startup_stm32f103xb.o(.text) refers to __main.o(!!!main) for __main
    startup_stm32f103xb.o(.text) refers to startup_stm32f103xb.o(HEAP) for Heap_Mem
    startup_stm32f103xb.o(.text) refers to startup_stm32f103xb.o(STACK) for Stack_Mem
    main.o(i.HAL_UART_RxCpltCallback) refers to stm32f1xx_hal_uart.o(i.HAL_UART_Receive_IT) for HAL_UART_Receive_IT
    main.o(i.HAL_UART_RxCpltCallback) refers to usart.o(.data) for UART1_Rx_cnt
    main.o(i.HAL_UART_RxCpltCallback) refers to usart.o(.bss) for UART1_Rx_Buf
    main.o(i.SystemClock_Config) refers to rt_memclr_w.o(.text) for __aeabi_memclr4
    main.o(i.SystemClock_Config) refers to stm32f1xx_hal_rcc.o(i.HAL_RCC_OscConfig) for HAL_RCC_OscConfig
    main.o(i.SystemClock_Config) refers to main.o(i.Error_Handler) for Error_Handler
    main.o(i.SystemClock_Config) refers to stm32f1xx_hal_rcc.o(i.HAL_RCC_ClockConfig) for HAL_RCC_ClockConfig
    main.o(i.main) refers to stm32f1xx_hal.o(i.HAL_Init) for HAL_Init
    main.o(i.main) refers to main.o(i.SystemClock_Config) for SystemClock_Config
    main.o(i.main) refers to gpio.o(i.MX_GPIO_Init) for MX_GPIO_Init
    main.o(i.main) refers to tim.o(i.MX_TIM3_Init) for MX_TIM3_Init
    main.o(i.main) refers to stm32f1xx_hal_tim.o(i.HAL_TIM_Base_Start_IT) for HAL_TIM_Base_Start_IT
    main.o(i.main) refers to usart.o(i.MX_USART1_UART_Init) for MX_USART1_UART_Init
    main.o(i.main) refers to stm32f1xx_hal_uart.o(i.HAL_UART_Receive_IT) for HAL_UART_Receive_IT
    main.o(i.main) refers to __2printf.o(.text) for __2printf
    main.o(i.main) refers to usart.o(i.MX_USART3_UART_Init) for MX_USART3_UART_Init
    main.o(i.main) refers to stm32f1xx_hal_uart.o(i.HAL_UART_Transmit) for HAL_UART_Transmit
    main.o(i.main) refers to oled.o(i.OLED_Init) for OLED_Init
    main.o(i.main) refers to oled.o(i.OLED_ShowString_fun) for OLED_ShowString_fun
    main.o(i.main) refers to stm32f1xx_hal_gpio.o(i.HAL_GPIO_ReadPin) for HAL_GPIO_ReadPin
    main.o(i.main) refers to usart.o(i.usart3_printf) for usart3_printf
    main.o(i.main) refers to tim.o(.bss) for htim3
    main.o(i.main) refers to usart.o(.data) for UART1_temp
    main.o(i.main) refers to usart.o(.bss) for huart1
    main.o(i.main) refers to main.o(.data) for mode
    gpio.o(i.MX_GPIO_Init) refers to stm32f1xx_hal_gpio.o(i.HAL_GPIO_WritePin) for HAL_GPIO_WritePin
    gpio.o(i.MX_GPIO_Init) refers to stm32f1xx_hal_gpio.o(i.HAL_GPIO_Init) for HAL_GPIO_Init
    i2c.o(i.HAL_I2C_MspDeInit) refers to stm32f1xx_hal_gpio.o(i.HAL_GPIO_DeInit) for HAL_GPIO_DeInit
    i2c.o(i.HAL_I2C_MspInit) refers to stm32f1xx_hal_gpio.o(i.HAL_GPIO_Init) for HAL_GPIO_Init
    i2c.o(i.MX_I2C1_Init) refers to stm32f1xx_hal_i2c.o(i.HAL_I2C_Init) for HAL_I2C_Init
    i2c.o(i.MX_I2C1_Init) refers to main.o(i.Error_Handler) for Error_Handler
    i2c.o(i.MX_I2C1_Init) refers to i2c.o(.bss) for hi2c1
    tim.o(i.HAL_TIM_Base_MspDeInit) refers to stm32f1xx_hal_cortex.o(i.HAL_NVIC_DisableIRQ) for HAL_NVIC_DisableIRQ
[...]
    i.HAL_DMA_Abort_IT                       0x08001c20   Section        0  stm32f1xx_hal_dma.o(i.HAL_DMA_Abort_IT)
    i.HAL_Delay                              0x08001cd0   Section        0  stm32f1xx_hal.o(i.HAL_Delay)
    i.HAL_GPIO_Init                          0x08001cf8   Section        0  stm32f1xx_hal_gpio.o(i.HAL_GPIO_Init)
    i.HAL_GPIO_ReadPin                       0x08002018   Section        0  stm32f1xx_hal_gpio.o(i.HAL_GPIO_ReadPin)
    i.HAL_GPIO_TogglePin                     0x08002028   Section        0  stm32f1xx_hal_gpio.o(i.HAL_GPIO_TogglePin)
    i.HAL_GPIO_WritePin                      0x0800203c   Section        0  stm32f1xx_hal_gpio.o(i.HAL_GPIO_WritePin)
    i.HAL_GetTick                            0x08002048   Section        0  stm32f1xx_hal.o(i.HAL_GetTick)
    i.HAL_I2C_Master_Transmit                0x08002054   Section        0  stm32f1xx_hal_i2c.o(i.HAL_I2C_Master_Transmit)
    i.HAL_IncTick                            0x080021c4   Section        0  stm32f1xx_hal.o(i.HAL_IncTick)
    i.HAL_Init                               0x080021dc   Section        0  stm32f1xx_hal.o(i.HAL_Init)
    i.HAL_InitTick                           0x08002204   Section        0  stm32f1xx_hal.o(i.HAL_InitTick)
    i.HAL_MspInit                            0x08002250   Section        0  stm32f1xx_hal_msp.o(i.HAL_MspInit)
    i.HAL_NVIC_EnableIRQ                     0x080022ac   Section        0  stm32f1xx_hal_cortex.o(i.HAL_NVIC_EnableIRQ)
    i.HAL_NVIC_SetPriority                   0x080022cc   Section        0  stm32f1xx_hal_cortex.o(i.HAL_NVIC_SetPriority)
    i.HAL_NVIC_SetPriorityGrouping           0x08002348   Section        0  stm32f1xx_hal_cortex.o(i.HAL_NVIC_SetPriorityGrouping)
    i.HAL_RCC_ClockConfig                    0x08002370   Section        0  stm32f1xx_hal_rcc.o(i.HAL_RCC_ClockConfig)
    i.HAL_RCC_GetHCLKFreq                    0x080024fc   Section        0  stm32f1xx_hal_rcc.o(i.HAL_RCC_GetHCLKFreq)
    i.HAL_RCC_GetPCLK1Freq                   0x08002508   Section        0  stm32f1xx_hal_rcc.o(i.HAL_RCC_GetPCLK1Freq)
    i.HAL_RCC_GetPCLK2Freq                   0x08002528   Section        0  stm32f1xx_hal_rcc.o(i.HAL_RCC_GetPCLK2Freq)
    i.HAL_RCC_GetSysClockFreq                0x08002548   Section        0  stm32f1xx_hal_rcc.o(i.HAL_RCC_GetSysClockFreq)
    i.HAL_RCC_OscConfig                      0x080025b8   Section        0  stm32f1xx_hal_rcc.o(i.HAL_RCC_OscConfig)
    i.HAL_SYSTICK_Config                     0x08002a1c   Section        0  stm32f1xx_hal_cortex.o(i.HAL_SYSTICK_Config)
    i.HAL_TIMEx_BreakCallback                0x08002a50   Section        0  stm32f1xx_hal_tim_ex.o(i.HAL_TIMEx_BreakCallback)
    i.HAL_TIMEx_CommutCallback               0x08002a52   Section        0  stm32f1xx_hal_tim_ex.o(i.HAL_TIMEx_CommutCallback)
    i.HAL_TIMEx_MasterConfigSynchronization  0x08002a54   Section        0  stm32f1xx_hal_tim_ex.o(i.HAL_TIMEx_MasterConfigSynchronization)
    i.HAL_TIM_Base_Init                      0x08002ad8   Section        0  stm32f1xx_hal_tim.o(i.HAL_TIM_Base_Init)
    i.HAL_TIM_Base_MspInit                   0x08002b40   Section        0  tim.o(i.HAL_TIM_Base_MspInit)
    i.HAL_TIM_Base_Start_IT                  0x08002b84   Section        0  stm32f1xx_hal_tim.o(i.HAL_TIM_Base_Start_IT)
    i.HAL_TIM_ConfigClockSource              0x08002bfc   Section        0  stm32f1xx_hal_tim.o(i.HAL_TIM_ConfigClockSource)
    i.HAL_TIM_IC_CaptureCallback             0x08002d08   Section        0  stm32f1xx_hal_tim.o(i.HAL_TIM_IC_CaptureCallback)
    i.HAL_TIM_IRQHandler                     0x08002d0a   Section        0  stm32f1xx_hal_tim.o(i.HAL_TIM_IRQHandler)
    i.HAL_TIM_OC_DelayElapsedCallback        0x08002ea0   Section        0  stm32f1xx_hal_tim.o(i.HAL_TIM_OC_DelayElapsedCallback)
    i.HAL_TIM_PWM_PulseFinishedCallback      0x08002ea2   Section        0  stm32f1xx_hal_tim.o(i.HAL_TIM_PWM_PulseFinishedCallback)
    i.HAL_TIM_PeriodElapsedCallback          0x08002ea4   Section        0  stm32f1xx_hal_tim.o(i.HAL_TIM_PeriodElapsedCallback)
    i.HAL_TIM_TriggerCallback                0x08002ea6   Section        0  stm32f1xx_hal_tim.o(i.HAL_TIM_TriggerCallback)
    i.HAL_UARTEx_RxEventCallback             0x08002ea8   Section        0  stm32f1xx_hal_uart.o(i.HAL_UARTEx_RxEventCallback)
    i.HAL_UART_ErrorCallback                 0x08002eaa   Section        0  stm32f1xx_hal_uart.o(i.HAL_UART_ErrorCallback)
    i.HAL_UART_IRQHandler                    0x08002eac   Section        0  stm32f1xx_hal_uart.o(i.HAL_UART_IRQHandler)
    i.HAL_UART_Init                          0x08003190   Section        0  stm32f1xx_hal_uart.o(i.HAL_UART_Init)
    i.HAL_UART_MspInit                       0x08003208   Section        0  usart.o(i.HAL_UART_MspInit)
    i.HAL_UART_Receive_IT                    0x08003324   Section        0  stm32f1xx_hal_uart.o(i.HAL_UART_Receive_IT)
    i.HAL_UART_RxCpltCallback                0x08003350   Section        0  main.o(i.HAL_UART_RxCpltCallback)
    i.HAL_UART_Transmit                      0x08003450   Section        0  stm32f1xx_hal_uart.o(i.HAL_UART_Transmit)
    i.HAL_UART_TxCpltCallback                0x08003502   Section        0  stm32f1xx_hal_uart.o(i.HAL_UART_TxCpltCallback)
    i.HardFault_Handler                      0x08003504   Section        0  stm32f1xx_it.o(i.HardFault_Handler)
    i.I2C_IsAcknowledgeFailed                0x08003508   Section        0  stm32f1xx_hal_i2c.o(i.I2C_IsAcknowledgeFailed)
    I2C_IsAcknowledgeFailed                  0x08003509   Thumb Code    62  stm32f1xx_hal_i2c.o(i.I2C_IsAcknowledgeFailed)
    i.I2C_MasterRequestWrite                 0x08003548   Section        0  stm32f1xx_hal_i2c.o(i.I2C_MasterRequestWrite)
    I2C_MasterRequestWrite                   0x08003549   Thumb Code   186  stm32f1xx_hal_i2c.o(i.I2C_MasterRequestWrite)
    i.I2C_WaitOnBTFFlagUntilTimeout          0x08003608   Section        0  stm32f1xx_hal_i2c.o(i.I2C_WaitOnBTFFlagUntilTimeout)
    I2C_WaitOnBTFFlagUntilTimeout            0x08003609   Thumb Code    92  stm32f1xx_hal_i2c.o(i.I2C_WaitOnBTFFlagUntilTimeout)
    i.I2C_WaitOnFlagUntilTimeout             0x08003664   Section        0  stm32f1xx_hal_i2c.o(i.I2C_WaitOnFlagUntilTimeout)
    I2C_WaitOnFlagUntilTimeout               0x08003665   Thumb Code   134  stm32f1xx_hal_i2c.o(i.I2C_WaitOnFlagUntilTimeout)
    i.I2C_WaitOnMasterAddressFlagUntilTimeout 0x080036ea   Section        0  stm32f1xx_hal_i2c.o(i.I2C_WaitOnMasterAddressFlagUntilTimeout)
    I2C_WaitOnMasterAddressFlagUntilTimeout  0x080036eb   Thumb Code   196  stm32f1xx_hal_i2c.o(i.I2C_WaitOnMasterAddressFlagUntilTimeout)
    i.I2C_WaitOnTXEFlagUntilTimeout          0x080037ae   Section        0  stm32f1xx_hal_i2c.o(i.I2C_WaitOnTXEFlagUntilTimeout)
    I2C_WaitOnTXEFlagUntilTimeout            0x080037af   Thumb Code    92  stm32f1xx_hal_i2c.o(i.I2C_WaitOnTXEFlagUntilTimeout)
    i.MX_GPIO_Init                           0x0800380c   Section        0  gpio.o(i.MX_GPIO_Init)
    i.MX_TIM3_Init                           0x0800396c   Section        0  tim.o(i.MX_TIM3_Init)
    i.MX_USART1_UART_Init                    0x080039d8   Section        0  usart.o(i.MX_USART1_UART_Init)
    i.MX_USART3_UART_Init                    0x08003a10   Section        0  usart.o(i.MX_USART3_UART_Init)
    i.MemManage_Handler                      0x08003a68   Section        0  stm32f1xx_it.o(i.MemManage_Handler)
    i.NMI_Handler                            0x08003a6c   Section        0  stm32f1xx_it.o(i.NMI_Handler)
    i.OLED_Clear                             0x08003a70   Section        0  oled.o(i.OLED_Clear)
    i.OLED_Init                              0x08003aa8   Section        0  oled.o(i.OLED_Init)
    i.OLED_Set_Pos                           0x08003b68   Section        0  oled.o(i.OLED_Set_Pos)
    i.OLED_ShowChar                          0x08003b90   Section        0  oled.o(i.OLED_ShowChar)
    i.OLED_ShowString_fun                    0x08003c2c   Section        0  oled.o(i.OLED_ShowString_fun)
    i.OLED_Write_Cmd                         0x08003cc8   Section        0  oled.o(i.OLED_Write_Cmd)
    OLED_Write_Cmd                           0x08003cc9   Thumb Code    34  oled.o(i.OLED_Write_Cmd)
    i.OLED_Write_Dat                         0x08003cf0   Section        0  oled.o(i.OLED_Write_Dat)
    OLED_Write_Dat                           0x08003cf1   Thumb Code    34  oled.o(i.OLED_Write_Dat)
    i.PendSV_Handler                         0x08003d18   Section        0  stm32f1xx_it.o(i.PendSV_Handler)
    i.RCC_Delay                              0x08003d1c   Section        0  stm32f1xx_hal_rcc.o(i.RCC_Delay)
    RCC_Delay                                0x08003d1d   Thumb Code    36  stm32f1xx_hal_rcc.o(i.RCC_Delay)
    i.SVC_Handler                            0x08003d44   Section        0  stm32f1xx_it.o(i.SVC_Handler)
    i.SysTick_Handler                        0x08003d48   Section        0  stm32f1xx_it.o(i.SysTick_Handler)
    i.SystemClock_Config                     0x08003da8   Section        0  main.o(i.SystemClock_Config)
    i.SystemInit                             0x08003e0e   Section        0  system_stm32f1xx.o(i.SystemInit)
    i.TIM3_IRQHandler                        0x08003e10   Section        0  stm32f1xx_it.o(i.TIM3_IRQHandler)
    i.TIM_Base_SetConfig                     0x08003ea0   Section        0  stm32f1xx_hal_tim.o(i.TIM_Base_SetConfig)
    i.TIM_ETR_SetConfig                      0x08003f14   Section        0  stm32f1xx_hal_tim.o(i.TIM_ETR_SetConfig)
    i.TIM_ITRx_SetConfig                     0x08003f2a   Section        0  stm32f1xx_hal_tim.o(i.TIM_ITRx_SetConfig)
    TIM_ITRx_SetConfig                       0x08003f2b   Thumb Code    18  stm32f1xx_hal_tim.o(i.TIM_ITRx_SetConfig)
    i.TIM_TI1_ConfigInputStage               0x08003f3c   Section        0  stm32f1xx_hal_tim.o(i.TIM_TI1_ConfigInputStage)
    TIM_TI1_ConfigInputStage                 0x08003f3d   Thumb Code    38  stm32f1xx_hal_tim.o(i.TIM_TI1_ConfigInputStage)
    i.TIM_TI2_ConfigInputStage               0x08003f62   Section        0  stm32f1xx_hal_tim.o(i.TIM_TI2_ConfigInputStage)
    TIM_TI2_ConfigInputStage                 0x08003f63   Thumb Code    40  stm32f1xx_hal_tim.o(i.TIM_TI2_ConfigInputStage)
    i.UART_DMAAbortOnError                   0x08003f8a   Section        0  stm32f1xx_hal_uart.o(i.UART_DMAAbortOnError)
    UART_DMAAbortOnError                     0x08003f8b   Thumb Code    20  stm32f1xx_hal_uart.o(i.UART_DMAAbortOnError)
    i.UART_EndRxTransfer                     0x08003f9e   Section        0  stm32f1xx_hal_uart.o(i.UART_EndRxTransfer)
    UART_EndRxTransfer                       0x08003f9f   Thumb Code   108  stm32f1xx_hal_uart.o(i.UART_EndRxTransfer)
    i.UART_EndTransmit_IT                    0x0800400a   Section        0  stm32f1xx_hal_uart.o(i.UART_EndTransmit_IT)
    UART_EndTransmit_IT                      0x0800400b   Thumb Code    32  stm32f1xx_hal_uart.o(i.UART_EndTransmit_IT)
    i.UART_Receive_IT                        0x0800402a   Section        0  stm32f1xx_hal_uart.o(i.UART_Receive_IT)
    UART_Receive_IT                          0x0800402b   Thumb Code   252  stm32f1xx_hal_uart.o(i.UART_Receive_IT)
    i.UART_SetConfig                         0x08004128   Section        0  stm32f1xx_hal_uart.o(i.UART_SetConfig)
    UART_SetConfig                           0x08004129   Thumb Code   248  stm32f1xx_hal_uart.o(i.UART_SetConfig)
    i.UART_Start_Receive_IT                  0x08004224   Section        0  stm32f1xx_hal_uart.o(i.UART_Start_Receive_IT)
    i.UART_Transmit_IT                       0x08004264   Section        0  stm32f1xx_hal_uart.o(i.UART_Transmit_IT)
    UART_Transmit_IT                         0x08004265   Thumb Code    96  stm32f1xx_hal_uart.o(i.UART_Transmit_IT)
    i.UART_WaitOnFlagUntilTimeout            0x080042c4   Section        0  stm32f1xx_hal_uart.o(i.UART_WaitOnFlagUntilTimeout)
    UART_WaitOnFlagUntilTimeout              0x080042c5   Thumb Code   146  stm32f1xx_hal_uart.o(i.UART_WaitOnFlagUntilTimeout)
    i.USART1_IRQHandler                      0x08004358   Section        0  stm32f1xx_it.o(i.USART1_IRQHandler)
    i.USART3_IRQHandler                      0x08004398   Section        0  stm32f1xx_it.o(i.USART3_IRQHandler)
    i.UsageFault_Handler                     0x080043d8   Section        0  stm32f1xx_it.o(i.UsageFault_Handler)
    i.__ARM_fpclassify                       0x080043dc   Section        0  fpclassify.o(i.__ARM_fpclassify)
    i.__NVIC_GetPriorityGrouping             0x08004404   Section        0  stm32f1xx_hal_cortex.o(i.__NVIC_GetPriorityGrouping)
    __NVIC_GetPriorityGrouping               0x08004405   Thumb Code    10  stm32f1xx_hal_cortex.o(i.__NVIC_GetPriorityGrouping)
    i.__NVIC_SetPriority                     0x08004414   Section        0  stm32f1xx_hal_cortex.o(i.__NVIC_SetPriority)
    __NVIC_SetPriority                       0x08004415   Thumb Code    32  stm32f1xx_hal_cortex.o(i.__NVIC_SetPriority)
    i._is_digit                              0x0800443c   Section        0  __printf_wp.o(i._is_digit)
    i._sys_exit                              0x0800444a   Section        0  usart.o(i._sys_exit)
    i.fputc                                  0x08004450   Section        0  usart.o(i.fputc)
    i.main                                   0x0800446c   Section        0  main.o(i.main)
    i.usart3_printf                          0x0800453c   Section        0  usart.o(i.usart3_printf)
    locale$$code                             0x08004578   Section       44  lc_numeric_c.o(locale$$code)
    locale$$code                             0x080045a4   Section       44  lc_ctype_c.o(locale$$code)
    x$fpl$printf1                            0x080045d0   Section        4  printf1.o(x$fpl$printf1)
    x$fpl$printf2                            0x080045d4   Section        4  printf2.o(x$fpl$printf2)
    .constdata                               0x080045d8   Section     2072  oled_zk.o(.constdata)
    x$fpl$usenofp                            0x080045d8   Section        0  usenofp.o(x$fpl$usenofp)
    .constdata                               0x08004df0   Section       18  stm32f1xx_hal_rcc.o(.constdata)
    aPLLMULFactorTable                       0x08004df0   Data          16  stm32f1xx_hal_rcc.o(.constdata)
    aPredivFactorTable                       0x08004e00   Data           2  stm32f1xx_hal_rcc.o(.constdata)
    .constdata                               0x08004e02   Section       24  system_stm32f1xx.o(.constdata)
    .constdata                               0x08004e1a   Section       17  __printf_flags_ss_wp.o(.constdata)
    maptable                                 0x08004e1a   Data          17  __printf_flags_ss_wp.o(.constdata)
    .constdata                               0x08004e2c   Section        8  _printf_wctomb.o(.constdata)
    initial_mbstate                          0x08004e2c   Data           8  _printf_wctomb.o(.constdata)
    .constdata                               0x08004e34   Section       40  _printf_hex_int_ll_ptr.o(.constdata)
    uc_hextab                                0x08004e34   Data          20  _printf_hex_int_ll_ptr.o(.constdata)
    lc_hextab                                0x08004e48   Data          20  _printf_hex_int_ll_ptr.o(.constdata)
    .constdata                               0x08004e5c   Section       38  _printf_fp_hex.o(.constdata)
    lc_hextab                                0x08004e5c   Data          19  _printf_fp_hex.o(.constdata)
    uc_hextab                                0x08004e6f   Data          19  _printf_fp_hex.o(.constdata)
    .constdata                               0x08004e84   Section      148  bigflt0.o(.constdata)
    tenpwrs_x                                0x08004e84   Data          60  bigflt0.o(.constdata)
    tenpwrs_i                                0x08004ec0   Data          64  bigflt0.o(.constdata)
    locale$$data                             0x08004f38   Section       28  lc_numeric_c.o(locale$$data)
    __lcnum_c_name                           0x08004f3c   Data           2  lc_numeric_c.o(locale$$data)
    __lcnum_c_start                          0x08004f44   Data           0  lc_numeric_c.o(locale$$data)
    __lcnum_c_point                          0x08004f50   Data           0  lc_numeric_c.o(locale$$data)
    __lcnum_c_thousands                      0x08004f52   Data           0  lc_numeric_c.o(locale$$data)
    __lcnum_c_grouping                       0x08004f53   Data           0  lc_numeric_c.o(locale$$data)
    locale$$data                             0x08004f54   Section      272  lc_ctype_c.o(locale$$data)
    __lcnum_c_end                            0x08004f54   Data           0  lc_numeric_c.o(locale$$data)
    __lcctype_c_name                         0x08004f58   Data           2  lc_ctype_c.o(locale$$data)
    __lcctype_c_start                        0x08004f60   Data           0  lc_ctype_c.o(locale$$data)
    __lcctype_c_end                          0x08005064   Data           0  lc_ctype_c.o(locale$$data)
    .data                                    0x20000000   Section       11  main.o(.data)
    .data                                    0x2000000c   Section       13  usart.o(.data)
    .data                                    0x2000001a   Section        4  oled.o(.data)
    .data                                    0x20000020   Section        9  stm32f1xx_hal.o(.data)
    .data                                    0x2000002c   Section        4  system_stm32f1xx.o(.data)
    .bss                                     0x20000030   Section       84  i2c.o(.bss)
    .bss                                     0x20000084   Section       72  tim.o(.bss)
    .bss                                     0x200000cc   Section     1880  usart.o(.bss)
    .bss                                     0x20000824   Section       96  libspace.o(.bss)
    HEAP                                     0x20000888   Section      512  startup_stm32f103xb.o(HEAP)
    Heap_Mem                                 0x20000888   Data         512  startup_stm32f103xb.o(HEAP)
    STACK                                    0x20000a88   Section     1024  startup_stm32f103xb.o(STACK)
    Stack_Mem                                0x20000a88   Data        1024  startup_stm32f103xb.o(STACK)
    __initial_sp                             0x20000e88   Data           0  startup_stm32f103xb.o(STACK)

    Global Symbols

    Symbol Name                              Value     Ov Type        Size  Object(Section)

    BuildAttributes$$THM_ISAv4$P$D$K$B$S$PE$A:L22UL41UL21$X:L11$S22US41US21$IEEE1$IW$USESV6$~STKCKD$USESV7$~SHL$OTIME$ROPI$IEEEJ$EBA8$UX$STANDARDLIB$REQ8$PRES8$EABIv2 0x00000000   Number         0  anon$$obj.o ABSOLUTE
    __ARM_use_no_argv                        0x00000000   Number         0  main.o ABSOLUTE
    _printf_flags                            0x00000000   Number         0  printf_stubs.o ABSOLUTE
    _printf_return_value                     0x00000000   Number         0  printf_stubs.o ABSOLUTE
    _printf_sizespec                         0x00000000   Number         0  printf_stubs.o ABSOLUTE
    _printf_widthprec                        0x00000000   Number         0  printf_stubs.o ABSOLUTE
    __ARM_exceptions_init                     - Undefined Weak Reference
    __alloca_initialize                       - Undefined Weak Reference
    __arm_fini_                               - Undefined Weak Reference
    __arm_preinit_                            - Undefined Weak Reference
    __cpp_initialize__aeabi_                  - Undefined Weak Reference
    __cxa_finalize                            - Undefined Weak Reference
    __sigvec_lookup                           - Undefined Weak Reference
    _atexit_init                              - Undefined Weak Reference
    _call_atexit_fns                          - Undefined Weak Reference
    _clock_init                               - Undefined Weak Reference
    _fp_trap_init                             - Undefined Weak Reference
    _fp_trap_shutdown                         - Undefined Weak Reference
    _get_lc_collate                           - Undefined Weak Reference
    _get_lc_monetary                          - Undefined Weak Reference
    _get_lc_time                              - Undefined Weak Reference
    _getenv_init                              - Undefined Weak Reference
    _handle_redirection                       - Undefined Weak Reference
    _init_alloc                               - Undefined Weak Reference
    _init_user_alloc                          - Undefined Weak Reference
    _initio                                   - Undefined Weak Reference
    _mutex_acquire                            - Undefined Weak Reference
    _mutex_release                            - Undefined Weak Reference
    _printf_mbtowc                            - Undefined Weak Reference
    _printf_wc                                - Undefined Weak Reference
    _rand_init                                - Undefined Weak Reference
    _signal_finish                            - Undefined Weak Reference
    _signal_init                              - Undefined Weak Reference
    _terminate_alloc                          - Undefined Weak Reference
    _terminate_user_alloc                     - Undefined Weak Reference
    _terminateio                              - Undefined Weak Reference
    __Vectors_Size                           0x000000ec   Number         0  startup_stm32f103xb.o ABSOLUTE
    __Vectors                                0x08000000   Data           4  startup_stm32f103xb.o(RESET)
    __Vectors_End                            0x080000ec   Data           0  startup_stm32f103xb.o(RESET)
    __main                                   0x080000ed   Thumb Code     8  __main.o(!!!main)
    __scatterload                            0x080000f5   Thumb Code     0  __scatter.o(!!!scatter)
    __scatterload_rt2                        0x080000f5   Thumb Code    44  __scatter.o(!!!scatter)
    __scatterload_rt2_thumb_only             0x080000f5   Thumb Code     0  __scatter.o(!!!scatter)
    __scatterload_null                       0x08000103   Thumb Code     0  __scatter.o(!!!scatter)
    __scatterload_copy                       0x08000129   Thumb Code    26  __scatter_copy.o(!!handler_copy)
    __scatterload_zeroinit                   0x08000145   Thumb Code    28  __scatter_zi.o(!!handler_zi)
    _printf_n                                0x08000161   Thumb Code     0  _printf_n.o(.ARM.Collect$$_printf_percent$$00000001)
    _printf_percent                          0x08000161   Thumb Code     0  _printf_percent.o(.ARM.Collect$$_printf_percent$$00000000)
    _printf_p                                0x08000167   Thumb Code     0  _printf_p.o(.ARM.Collect$$_printf_percent$$00000002)
    _printf_f                                0x0800016d   Thumb Code     0  _printf_f.o(.ARM.Collect$$_printf_percent$$00000003)
    _printf_e                                0x08000173   Thumb Code     0  _printf_e.o(.ARM.Collect$$_printf_percent$$00000004)
    _printf_g                                0x08000179   Thumb Code     0  _printf_g.o(.ARM.Collect$$_printf_percent$$00000005)
    _printf_a                                0x0800017f   Thumb Code     0  _printf_a.o(.ARM.Collect$$_printf_percent$$00000006)
    _printf_ll                               0x08000185   Thumb Code     0  _printf_ll.o(.ARM.Collect$$_printf_percent$$00000007)
    _printf_i                                0x0800018f   Thumb Code     0  _printf_i.o(.ARM.Collect$$_printf_percent$$00000008)
    _printf_d                                0x08000195   Thumb Code     0  _printf_d.o(.ARM.Collect$$_printf_percent$$00000009)
    _printf_u                                0x0800019b   Thumb Code     0  _printf_u.o(.ARM.Collect$$_printf_percent$$0000000A)
    _printf_o                                0x080001a1   Thumb Code     0  _printf_o.o(.ARM.Collect$$_printf_percent$$0000000B)
    _printf_x                                0x080001a7   Thumb Code     0  _printf_x.o(.ARM.Collect$$_printf_percent$$0000000C)
    _printf_lli                              0x080001ad   Thumb Code     0  _printf_lli.o(.ARM.Collect$$_printf_percent$$0000000D)
    _printf_lld                              0x080001b3   Thumb Code     0  _printf_lld.o(.ARM.Collect$$_printf_percent$$0000000E)
    _printf_llu                              0x080001b9   Thumb Code     0  _printf_llu.o(.ARM.Collect$$_printf_percent$$0000000F)
    _printf_llo                              0x080001bf   Thumb Code     0  _printf_llo.o(.ARM.Collect$$_printf_percent$$00000010)
    _printf_llx                              0x080001c5   Thumb Code     0  _printf_llx.o(.ARM.Collect$$_printf_percent$$00000011)
    _printf_l                                0x080001cb   Thumb Code     0  _printf_l.o(.ARM.Collect$$_printf_percent$$00000012)
    _printf_c                                0x080001d5   Thumb Code     0  _printf_c.o(.ARM.Collect$$_printf_percent$$00000013)
    _printf_s                                0x080001db   Thumb Code     0  _printf_s.o(.ARM.Collect$$_printf_percent$$00000014)
    _printf_lc                               0x080001e1   Thumb Code     0  _printf_lc.o(.ARM.Collect$$_printf_percent$$00000015)
    _printf_ls                               0x080001e7   Thumb Code     0  _printf_ls.o(.ARM.Collect$$_printf_percent$$00000016)
    _printf_percent_end                      0x080001ed   Thumb Code     0  _printf_percent_end.o(.ARM.Collect$$_printf_percent$$00000017)
    __rt_lib_init                            0x080001f1   Thumb Code     0  libinit.o(.ARM.Collect$$libinit$$00000000)
    __rt_lib_init_fp_1                       0x080001f3   Thumb Code     0  libinit2.o(.ARM.Collect$$libinit$$00000002)
    __rt_lib_init_heap_1                     0x080001f3   Thumb Code     0  libinit2.o(.ARM.Collect$$libinit$$0000000A)
    __rt_lib_init_lc_common                  0x080001f3   Thumb Code     0  libinit2.o(.ARM.Collect$$libinit$$0000000F)
    __rt_lib_init_preinit_1                  0x080001f3   Thumb Code     0  libinit2.o(.ARM.Collect$$libinit$$00000004)
    __rt_lib_init_rand_1                     0x080001f3   Thumb Code     0  libinit2.o(.ARM.Collect$$libinit$$0000000E)
    __rt_lib_init_user_alloc_1               0x080001f3   Thumb Code     0  libinit2.o(.ARM.Collect$$libinit$$0000000C)
    __rt_lib_init_lc_collate_1               0x080001f9   Thumb Code     0  libinit2.o(.ARM.Collect$$libinit$$00000011)
    __rt_lib_init_lc_ctype_2                 0x080001f9   Thumb Code     0  libinit2.o(.ARM.Collect$$libinit$$00000012)
    __rt_lib_init_lc_ctype_1                 0x08000205   Thumb Code     0  libinit2.o(.ARM.Collect$$libinit$$00000013)
    __rt_lib_init_lc_monetary_1              0x08000205   Thumb Code     0  libinit2.o(.ARM.Collect$$libinit$$00000015)
    __rt_lib_init_lc_numeric_2               0x08000205   Thumb Code     0  libinit2.o(.ARM.Collect$$libinit$$00000016)
    __rt_lib_init_alloca_1                   0x0800020f   Thumb Code     0  libinit2.o(.ARM.Collect$$libinit$$0000002E)
    __rt_lib_init_argv_1                     0x0800020f   Thumb Code     0  libinit2.o(.ARM.Collect$$libinit$$0000002C)
    __rt_lib_init_atexit_1                   0x0800020f   Thumb Code     0  libinit2.o(.ARM.Collect$$libinit$$0000001B)
    __rt_lib_init_clock_1                    0x0800020f   Thumb Code     0  libinit2.o(.ARM.Collect$$libinit$$00000021)
    __rt_lib_init_cpp_1                      0x0800020f   Thumb Code     0  libinit2.o(.ARM.Collect$$libinit$$00000032)
    __rt_lib_init_exceptions_1               0x0800020f   Thumb Code     0  libinit2.o(.ARM.Collect$$libinit$$00000030)
    __rt_lib_init_fp_trap_1                  0x0800020f   Thumb Code     0  libinit2.o(.ARM.Collect$$libinit$$0000001F)
    __rt_lib_init_getenv_1                   0x0800020f   Thumb Code     0  libinit2.o(.ARM.Collect$$libinit$$00000023)
    __rt_lib_init_lc_numeric_1               0x0800020f   Thumb Code     0  libinit2.o(.ARM.Collect$$libinit$$00000017)
    __rt_lib_init_lc_time_1                  0x0800020f   Thumb Code     0  libinit2.o(.ARM.Collect$$libinit$$00000019)
    __rt_lib_init_return                     0x0800020f   Thumb Code     0  libinit2.o(.ARM.Collect$$libinit$$00000033)
    __rt_lib_init_signal_1                   0x0800020f   Thumb Code     0  libinit2.o(.ARM.Collect$$libinit$$0000001D)
    __rt_lib_init_stdio_1                    0x0800020f   Thumb Code     0  libinit2.o(.ARM.Collect$$libinit$$00000025)
    __rt_lib_shutdown                        0x08000211   Thumb Code     0  libshutdown.o(.ARM.Collect$$libshutdown$$00000000)
    __rt_lib_shutdown_cpp_1                  0x08000213   Thumb Code     0  libshutdown2.o(.ARM.Collect$$libshutdown$$00000004)
    __rt_lib_shutdown_fini_1                 0x08000213   Thumb Code     0  libshutdown2.o(.ARM.Collect$$libshutdown$$00000002)
    __rt_lib_shutdown_fp_trap_1              0x08000213   Thumb Code     0  libshutdown2.o(.ARM.Collect$$libshutdown$$00000009)
    __rt_lib_shutdown_heap_1                 0x08000213   Thumb Code     0  libshutdown2.o(.ARM.Collect$$libshutdown$$00000011)
    __rt_lib_shutdown_return                 0x08000213   Thumb Code     0  libshutdown2.o(.ARM.Collect$$libshutdown$$00000012)
    __rt_lib_shutdown_signal_1               0x08000213   Thumb Code     0  libshutdown2.o(.ARM.Collect$$libshutdown$$0000000C)
    __rt_lib_shutdown_stdio_1                0x08000213   Thumb Code     0  libshutdown2.o(.ARM.Collect$$libshutdown$$00000006)
    __rt_lib_shutdown_user_alloc_1           0x08000213   Thumb Code     0  libshutdown2.o(.ARM.Collect$$libshutdown$$0000000E)
    __rt_entry                               0x08000215   Thumb Code     0  __rtentry.o(.ARM.Collect$$rtentry$$00000000)
    __rt_entry_presh_1                       0x08000215   Thumb Code     0  __rtentry2.o(.ARM.Collect$$rtentry$$00000002)
    __rt_entry_sh                            0x08000215   Thumb Code     0  __rtentry4.o(.ARM.Collect$$rtentry$$00000004)
    __rt_entry_li                            0x0800021b   Thumb Code     0  __rtentry2.o(.ARM.Collect$$rtentry$$0000000A)
    __rt_entry_postsh_1                      0x0800021b   Thumb Code     0  __rtentry2.o(.ARM.Collect$$rtentry$$00000009)
    __rt_entry_main                          0x0800021f   Thumb Code     0  __rtentry2.o(.ARM.Collect$$rtentry$$0000000D)
    __rt_entry_postli_1                      0x0800021f   Thumb Code     0  __rtentry2.o(.ARM.Collect$$rtentry$$0000000C)
    __rt_exit                                0x08000227   Thumb Code     0  rtexit.o(.ARM.Collect$$rtexit$$00000000)
    __rt_exit_ls                             0x08000229   Thumb Code     0  rtexit2.o(.ARM.Collect$$rtexit$$00000003)
    __rt_exit_prels_1                        0x08000229   Thumb Code     0  rtexit2.o(.ARM.Collect$$rtexit$$00000002)
    __rt_exit_exit                           0x0800022d   Thumb Code     0  rtexit2.o(.ARM.Collect$$rtexit$$00000004)
    Reset_Handler                            0x08000235   Thumb Code     8  startup_stm32f103xb.o(.text)
    ADC1_2_IRQHandler                        0x0800024f   Thumb Code     0  startup_stm32f103xb.o(.text)
    CAN1_RX1_IRQHandler                      0x0800024f   Thumb Code     0  startup_stm32f103xb.o(.text)
    CAN1_SCE_IRQHandler                      0x0800024f   Thumb Code     0  startup_stm32f103xb.o(.text)
    DMA1_Channel1_IRQHandler                 0x0800024f   Thumb Code     0  startup_stm32f103xb.o(.text)
    DMA1_Channel2_IRQHandler                 0x0800024f   Thumb Code     0  startup_stm32f103xb.o(.text)
    DMA1_Channel3_IRQHandler                 0x0800024f   Thumb Code     0  startup_stm32f103xb.o(.text)
    DMA1_Channel4_IRQHandler                 0x0800024f   Thumb Code     0  startup_stm32f103xb.o(.text)
    DMA1_Channel5_IRQHandler                 0x0800024f   Thumb Code     0  startup_stm32f103xb.o(.text)
    DMA1_Channel6_IRQHandler                 0x0800024f   Thumb Code     0  startup_stm32f103xb.o(.text)
    DMA1_Channel7_IRQHandler                 0x0800024f   Thumb Code     0  startup_stm32f103xb.o(.text)
    EXTI0_IRQHandler                         0x0800024f   Thumb Code     0  startup_stm32f103xb.o(.text)
    EXTI15_10_IRQHandler                     0x0800024f   Thumb Code     0  startup_stm32f103xb.o(.text)
    EXTI1_IRQHandler                         0x0800024f   Thumb Code     0  startup_stm32f103xb.o(.text)
    EXTI2_IRQHandler                         0x0800024f   Thumb Code     0  startup_stm32f103xb.o(.text)
    EXTI3_IRQHandler                         0x0800024f   Thumb Code     0  startup_stm32f103xb.o(.text)
    EXTI4_IRQHandler                         0x0800024f   Thumb Code     0  startup_stm32f103xb.o(.text)
    EXTI9_5_IRQHandler                       0x0800024f   Thumb Code     0  startup_stm32f103xb.o(.text)
    FLASH_IRQHandler                         0x0800024f   Thumb Code     0  startup_stm32f103xb.o(.text)
    I2C1_ER_IRQHandler                       0x0800024f   Thumb Code     0  startup_stm32f103xb.o(.text)
    I2C1_EV_IRQHandler                       0x0800024f   Thumb Code     0  startup_stm32f103xb.o(.text)
    I2C2_ER_IRQHandler                       0x0800024f   Thumb Code     0  startup_stm32f103xb.o(.text)
    I2C2_EV_IRQHandler                       0x0800024f   Thumb Code     0  startup_stm32f103xb.o(.text)
    PVD_IRQHandler                           0x0800024f   Thumb Code     0  startup_stm32f103xb.o(.text)
    RCC_IRQHandler                           0x0800024f   Thumb Code     0  startup_stm32f103xb.o(.text)
    RTC_Alarm_IRQHandler                     0x0800024f   Thumb Code     0  startup_stm32f103xb.o(.text)
    RTC_IRQHandler                           0x0800024f   Thumb Code     0  startup_stm32f103xb.o(.text)
    SPI1_IRQHandler                          0x0800024f   Thumb Code     0  startup_stm32f103xb.o(.text)
    SPI2_IRQHandler                          0x0800024f   Thumb Code     0  startup_stm32f103xb.o(.text)
    TAMPER_IRQHandler                        0x0800024f   Thumb Code     0  startup_stm32f103xb.o(.text)
    TIM1_BRK_IRQHandler                      0x0800024f   Thumb Code     0  startup_stm32f103xb.o(.text)
    TIM1_CC_IRQHandler                       0x0800024f   Thumb Code     0  startup_stm32f103xb.o(.text)
    TIM1_TRG_COM_IRQHandler                  0x0800024f   Thumb Code     0  startup_stm32f103xb.o(.text)
    TIM1_UP_IRQHandler                       0x0800024f   Thumb Code     0  startup_stm32f103xb.o(.text)
    TIM2_IRQHandler                          0x0800024f   Thumb Code     0  startup_stm32f103xb.o(.text)
    TIM4_IRQHandler                          0x0800024f   Thumb Code     0  startup_stm32f103xb.o(.text)
    USART2_IRQHandler                        0x0800024f   Thumb Code     0  startup_stm32f103xb.o(.text)
    USBWakeUp_IRQHandler                     0x0800024f   Thumb Code     0  startup_stm32f103xb.o(.text)
    USB_HP_CAN1_TX_IRQHandler                0x0800024f   Thumb Code     0  startup_stm32f103xb.o(.text)
    USB_LP_CAN1_RX0_IRQHandler               0x0800024f   Thumb Code     0  startup_stm32f103xb.o(.text)
    WWDG_IRQHandler                          0x0800024f   Thumb Code     0  startup_stm32f103xb.o(.text)
    __user_initial_stackheap                 0x08000251   Thumb Code     0  startup_stm32f103xb.o(.text)
    __use_no_semihosting                     0x08000275   Thumb Code     2  use_no_semi_2.o(.text)
    vsprintf                                 0x08000279   Thumb Code    32  vsprintf.o(.text)
    __2printf                                0x0800029d   Thumb Code    20  __2printf.o(.text)
    _printf_str                              0x080002b5   Thumb Code    82  _printf_str.o(.text)
    _printf_int_dec                          0x08000309   Thumb Code   104  _printf_dec.o(.text)
    __printf                                 0x08000381   Thumb Code   388  __printf_flags_ss_wp.o(.text)
    strlen                                   0x08000509   Thumb Code    62  strlen.o(.text)
    __aeabi_memclr4                          0x08000547   Thumb Code     0  rt_memclr_w.o(.text)
    __aeabi_memclr8                          0x08000547   Thumb Code     0  rt_memclr_w.o(.text)
    __rt_memclr_w                            0x08000547   Thumb Code    78  rt_memclr_w.o(.text)
    _memset_w                                0x0800054b   Thumb Code     0  rt_memclr_w.o(.text)
    strcmp                                   0x08000595   Thumb Code   128  strcmpv7m.o(.text)
    __use_two_region_memory                  0x08000615   Thumb Code     2  heapauxi.o(.text)
    __rt_heap_escrow$2region                 0x08000617   Thumb Code     2  heapauxi.o(.text)
    __rt_heap_expand$2region                 0x08000619   Thumb Code     2  heapauxi.o(.text)
    __I$use$semihosting                      0x0800061b   Thumb Code     0  use_no_semi.o(.text)
    __use_no_semihosting_swi                 0x0800061b   Thumb Code     2  use_no_semi.o(.text)
    _printf_pre_padding                      0x0800061d   Thumb Code    44  _printf_pad.o(.text)
    _printf_post_padding                     0x08000649   Thumb Code    34  _printf_pad.o(.text)
    _printf_truncate_signed                  0x0800066b   Thumb Code    18  _printf_truncate.o(.text)
    _printf_truncate_unsigned                0x0800067d   Thumb Code    18  _printf_truncate.o(.text)
    _printf_int_common                       0x0800068f   Thumb Code   178  _printf_intcommon.o(.text)
    _printf_charcount                        0x08000741   Thumb Code    40  _printf_charcount.o(.text)
    _printf_char_common                      0x08000773   Thumb Code    32  _printf_char_common.o(.text)
    _sputc                                   0x08000799   Thumb Code    10  _sputc.o(.text)
    _printf_cs_common                        0x080007a3   Thumb Code    20  _printf_char.o(.text)
    _printf_char                             0x080007b7   Thumb Code    16  _printf_char.o(.text)
    _printf_string                           0x080007c7   Thumb Code     8  _printf_char.o(.text)
    _printf_char_file                        0x080007d1   Thumb Code    32  _printf_char_file.o(.text)
    _printf_wctomb                           0x080007f5   Thumb Code   182  _printf_wctomb.o(.text)
    _printf_longlong_dec                     0x080008b1   Thumb Code   108  _printf_longlong_dec.o(.text)
    _printf_longlong_oct                     0x0800092d   Thumb Code    66  _printf_oct_int_ll.o(.text)
    _printf_int_oct                          0x0800096f   Thumb Code    24  _printf_oct_int_ll.o(.text)
    _printf_ll_oct                           0x08000987   Thumb Code    12  _printf_oct_int_ll.o(.text)
    _printf_longlong_hex                     0x0800099d   Thumb Code    86  _printf_hex_int_ll_ptr.o(.text)
    _printf_int_hex                          0x080009f3   Thumb Code    28  _printf_hex_int_ll_ptr.o(.text)
    _printf_ll_hex                           0x08000a0f   Thumb Code    12  _printf_hex_int_ll_ptr.o(.text)
    _printf_hex_ptr                          0x08000a1b   Thumb Code    18  _printf_hex_int_ll_ptr.o(.text)
    _ll_udiv10                               0x08000a31   Thumb Code   138  lludiv10.o(.text)
    __lib_sel_fp_printf                      0x08000abb   Thumb Code     2  _printf_fp_dec.o(.text)
    _printf_fp_dec_real                      0x08000c6d   Thumb Code   620  _printf_fp_dec.o(.text)
    _printf_fp_hex_real                      0x08000ed9   Thumb Code   756  _printf_fp_hex.o(.text)
    _printf_lcs_common                       0x080011d5   Thumb Code    20  _printf_wchar.o(.text)
    _printf_wchar                            0x080011e9   Thumb Code    16  _printf_wchar.o(.text)
    _printf_wstring                          0x080011f9   Thumb Code     8  _printf_wchar.o(.text)
    ferror                                   0x08001201   Thumb Code     8  ferror.o(.text)
    _wcrtomb                                 0x08001209   Thumb Code    64  _wcrtomb.o(.text)
    __user_setup_stackheap                   0x08001249   Thumb Code    74  sys_stackheap_outer.o(.text)
    __rt_ctype_table                         0x08001295   Thumb Code    16  rt_ctype_table.o(.text)
    __rt_locale                              0x080012a5   Thumb Code     8  rt_locale_intlibspace.o(.text)
    _printf_fp_infnan                        0x080012ad   Thumb Code   112  _printf_fp_infnan.o(.text)
    _btod_etento                             0x0800132d   Thumb Code   224  bigflt0.o(.text)
    exit                                     0x08001411   Thumb Code    18  exit.o(.text)
    __user_libspace                          0x08001425   Thumb Code     8  libspace.o(.text)
    __user_perproc_libspace                  0x08001425   Thumb Code     0  libspace.o(.text)
    __user_perthread_libspace                0x08001425   Thumb Code     0  libspace.o(.text)
    _btod_d2e                                0x0800142d   Thumb Code    62  btod.o(CL$$btod_d2e)
    _d2e_denorm_low                          0x0800146b   Thumb Code    70  btod.o(CL$$btod_d2e_denorm_low)
    _d2e_norm_op1                            0x080014b1   Thumb Code    96  btod.o(CL$$btod_d2e_norm_op1)
    __btod_div_common                        0x08001511   Thumb Code   696  btod.o(CL$$btod_div_common)
    _e2e                                     0x08001849   Thumb Code   220  btod.o(CL$$btod_e2e)
    _btod_ediv                               0x08001925   Thumb Code    42  btod.o(CL$$btod_ediv)
    _btod_emul                               0x0800194f   Thumb Code    42  btod.o(CL$$btod_emul)
    __btod_mult_common                       0x08001979   Thumb Code   580  btod.o(CL$$btod_mult_common)
    BusFault_Handler                         0x08001bbd   Thumb Code     4  stm32f1xx_it.o(i.BusFault_Handler)
    DebugMon_Handler                         0x08001bc1   Thumb Code     2  stm32f1xx_it.o(i.DebugMon_Handler)
    Error_Handler                            0x08001bc3   Thumb Code     6  main.o(i.Error_Handler)
    HAL_DMA_Abort                            0x08001bc9   Thumb Code    86  stm32f1xx_hal_dma.o(i.HAL_DMA_Abort)
    HAL_DMA_Abort_IT                         0x08001c21   Thumb Code   172  stm32f1xx_hal_dma.o(i.HAL_DMA_Abort_IT)
    HAL_Delay                                0x08001cd1   Thumb Code    36  stm32f1xx_hal.o(i.HAL_Delay)
    HAL_GPIO_Init                            0x08001cf9   Thumb Code   766  stm32f1xx_hal_gpio.o(i.HAL_GPIO_Init)
    HAL_GPIO_ReadPin                         0x08002019   Thumb Code    16  stm32f1xx_hal_gpio.o(i.HAL_GPIO_ReadPin)
    HAL_GPIO_TogglePin                       0x08002029   Thumb Code    20  stm32f1xx_hal_gpio.o(i.HAL_GPIO_TogglePin)
    HAL_GPIO_WritePin                        0x0800203d   Thumb Code    12  stm32f1xx_hal_gpio.o(i.HAL_GPIO_WritePin)
    HAL_GetTick                              0x08002049   Thumb Code     6  stm32f1xx_hal.o(i.HAL_GetTick)
    HAL_I2C_Master_Transmit                  0x08002055   Thumb Code   360  stm32f1xx_hal_i2c.o(i.HAL_I2C_Master_Transmit)
    HAL_IncTick                              0x080021c5   Thumb Code    16  stm32f1xx_hal.o(i.HAL_IncTick)
    HAL_Init                                 0x080021dd   Thumb Code    34  stm32f1xx_hal.o(i.HAL_Init)
    HAL_InitTick                             0x08002205   Thumb Code    64  stm32f1xx_hal.o(i.HAL_InitTick)
    HAL_MspInit                              0x08002251   Thumb Code    82  stm32f1xx_hal_msp.o(i.HAL_MspInit)
    HAL_NVIC_EnableIRQ                       0x080022ad   Thumb Code    32  stm32f1xx_hal_cortex.o(i.HAL_NVIC_EnableIRQ)
    HAL_NVIC_SetPriority                     0x080022cd   Thumb Code   124  stm32f1xx_hal_cortex.o(i.HAL_NVIC_SetPriority)
    HAL_NVIC_SetPriorityGrouping             0x08002349   Thumb Code    32  stm32f1xx_hal_cortex.o(i.HAL_NVIC_SetPriorityGrouping)
    HAL_RCC_ClockConfig                      0x08002371   Thumb Code   376  stm32f1xx_hal_rcc.o(i.HAL_RCC_ClockConfig)
    HAL_RCC_GetHCLKFreq                      0x080024fd   Thumb Code     6  stm32f1xx_hal_rcc.o(i.HAL_RCC_GetHCLKFreq)
    HAL_RCC_GetPCLK1Freq                     0x08002509   Thumb Code    22  stm32f1xx_hal_rcc.o(i.HAL_RCC_GetPCLK1Freq)
    HAL_RCC_GetPCLK2Freq                     0x08002529   Thumb Code    22  stm32f1xx_hal_rcc.o(i.HAL_RCC_GetPCLK2Freq)
    HAL_RCC_GetSysClockFreq                  0x08002549   Thumb Code    92  stm32f1xx_hal_rcc.o(i.HAL_RCC_GetSysClockFreq)
    HAL_RCC_OscConfig                        0x080025b9   Thumb Code  1114  stm32f1xx_hal_rcc.o(i.HAL_RCC_OscConfig)
    HAL_SYSTICK_Config                       0x08002a1d   Thumb Code    52  stm32f1xx_hal_cortex.o(i.HAL_SYSTICK_Config)
    HAL_TIMEx_BreakCallback                  0x08002a51   Thumb Code     2  stm32f1xx_hal_tim_ex.o(i.HAL_TIMEx_BreakCallback)
    HAL_TIMEx_CommutCallback                 0x08002a53   Thumb Code     2  stm32f1xx_hal_tim_ex.o(i.HAL_TIMEx_CommutCallback)
    HAL_TIMEx_MasterConfigSynchronization    0x08002a55   Thumb Code   118  stm32f1xx_hal_tim_ex.o(i.HAL_TIMEx_MasterConfigSynchronization)
    HAL_TIM_Base_Init                        0x08002ad9   Thumb Code   102  stm32f1xx_hal_tim.o(i.HAL_TIM_Base_Init)
    HAL_TIM_Base_MspInit                     0x08002b41   Thumb Code    58  tim.o(i.HAL_TIM_Base_MspInit)
    HAL_TIM_Base_Start_IT                    0x08002b85   Thumb Code   106  stm32f1xx_hal_tim.o(i.HAL_TIM_Base_Start_IT)
    HAL_TIM_ConfigClockSource                0x08002bfd   Thumb Code   268  stm32f1xx_hal_tim.o(i.HAL_TIM_ConfigClockSource)
    HAL_TIM_IC_CaptureCallback               0x08002d09   Thumb Code     2  stm32f1xx_hal_tim.o(i.HAL_TIM_IC_CaptureCallback)
    HAL_TIM_IRQHandler                       0x08002d0b   Thumb Code   406  stm32f1xx_hal_tim.o(i.HAL_TIM_IRQHandler)
    HAL_TIM_OC_DelayElapsedCallback          0x08002ea1   Thumb Code     2  stm32f1xx_hal_tim.o(i.HAL_TIM_OC_DelayElapsedCallback)
    HAL_TIM_PWM_PulseFinishedCallback        0x08002ea3   Thumb Code     2  stm32f1xx_hal_tim.o(i.HAL_TIM_PWM_PulseFinishedCallback)
    HAL_TIM_PeriodElapsedCallback            0x08002ea5   Thumb Code     2  stm32f1xx_hal_tim.o(i.HAL_TIM_PeriodElapsedCallback)
    HAL_TIM_TriggerCallback                  0x08002ea7   Thumb Code     2  stm32f1xx_hal_tim.o(i.HAL_TIM_TriggerCallback)
    HAL_UARTEx_RxEventCallback               0x08002ea9   Thumb Code     2  stm32f1xx_hal_uart.o(i.HAL_UARTEx_RxEventCallback)
    HAL_UART_ErrorCallback                   0x08002eab   Thumb Code     2  stm32f1xx_hal_uart.o(i.HAL_UART_ErrorCallback)
    HAL_UART_IRQHandler                      0x08002ead   Thumb Code   736  stm32f1xx_hal_uart.o(i.HAL_UART_IRQHandler)
    HAL_UART_Init                            0x08003191   Thumb Code   118  stm32f1xx_hal_uart.o(i.HAL_UART_Init)
    HAL_UART_MspInit                         0x08003209   Thumb Code   262  usart.o(i.HAL_UART_MspInit)
    HAL_UART_Receive_IT                      0x08003325   Thumb Code    44  stm32f1xx_hal_uart.o(i.HAL_UART_Receive_IT)
    HAL_UART_RxCpltCallback                  0x08003351   Thumb Code   216  main.o(i.HAL_UART_RxCpltCallback)
    HAL_UART_Transmit                        0x08003451   Thumb Code   178  stm32f1xx_hal_uart.o(i.HAL_UART_Transmit)
    HAL_UART_TxCpltCallback                  0x08003503   Thumb Code     2  stm32f1xx_hal_uart.o(i.HAL_UART_TxCpltCallback)
    HardFault_Handler                        0x08003505   Thumb Code     4  stm32f1xx_it.o(i.HardFault_Handler)
    MX_GPIO_Init                             0x0800380d   Thumb Code   334  gpio.o(i.MX_GPIO_Init)
    MX_TIM3_Init                             0x0800396d   Thumb Code   100  tim.o(i.MX_TIM3_Init)
    MX_USART1_UART_Init                      0x080039d9   Thumb Code    46  usart.o(i.MX_USART1_UART_Init)
    MX_USART3_UART_Init                      0x08003a11   Thumb Code    78  usart.o(i.MX_USART3_UART_Init)
    MemManage_Handler                        0x08003a69   Thumb Code     4  stm32f1xx_it.o(i.MemManage_Handler)
    NMI_Handler                              0x08003a6d   Thumb Code     4  stm32f1xx_it.o(i.NMI_Handler)
    OLED_Clear                               0x08003a71   Thumb Code    56  oled.o(i.OLED_Clear)
    OLED_Init                                0x08003aa9   Thumb Code   192  oled.o(i.OLED_Init)
    OLED_Set_Pos                             0x08003b69   Thumb Code    40  oled.o(i.OLED_Set_Pos)
    OLED_ShowChar                            0x08003b91   Thumb Code   148  oled.o(i.OLED_ShowChar)
    OLED_ShowString_fun                      0x08003c2d   Thumb Code   146  oled.o(i.OLED_ShowString_fun)
    PendSV_Handler                           0x08003d19   Thumb Code     2  stm32f1xx_it.o(i.PendSV_Handler)
    SVC_Handler                              0x08003d45   Thumb Code     2  stm32f1xx_it.o(i.SVC_Handler)
    SysTick_Handler                          0x08003d49   Thumb Code    80  stm32f1xx_it.o(i.SysTick_Handler)
    SystemClock_Config                       0x08003da9   Thumb Code   102  main.o(i.SystemClock_Config)
    SystemInit                               0x08003e0f   Thumb Code     2  system_stm32f1xx.o(i.SystemInit)
    TIM3_IRQHandler                          0x08003e11   Thumb Code   118  stm32f1xx_it.o(i.TIM3_IRQHandler)
    TIM_Base_SetConfig                       0x08003ea1   Thumb Code   104  stm32f1xx_hal_tim.o(i.TIM_Base_SetConfig)
    TIM_ETR_SetConfig                        0x08003f15   Thumb Code    22  stm32f1xx_hal_tim.o(i.TIM_ETR_SetConfig)
    UART_Start_Receive_IT                    0x08004225   Thumb Code    64  stm32f1xx_hal_uart.o(i.UART_Start_Receive_IT)
    USART1_IRQHandler                        0x08004359   Thumb Code    56  stm32f1xx_it.o(i.USART1_IRQHandler)
    USART3_IRQHandler                        0x08004399   Thumb Code    56  stm32f1xx_it.o(i.USART3_IRQHandler)
    UsageFault_Handler                       0x080043d9   Thumb Code     4  stm32f1xx_it.o(i.UsageFault_Handler)
    __ARM_fpclassify                         0x080043dd   Thumb Code    40  fpclassify.o(i.__ARM_fpclassify)
    _is_digit                                0x0800443d   Thumb Code    14  __printf_wp.o(i._is_digit)
    _sys_exit                                0x0800444b   Thumb Code     4  usart.o(i._sys_exit)
    fputc                                    0x08004451   Thumb Code    24  usart.o(i.fputc)
    main                                     0x0800446d   Thumb Code   126  main.o(i.main)
    usart3_printf                            0x0800453d   Thumb Code    50  usart.o(i.usart3_printf)
    _get_lc_numeric                          0x08004579   Thumb Code    44  lc_numeric_c.o(locale$$code)
    _get_lc_ctype                            0x080045a5   Thumb Code    44  lc_ctype_c.o(locale$$code)
    _printf_fp_dec                           0x080045d1   Thumb Code     4  printf1.o(x$fpl$printf1)
    _printf_fp_hex                           0x080045d5   Thumb Code     4  printf2.o(x$fpl$printf2)
    F6x8                                     0x080045d8   Data         552  oled_zk.o(.constdata)
    __I$use$fp                               0x080045d8   Number         0  usenofp.o(x$fpl$usenofp)
    F8X16                                    0x08004800   Data        1520  oled_zk.o(.constdata)
    AHBPrescTable                            0x08004e02   Data          16  system_stm32f1xx.o(.constdata)
    APBPrescTable                            0x08004e12   Data           8  system_stm32f1xx.o(.constdata)
    Region$$Table$$Base                      0x08004f18   Number         0  anon$$obj.o(Region$$Table)
    Region$$Table$$Limit                     0x08004f38   Number         0  anon$$obj.o(Region$$Table)
    __ctype                                  0x08004f61   Data           0  lc_ctype_c.o(locale$$data)
    time_us                                  0x20000000   Data           2  main.o(.data)
    time_ms                                  0x20000002   Data           2  main.o(.data)
    open_flag                                0x20000004   Data           1  main.o(.data)
    close_flag                               0x20000005   Data           1  main.o(.data)
    car_flag                                 0x20000006   Data           1  main.o(.data)
    mode                                     0x20000007   Data           1  main.o(.data)
    detection                                0x20000008   Data           2  main.o(.data)
    detection_flag                           0x2000000a   Data           1  main.o(.data)
    __stdout                                 0x2000000c   Data           4  usart.o(.data)
    UART1_Rx_cnt                             0x20000010   Data           2  usart.o(.data)
    UART1_temp                               0x20000012   Data           1  usart.o(.data)
    UART1_Rx_flg                             0x20000013   Data           1  usart.o(.data)
    UART3_data                               0x20000014   Data           1  usart.o(.data)
    UART3_Rx_cnt                             0x20000016   Data           2  usart.o(.data)
    UART3_Rx_flg                             0x20000018   Data           1  usart.o(.data)
    x_count                                  0x2000001a   Data           2  oled.o(.data)
    y_count                                  0x2000001c   Data           2  oled.o(.data)
    uwTick                                   0x20000020   Data           4  stm32f1xx_hal.o(.data)
    uwTickPrio                               0x20000024   Data           4  stm32f1xx_hal.o(.data)
    uwTickFreq                               0x20000028   Data           1  stm32f1xx_hal.o(.data)
    SystemCoreClock                          0x2000002c   Data           4  system_stm32f1xx.o(.data)
    hi2c1                                    0x20000030   Data          84  i2c.o(.bss)
    htim3                                    0x20000084   Data          72  tim.o(.bss)
    UART1_Rx_Buf                             0x200000cc   Data         200  usart.o(.bss)
    UART3_Rx_Buf                             0x20000194   Data        1024  usart.o(.bss)
    UART3_Tx_Buf                             0x20000594   Data         512  usart.o(.bss)
    huart1                                   0x20000794   Data          72  usart.o(.bss)
    huart3                                   0x200007dc   Data          72  usart.o(.bss)
    __libspace_start                         0x20000824   Data          96  libspace.o(.bss)
    __temporary_stack_top$libspace           0x20000884   Data           0  libspace.o(.bss)



==============================================================================

Memory Map of the image

  Image Entry point : 0x080000ed

  Load Region LR_IROM1 (Base: 0x08000000, Size: 0x00005094, Max: 0x00010000, ABSOLUTE)

    Execution Region ER_IROM1 (Exec base: 0x08000000, Load base: 0x08000000, Size: 0x00005064, Max: 0x00010000, ABSOLUTE)

    Exec Addr    Load Addr    Size         Type   Attr      Idx    E Section Name        Object

    0x08000000   0x08000000   0x000000ec   Data   RO            3    RESET               startup_stm32f103xb.o
    0x080000ec   0x080000ec   0x00000008   Code   RO         4409  * !!!main             c_w.l(__main.o)
    0x080000f4   0x080000f4   0x00000034   Code   RO         4705    !!!scatter          c_w.l(__scatter.o)
    0x08000128   0x08000128   0x0000001a   Code   RO         4707    !!handler_copy      c_w.l(__scatter_copy.o)
    0x08000142   0x08000142   0x00000002   PAD
    0x08000144   0x08000144   0x0000001c   Code   RO         4709    !!handler_zi        c_w.l(__scatter_zi.o)
    0x08000160   0x08000160   0x00000000   Code   RO         4396    .ARM.Collect$$_printf_percent$$00000000  c_w.l(_printf_percent.o)
    0x08000160   0x08000160   0x00000006   Code   RO         4463    .ARM.Collect$$_printf_percent$$00000001  c_w.l(_printf_n.o)
    0x08000166   0x08000166   0x00000006   Code   RO         4465    .ARM.Collect$$_printf_percent$$00000002  c_w.l(_printf_p.o)
    0x0800016c   0x0800016c   0x00000006   Code   RO         4469    .ARM.Collect$$_printf_percent$$00000003  c_w.l(_printf_f.o)
    0x08000172   0x08000172   0x00000006   Code   RO         4470    .ARM.Collect$$_printf_percent$$00000004  c_w.l(_printf_e.o)
    0x08000178   0x08000178   0x00000006   Code   RO         4471    .ARM.Collect$$_printf_percent$$00000005  c_w.l(_printf_g.o)
    0x0800017e   0x0800017e   0x00000006   Code   RO         4472    .ARM.Collect$$_printf_percent$$00000006  c_w.l(_printf_a.o)
    0x08000184   0x08000184   0x0000000a   Code   RO         4477    .ARM.Collect$$_printf_percent$$00000007  c_w.l(_printf_ll.o)
    0x0800018e   0x0800018e   0x00000006   Code   RO         4467    .ARM.Collect$$_printf_percent$$00000008  c_w.l(_printf_i.o)
    0x08000194   0x08000194   0x00000006   Code   RO         4395    .ARM.Collect$$_printf_percent$$00000009  c_w.l(_printf_d.o)
    0x0800019a   0x0800019a   0x00000006   Code   RO         4468    .ARM.Collect$$_printf_percent$$0000000A  c_w.l(_printf_u.o)
    0x080001a0   0x080001a0   0x00000006   Code   RO         4466    .ARM.Collect$$_printf_percent$$0000000B  c_w.l(_printf_o.o)
    0x080001a6   0x080001a6   0x00000006   Code   RO         4464    .ARM.Collect$$_printf_percent$$0000000C  c_w.l(_printf_x.o)
    0x080001ac   0x080001ac   0x00000006   Code   RO         4474    .ARM.Collect$$_printf_percent$$0000000D  c_w.l(_printf_lli.o)
    0x080001b2   0x080001b2   0x00000006   Code   RO         4475    .ARM.Collect$$_printf_percent$$0000000E  c_w.l(_printf_lld.o)
    0x080001b8   0x080001b8   0x00000006   Code   RO         4476    .ARM.Collect$$_printf_percent$$0000000F  c_w.l(_printf_llu.o)
    0x080001be   0x080001be   0x00000006   Code   RO         4481    .ARM.Collect$$_printf_percent$$00000010  c_w.l(_printf_llo.o)
    0x080001c4   0x080001c4   0x00000006   Code   RO         4482    .ARM.Collect$$_printf_percent$$00000011  c_w.l(_printf_llx.o)
    0x080001ca   0x080001ca   0x0000000a   Code   RO         4478    .ARM.Collect$$_printf_percent$$00000012  c_w.l(_printf_l.o)
    0x080001d4   0x080001d4   0x00000006   Code   RO         4462    .ARM.Collect$$_printf_percent$$00000013  c_w.l(_printf_c.o)
    0x080001da   0x080001da   0x00000006   Code   RO         4394    .ARM.Collect$$_printf_percent$$00000014  c_w.l(_printf_s.o)
    0x080001e0   0x080001e0   0x00000006   Code   RO         4479    .ARM.Collect$$_printf_percent$$00000015  c_w.l(_printf_lc.o)
    0x080001e6   0x080001e6   0x00000006   Code   RO         4480    .ARM.Collect$$_printf_percent$$00000016  c_w.l(_printf_ls.o)
    0x080001ec   0x080001ec   0x00000004   Code   RO         4473    .ARM.Collect$$_printf_percent$$00000017  c_w.l(_printf_percent_end.o)
    0x080001f0   0x080001f0   0x00000002   Code   RO         4569    .ARM.Collect$$libinit$$00000000  c_w.l(libinit.o)
    0x080001f2   0x080001f2   0x00000000   Code   RO         4584    .ARM.Collect$$libinit$$00000002  c_w.l(libinit2.o)
    0x080001f2   0x080001f2   0x00000000   Code   RO         4586    .ARM.Collect$$libinit$$00000004  c_w.l(libinit2.o)
    0x080001f2   0x080001f2   0x00000000   Code   RO         4589    .ARM.Collect$$libinit$$0000000A  c_w.l(libinit2.o)
    0x080001f2   0x080001f2   0x00000000   Code   RO         4591    .ARM.Collect$$libinit$$0000000C  c_w.l(libinit2.o)
    0x080001f2   0x080001f2   0x00000000   Code   RO         4593    .ARM.Collect$$libinit$$0000000E  c_w.l(libinit2.o)
    0x080001f2   0x080001f2   0x00000006   Code   RO         4594    .ARM.Collect$$libinit$$0000000F  c_w.l(libinit2.o)
    0x080001f8   0x080001f8   0x00000000   Code   RO         4596    .ARM.Collect$$libinit$$00000011  c_w.l(libinit2.o)
    0x080001f8   0x080001f8   0x0000000c   Code   RO         4597    .ARM.Collect$$libinit$$00000012  c_w.l(libinit2.o)
    0x08000204   0x08000204   0x00000000   Code   RO         4598    .ARM.Collect$$libinit$$00000013  c_w.l(libinit2.o)
    0x08000204   0x08000204   0x00000000   Code   RO         4600    .ARM.Collect$$libinit$$00000015  c_w.l(libinit2.o)
    0x08000204   0x08000204   0x0000000a   Code   RO         4601    .ARM.Collect$$libinit$$00000016  c_w.l(libinit2.o)
    0x0800020e   0x0800020e   0x00000000   Code   RO         4602    .ARM.Collect$$libinit$$00000017  c_w.l(libinit2.o)
    0x0800020e   0x0800020e   0x00000000   Code   RO         4604    .ARM.Collect$$libinit$$00000019  c_w.l(libinit2.o)
    0x0800020e   0x0800020e   0x00000000   Code   RO         4606    .ARM.Collect$$libinit$$0000001B  c_w.l(libinit2.o)
    0x0800020e   0x0800020e   0x00000000   Code   RO         4608    .ARM.Collect$$libinit$$0000001D  c_w.l(libinit2.o)
    0x0800020e   0x0800020e   0x00000000   Code   RO         4610    .ARM.Collect$$libinit$$0000001F  c_w.l(libinit2.o)
    0x0800020e   0x0800020e   0x00000000   Code   RO         4612    .ARM.Collect$$libinit$$00000021  c_w.l(libinit2.o)
    0x0800020e   0x0800020e   0x00000000   Code   RO         4614    .ARM.Collect$$libinit$$00000023  c_w.l(libinit2.o)
    0x0800020e   0x0800020e   0x00000000   Code   RO         4616    .ARM.Collect$$libinit$$00000025  c_w.l(libinit2.o)
    0x0800020e   0x0800020e   0x00000000   Code   RO         4620    .ARM.Collect$$libinit$$0000002C  c_w.l(libinit2.o)
    0x0800020e   0x0800020e   0x00000000   Code   RO         4622    .ARM.Collect$$libinit$$0000002E  c_w.l(libinit2.o)
    0x0800020e   0x0800020e   0x00000000   Code   RO         4624    .ARM.Collect$$libinit$$00000030  c_w.l(libinit2.o)
    0x0800020e   0x0800020e   0x00000000   Code   RO         4626    .ARM.Collect$$libinit$$00000032  c_w.l(libinit2.o)
    0x0800020e   0x0800020e   0x00000002   Code   RO         4627    .ARM.Collect$$libinit$$00000033  c_w.l(libinit2.o)
    0x08000210   0x08000210   0x00000002   Code   RO         4645    .ARM.Collect$$libshutdown$$00000000  c_w.l(libshutdown.o)
    0x08000212   0x08000212   0x00000000   Code   RO         4655    .ARM.Collect$$libshutdown$$00000002  c_w.l(libshutdown2.o)
    0x08000212   0x08000212   0x00000000   Code   RO         4657    .ARM.Collect$$libshutdown$$00000004  c_w.l(libshutdown2.o)
    0x08000212   0x08000212   0x00000000   Code   RO         4659    .ARM.Collect$$libshutdown$$00000006  c_w.l(libshutdown2.o)
    0x08000212   0x08000212   0x00000000   Code   RO         4662    .ARM.Collect$$libshutdown$$00000009  c_w.l(libshutdown2.o)
    0x08000212   0x08000212   0x00000000   Code   RO         4665    .ARM.Collect$$libshutdown$$0000000C  c_w.l(libshutdown2.o)
    0x08000212   0x08000212   0x00000000   Code   RO         4667    .ARM.Collect$$libshutdown$$0000000E  c_w.l(libshutdown2.o)
    0x08000212   0x08000212   0x00000000   Code   RO         4670    .ARM.Collect$$libshutdown$$00000011  c_w.l(libshutdown2.o)
    0x08000212   0x08000212   0x00000002   Code   RO         4671    .ARM.Collect$$libshutdown$$00000012  c_w.l(libshutdown2.o)
    0x08000214   0x08000214   0x00000000   Code   RO         4413    .ARM.Collect$$rtentry$$00000000  c_w.l(__rtentry.o)
    0x08000214   0x08000214   0x00000000   Code   RO         4492    .ARM.Collect$$rtentry$$00000002  c_w.l(__rtentry2.o)
    0x08000214   0x08000214   0x00000006   Code   RO         4504    .ARM.Collect$$rtentry$$00000004  c_w.l(__rtentry4.o)
    0x0800021a   0x0800021a   0x00000000   Code   RO         4494    .ARM.Collect$$rtentry$$00000009  c_w.l(__rtentry2.o)
    0x0800021a   0x0800021a   0x00000004   Code   RO         4495    .ARM.Collect$$rtentry$$0000000A  c_w.l(__rtentry2.o)
    0x0800021e   0x0800021e   0x00000000   Code   RO         4497    .ARM.Collect$$rtentry$$0000000C  c_w.l(__rtentry2.o)
    0x0800021e   0x0800021e   0x00000008   Code   RO         4498    .ARM.Collect$$rtentry$$0000000D  c_w.l(__rtentry2.o)
    0x08000226   0x08000226   0x00000002   Code   RO         4578    .ARM.Collect$$rtexit$$00000000  c_w.l(rtexit.o)
    0x08000228   0x08000228   0x00000000   Code   RO         4629    .ARM.Collect$$rtexit$$00000002  c_w.l(rtexit2.o)
    0x08000228   0x08000228   0x00000004   Code   RO         4630    .ARM.Collect$$rtexit$$00000003  c_w.l(rtexit2.o)
    0x0800022c   0x0800022c   0x00000006   Code   RO         4631    .ARM.Collect$$rtexit$$00000004  c_w.l(rtexit2.o)
    0x08000232   0x08000232   0x00000002   PAD
    0x08000234   0x08000234   0x00000040   Code   RO            4    .text               startup_stm32f103xb.o
    0x08000274   0x08000274   0x00000002   Code   RO         4354    .text               c_w.l(use_no_semi_2.o)
    0x08000276   0x08000276   0x00000002   PAD
    0x08000278   0x08000278   0x00000024   Code   RO         4358    .text               c_w.l(vsprintf.o)
    0x0800029c   0x0800029c   0x00000018   Code   RO         4360    .text               c_w.l(__2printf.o)
    0x080002b4   0x080002b4   0x00000052   Code   RO         4370    .text               c_w.l(_printf_str.o)
    0x08000306   0x08000306   0x00000002   PAD
    0x08000308   0x08000308   0x00000078   Code   RO         4372    .text               c_w.l(_printf_dec.o)
    0x08000380   0x08000380   0x00000188   Code   RO         4391    .text               c_w.l(__printf_flags_ss_wp.o)
    0x08000508   0x08000508   0x0000003e   Code   RO         4399    .text               c_w.l(strlen.o)
    0x08000546   0x08000546   0x0000004e   Code   RO         4403    .text               c_w.l(rt_memclr_w.o)
    0x08000594   0x08000594   0x00000080   Code   RO         4405    .text               c_w.l(strcmpv7m.o)
    0x08000614   0x08000614   0x00000006   Code   RO         4407    .text               c_w.l(heapauxi.o)
    0x0800061a   0x0800061a   0x00000002   Code   RO         4411    .text               c_w.l(use_no_semi.o)
    0x0800061c   0x0800061c   0x0000004e   Code   RO         4414    .text               c_w.l(_printf_pad.o)
    0x0800066a   0x0800066a   0x00000024   Code   RO         4416    .text               c_w.l(_printf_truncate.o)
    0x0800068e   0x0800068e   0x000000b2   Code   RO         4418    .text               c_w.l(_printf_intcommon.o)
    0x08000740   0x08000740   0x00000028   Code   RO         4420    .text               c_w.l(_printf_charcount.o)
    0x08000768   0x08000768   0x00000030   Code   RO         4422    .text               c_w.l(_printf_char_common.o)
    0x08000798   0x08000798   0x0000000a   Code   RO         4424    .text               c_w.l(_sputc.o)
    0x080007a2   0x080007a2   0x0000002c   Code   RO         4426    .text               c_w.l(_printf_char.o)
    0x080007ce   0x080007ce   0x00000002   PAD
    0x080007d0   0x080007d0   0x00000024   Code   RO         4428    .text               c_w.l(_printf_char_file.o)
    0x080007f4   0x080007f4   0x000000bc   Code   RO         4430    .text               c_w.l(_printf_wctomb.o)
    0x080008b0   0x080008b0   0x0000007c   Code   RO         4433    .text               c_w.l(_printf_longlong_dec.o)
    0x0800092c   0x0800092c   0x00000070   Code   RO         4439    .text               c_w.l(_printf_oct_int_ll.o)
    0x0800099c   0x0800099c   0x00000094   Code   RO         4459    .text               c_w.l(_printf_hex_int_ll_ptr.o)
    0x08000a30   0x08000a30   0x0000008a   Code   RO         4506    .text               c_w.l(lludiv10.o)
    0x08000aba   0x08000aba   0x0000041e   Code   RO         4508    .text               c_w.l(_printf_fp_dec.o)
    0x08000ed8   0x08000ed8   0x000002fc   Code   RO         4510    .text               c_w.l(_printf_fp_hex.o)
    0x080011d4   0x080011d4   0x0000002c   Code   RO         4515    .text               c_w.l(_printf_wchar.o)
    0x08001200   0x08001200   0x00000008   Code   RO         4517    .text               c_w.l(ferror.o)
    0x08001208   0x08001208   0x00000040   Code   RO         4521    .text               c_w.l(_wcrtomb.o)
    0x08001248   0x08001248   0x0000004a   Code   RO         4523    .text               c_w.l(sys_stackheap_outer.o)
    0x08001292   0x08001292   0x00000002   PAD
    0x08001294   0x08001294   0x00000010   Code   RO         4525    .text               c_w.l(rt_ctype_table.o)
    0x080012a4   0x080012a4   0x00000008   Code   RO         4530    .text               c_w.l(rt_locale_intlibspace.o)
    0x080012ac   0x080012ac   0x00000080   Code   RO         4532    .text               c_w.l(_printf_fp_infnan.o)
    0x0800132c   0x0800132c   0x000000e4   Code   RO         4534    .text               c_w.l(bigflt0.o)
    0x08001410   0x08001410   0x00000012   Code   RO         4562    .text               c_w.l(exit.o)
    0x08001422   0x08001422   0x00000002   PAD
    0x08001424   0x08001424   0x00000008   Code   RO         4575    .text               c_w.l(libspace.o)
    0x0800142c   0x0800142c   0x0000003e   Code   RO         4537    CL$$btod_d2e        c_w.l(btod.o)
    0x0800146a   0x0800146a   0x00000046   Code   RO         4539    CL$$btod_d2e_denorm_low  c_w.l(btod.o)
    0x080014b0   0x080014b0   0x00000060   Code   RO         4538    CL$$btod_d2e_norm_op1  c_w.l(btod.o)
    0x08001510   0x08001510   0x00000338   Code   RO         4547    CL$$btod_div_common  c_w.l(btod.o)
    0x08001848   0x08001848   0x000000dc   Code   RO         4544    CL$$btod_e2e        c_w.l(btod.o)
    0x08001924   0x08001924   0x0000002a   Code   RO         4541    CL$$btod_ediv       c_w.l(btod.o)
    0x0800194e   0x0800194e   0x0000002a   Code   RO         4540    CL$$btod_emul       c_w.l(btod.o)
    0x08001978   0x08001978   0x00000244   Code   RO         4546    CL$$btod_mult_common  c_w.l(btod.o)
    0x08001bbc   0x08001bbc   0x00000004   Code   RO          406    i.BusFault_Handler  stm32f1xx_it.o
    0x08001bc0   0x08001bc0   0x00000002   Code   RO          407    i.DebugMon_Handler  stm32f1xx_it.o
    0x08001bc2   0x08001bc2   0x00000006   Code   RO           13    i.Error_Handler     main.o
    0x08001bc8   0x08001bc8   0x00000056   Code   RO         2851    i.HAL_DMA_Abort     stm32f1xx_hal_dma.o
    0x08001c1e   0x08001c1e   0x00000002   PAD
    0x08001c20   0x08001c20   0x000000b0   Code   RO         2852    i.HAL_DMA_Abort_IT  stm32f1xx_hal_dma.o
    0x08001cd0   0x08001cd0   0x00000028   Code   RO         2472    i.HAL_Delay         stm32f1xx_hal.o
    0x08001cf8   0x08001cf8   0x00000320   Code   RO         2787    i.HAL_GPIO_Init     stm32f1xx_hal_gpio.o
    0x08002018   0x08002018   0x00000010   Code   RO         2789    i.HAL_GPIO_ReadPin  stm32f1xx_hal_gpio.o
    0x08002028   0x08002028   0x00000014   Code   RO         2790    i.HAL_GPIO_TogglePin  stm32f1xx_hal_gpio.o
    0x0800203c   0x0800203c   0x0000000c   Code   RO         2791    i.HAL_GPIO_WritePin  stm32f1xx_hal_gpio.o
    0x08002048   0x08002048   0x0000000c   Code   RO         2476    i.HAL_GetTick       stm32f1xx_hal.o
    0x08002054   0x08002054   0x00000170   Code   RO         3870    i.HAL_I2C_Master_Transmit  stm32f1xx_hal_i2c.o
    0x080021c4   0x080021c4   0x00000018   Code   RO         2482    i.HAL_IncTick       stm32f1xx_hal.o
    0x080021dc   0x080021dc   0x00000028   Code   RO         2483    i.HAL_Init          stm32f1xx_hal.o
    0x08002204   0x08002204   0x0000004c   Code   RO         2484    i.HAL_InitTick      stm32f1xx_hal.o
    0x08002250   0x08002250   0x0000005c   Code   RO          500    i.HAL_MspInit       stm32f1xx_hal_msp.o
    0x080022ac   0x080022ac   0x00000020   Code   RO         2947    i.HAL_NVIC_EnableIRQ  stm32f1xx_hal_cortex.o
    0x080022cc   0x080022cc   0x0000007c   Code   RO         2953    i.HAL_NVIC_SetPriority  stm32f1xx_hal_cortex.o
    0x08002348   0x08002348   0x00000028   Code   RO         2954    i.HAL_NVIC_SetPriorityGrouping  stm32f1xx_hal_cortex.o
    0x08002370   0x08002370   0x0000018c   Code   RO         2640    i.HAL_RCC_ClockConfig  stm32f1xx_hal_rcc.o
    0x080024fc   0x080024fc   0x0000000c   Code   RO         2645    i.HAL_RCC_GetHCLKFreq  stm32f1xx_hal_rcc.o
    0x08002508   0x08002508   0x00000020   Code   RO         2647    i.HAL_RCC_GetPCLK1Freq  stm32f1xx_hal_rcc.o
    0x08002528   0x08002528   0x00000020   Code   RO         2648    i.HAL_RCC_GetPCLK2Freq  stm32f1xx_hal_rcc.o
    0x08002548   0x08002548   0x00000070   Code   RO         2649    i.HAL_RCC_GetSysClockFreq  stm32f1xx_hal_rcc.o
    0x080025b8   0x080025b8   0x00000464   Code   RO         2652    i.HAL_RCC_OscConfig  stm32f1xx_hal_rcc.o
    0x08002a1c   0x08002a1c   0x00000034   Code   RO         2958    i.HAL_SYSTICK_Config  stm32f1xx_hal_cortex.o
    0x08002a50   0x08002a50   0x00000002   Code   RO         2198    i.HAL_TIMEx_BreakCallback  stm32f1xx_hal_tim_ex.o
    0x08002a52   0x08002a52   0x00000002   Code   RO         2199    i.HAL_TIMEx_CommutCallback  stm32f1xx_hal_tim_ex.o
    0x08002a54   0x08002a54   0x00000084   Code   RO         2217    i.HAL_TIMEx_MasterConfigSynchronization  stm32f1xx_hal_tim_ex.o
    0x08002ad8   0x08002ad8   0x00000066   Code   RO         1483    i.HAL_TIM_Base_Init  stm32f1xx_hal_tim.o
    0x08002b3e   0x08002b3e   0x00000002   PAD
    0x08002b40   0x08002b40   0x00000044   Code   RO          267    i.HAL_TIM_Base_MspInit  tim.o
    0x08002b84   0x08002b84   0x00000078   Code   RO         1488    i.HAL_TIM_Base_Start_IT  stm32f1xx_hal_tim.o
    0x08002bfc   0x08002bfc   0x0000010c   Code   RO         1492    i.HAL_TIM_ConfigClockSource  stm32f1xx_hal_tim.o
    0x08002d08   0x08002d08   0x00000002   Code   RO         1517    i.HAL_TIM_IC_CaptureCallback  stm32f1xx_hal_tim.o
    0x08002d0a   0x08002d0a   0x00000196   Code   RO         1531    i.HAL_TIM_IRQHandler  stm32f1xx_hal_tim.o
    0x08002ea0   0x08002ea0   0x00000002   Code   RO         1534    i.HAL_TIM_OC_DelayElapsedCallback  stm32f1xx_hal_tim.o
    0x08002ea2   0x08002ea2   0x00000002   Code   RO         1561    i.HAL_TIM_PWM_PulseFinishedCallback  stm32f1xx_hal_tim.o
    0x08002ea4   0x08002ea4   0x00000002   Code   RO         1569    i.HAL_TIM_PeriodElapsedCallback  stm32f1xx_hal_tim.o
    0x08002ea6   0x08002ea6   0x00000002   Code   RO         1574    i.HAL_TIM_TriggerCallback  stm32f1xx_hal_tim.o
    0x08002ea8   0x08002ea8   0x00000002   Code   RO         3485    i.HAL_UARTEx_RxEventCallback  stm32f1xx_hal_uart.o
    0x08002eaa   0x08002eaa   0x00000002   Code   RO         3499    i.HAL_UART_ErrorCallback  stm32f1xx_hal_uart.o
    0x08002eac   0x08002eac   0x000002e4   Code   RO         3502    i.HAL_UART_IRQHandler  stm32f1xx_hal_uart.o
    0x08003190   0x08003190   0x00000076   Code   RO         3503    i.HAL_UART_Init     stm32f1xx_hal_uart.o
    0x08003206   0x08003206   0x00000002   PAD
    0x08003208   0x08003208   0x0000011c   Code   RO          309    i.HAL_UART_MspInit  usart.o
    0x08003324   0x08003324   0x0000002c   Code   RO         3508    i.HAL_UART_Receive_IT  stm32f1xx_hal_uart.o
    0x08003350   0x08003350   0x00000100   Code   RO           14    i.HAL_UART_RxCpltCallback  main.o
    0x08003450   0x08003450   0x000000b2   Code   RO         3511    i.HAL_UART_Transmit  stm32f1xx_hal_uart.o
    0x08003502   0x08003502   0x00000002   Code   RO         3514    i.HAL_UART_TxCpltCallback  stm32f1xx_hal_uart.o
    0x08003504   0x08003504   0x00000004   Code   RO          408    i.HardFault_Handler  stm32f1xx_it.o
    0x08003508   0x08003508   0x0000003e   Code   RO         3900    i.I2C_IsAcknowledgeFailed  stm32f1xx_hal_i2c.o
    0x08003546   0x08003546   0x00000002   PAD
    0x08003548   0x08003548   0x000000c0   Code   RO         3904    i.I2C_MasterRequestWrite  stm32f1xx_hal_i2c.o
    0x08003608   0x08003608   0x0000005c   Code   RO         3920    i.I2C_WaitOnBTFFlagUntilTimeout  stm32f1xx_hal_i2c.o
    0x08003664   0x08003664   0x00000086   Code   RO         3921    i.I2C_WaitOnFlagUntilTimeout  stm32f1xx_hal_i2c.o
    0x080036ea   0x080036ea   0x000000c4   Code   RO         3922    i.I2C_WaitOnMasterAddressFlagUntilTimeout  stm32f1xx_hal_i2c.o
    0x080037ae   0x080037ae   0x0000005c   Code   RO         3926    i.I2C_WaitOnTXEFlagUntilTimeout  stm32f1xx_hal_i2c.o
    0x0800380a   0x0800380a   0x00000002   PAD
    0x0800380c   0x0800380c   0x00000160   Code   RO          196    i.MX_GPIO_Init      gpio.o
    0x0800396c   0x0800396c   0x0000006c   Code   RO          268    i.MX_TIM3_Init      tim.o
    0x080039d8   0x080039d8   0x00000038   Code   RO          310    i.MX_USART1_UART_Init  usart.o
    0x08003a10   0x08003a10   0x00000058   Code   RO          311    i.MX_USART3_UART_Init  usart.o
    0x08003a68   0x08003a68   0x00000004   Code   RO          409    i.MemManage_Handler  stm32f1xx_it.o
    0x08003a6c   0x08003a6c   0x00000004   Code   RO          410    i.NMI_Handler       stm32f1xx_it.o
    0x08003a70   0x08003a70   0x00000038   Code   RO          524    i.OLED_Clear        oled.o
    0x08003aa8   0x08003aa8   0x000000c0   Code   RO          528    i.OLED_Init         oled.o
    0x08003b68   0x08003b68   0x00000028   Code   RO          530    i.OLED_Set_Pos      oled.o
    0x08003b90   0x08003b90   0x0000009c   Code   RO          532    i.OLED_ShowChar     oled.o
    0x08003c2c   0x08003c2c   0x0000009c   Code   RO          535    i.OLED_ShowString_fun  oled.o
    0x08003cc8   0x08003cc8   0x00000028   Code   RO          536    i.OLED_Write_Cmd    oled.o
    0x08003cf0   0x08003cf0   0x00000028   Code   RO          537    i.OLED_Write_Dat    oled.o
    0x08003d18   0x08003d18   0x00000002   Code   RO          411    i.PendSV_Handler    stm32f1xx_it.o
    0x08003d1a   0x08003d1a   0x00000002   PAD
    0x08003d1c   0x08003d1c   0x00000028   Code   RO         2653    i.RCC_Delay         stm32f1xx_hal_rcc.o
    0x08003d44   0x08003d44   0x00000002   Code   RO          412    i.SVC_Handler       stm32f1xx_it.o
    0x08003d46   0x08003d46   0x00000002   PAD
    0x08003d48   0x08003d48   0x00000060   Code   RO          413    i.SysTick_Handler   stm32f1xx_it.o
    0x08003da8   0x08003da8   0x00000066   Code   RO           15    i.SystemClock_Config  main.o
    0x08003e0e   0x08003e0e   0x00000002   Code   RO         4319    i.SystemInit        system_stm32f1xx.o
    0x08003e10   0x08003e10   0x00000090   Code   RO          414    i.TIM3_IRQHandler   stm32f1xx_it.o
    0x08003ea0   0x08003ea0   0x00000074   Code   RO         1576    i.TIM_Base_SetConfig  stm32f1xx_hal_tim.o
    0x08003f14   0x08003f14   0x00000016   Code   RO         1587    i.TIM_ETR_SetConfig  stm32f1xx_hal_tim.o
    0x08003f2a   0x08003f2a   0x00000012   Code   RO         1588    i.TIM_ITRx_SetConfig  stm32f1xx_hal_tim.o
    0x08003f3c   0x08003f3c   0x00000026   Code   RO         1594    i.TIM_TI1_ConfigInputStage  stm32f1xx_hal_tim.o
    0x08003f62   0x08003f62   0x00000028   Code   RO         1596    i.TIM_TI2_ConfigInputStage  stm32f1xx_hal_tim.o
    0x08003f8a   0x08003f8a   0x00000014   Code   RO         3516    i.UART_DMAAbortOnError  stm32f1xx_hal_uart.o
    0x08003f9e   0x08003f9e   0x0000006c   Code   RO         3526    i.UART_EndRxTransfer  stm32f1xx_hal_uart.o
    0x0800400a   0x0800400a   0x00000020   Code   RO         3527    i.UART_EndTransmit_IT  stm32f1xx_hal_uart.o
    0x0800402a   0x0800402a   0x000000fc   Code   RO         3529    i.UART_Receive_IT   stm32f1xx_hal_uart.o
    0x08004126   0x08004126   0x00000002   PAD
    0x08004128   0x08004128   0x000000fc   Code   RO         3530    i.UART_SetConfig    stm32f1xx_hal_uart.o
    0x08004224   0x08004224   0x00000040   Code   RO         3532    i.UART_Start_Receive_IT  stm32f1xx_hal_uart.o
    0x08004264   0x08004264   0x00000060   Code   RO         3533    i.UART_Transmit_IT  stm32f1xx_hal_uart.o
    0x080042c4   0x080042c4   0x00000092   Code   RO         3534    i.UART_WaitOnFlagUntilTimeout  stm32f1xx_hal_uart.o
    0x08004356   0x08004356   0x00000002   PAD
    0x08004358   0x08004358   0x00000040   Code   RO          415    i.USART1_IRQHandler  stm32f1xx_it.o
    0x08004398   0x08004398   0x00000040   Code   RO          416    i.USART3_IRQHandler  stm32f1xx_it.o
    0x080043d8   0x080043d8   0x00000004   Code   RO          417    i.UsageFault_Handler  stm32f1xx_it.o
    0x080043dc   0x080043dc   0x00000028   Code   RO         4573    i.__ARM_fpclassify  m_ws.l(fpclassify.o)
    0x08004404   0x08004404   0x00000010   Code   RO         2960    i.__NVIC_GetPriorityGrouping  stm32f1xx_hal_cortex.o
    0x08004414   0x08004414   0x00000028   Code   RO         2961    i.__NVIC_SetPriority  stm32f1xx_hal_cortex.o
    0x0800443c   0x0800443c   0x0000000e   Code   RO         4384    i._is_digit         c_w.l(__printf_wp.o)
    0x0800444a   0x0800444a   0x00000004   Code   RO          313    i._sys_exit         usart.o
    0x0800444e   0x0800444e   0x00000002   PAD
    0x08004450   0x08004450   0x0000001c   Code   RO          314    i.fputc             usart.o
    0x0800446c   0x0800446c   0x000000d0   Code   RO           16    i.main              main.o
    0x0800453c   0x0800453c   0x0000003c   Code   RO          316    i.usart3_printf     usart.o
    0x08004578   0x08004578   0x0000002c   Code   RO         4560    locale$$code        c_w.l(lc_numeric_c.o)
    0x080045a4   0x080045a4   0x0000002c   Code   RO         4581    locale$$code        c_w.l(lc_ctype_c.o)
    0x080045d0   0x080045d0   0x00000004   Code   RO         4483    x$fpl$printf1       fz_ws.l(printf1.o)
    0x080045d4   0x080045d4   0x00000004   Code   RO         4485    x$fpl$printf2       fz_ws.l(printf2.o)
    0x080045d8   0x080045d8   0x00000000   Code   RO         4572    x$fpl$usenofp       fz_ws.l(usenofp.o)
    0x080045d8   0x080045d8   0x00000818   Data   RO          632    .constdata          oled_zk.o
    0x08004df0   0x08004df0   0x00000012   Data   RO         2654    .constdata          stm32f1xx_hal_rcc.o
    0x08004e02   0x08004e02   0x00000018   Data   RO         4320    .constdata          system_stm32f1xx.o
    0x08004e1a   0x08004e1a   0x00000011   Data   RO         4392    .constdata          c_w.l(__printf_flags_ss_wp.o)
    0x08004e2b   0x08004e2b   0x00000001   PAD
    0x08004e2c   0x08004e2c   0x00000008   Data   RO         4431    .constdata          c_w.l(_printf_wctomb.o)
    0x08004e34   0x08004e34   0x00000028   Data   RO         4460    .constdata          c_w.l(_printf_hex_int_ll_ptr.o)
    0x08004e5c   0x08004e5c   0x00000026   Data   RO         4511    .constdata          c_w.l(_printf_fp_hex.o)
    0x08004e82   0x08004e82   0x00000002   PAD
    0x08004e84   0x08004e84   0x00000094   Data   RO         4535    .constdata          c_w.l(bigflt0.o)
    0x08004f18   0x08004f18   0x00000020   Data   RO         4703    Region$$Table       anon$$obj.o
    0x08004f38   0x08004f38   0x0000001c   Data   RO         4559    locale$$data        c_w.l(lc_numeric_c.o)
    0x08004f54   0x08004f54   0x00000110   Data   RO         4580    locale$$data        c_w.l(lc_ctype_c.o)


    Execution Region RW_IRAM1 (Exec base: 0x20000000, Load base: 0x08005064, Size: 0x00000e88, Max: 0x00005000, ABSOLUTE)

    Exec Addr    Load Addr    Size         Type   Attr      Idx    E Section Name        Object

    0x20000000   0x08005064   0x0000000b   Data   RW           17    .data               main.o
    0x2000000b   0x0800506f   0x00000001   PAD
    0x2000000c   0x08005070   0x0000000d   Data   RW          320    .data               usart.o
    0x20000019   0x0800507d   0x00000001   PAD
    0x2000001a   0x0800507e   0x00000004   Data   RW          539    .data               oled.o
    0x2000001e   0x08005082   0x00000002   PAD
    0x20000020   0x08005084   0x00000009   Data   RW         2490    .data               stm32f1xx_hal.o
    0x20000029   0x0800508d   0x00000003   PAD
    0x2000002c   0x08005090   0x00000004   Data   RW         4321    .data               system_stm32f1xx.o
    0x20000030        -       0x00000054   Zero   RW          227    .bss                i2c.o
    0x20000084        -       0x00000048   Zero   RW          269    .bss                tim.o
    0x200000cc        -       0x00000758   Zero   RW          319    .bss                usart.o
    0x20000824        -       0x00000060   Zero   RW         4576    .bss                c_w.l(libspace.o)
    0x20000884   0x08005094   0x00000004   PAD
    0x20000888        -       0x00000200   Zero   RW            2    HEAP                startup_stm32f103xb.o
    0x20000a88        -       0x00000400   Zero   RW            1    STACK               startup_stm32f103xb.o


==============================================================================

Image component sizes


      Code (inc. data)   RO Data    RW Data    ZI Data      Debug   Object Name

       352         18          0          0          0        967   gpio.o
         0          0          0          0         84        180   i2c.o
       572        122          0         11          0     436244   main.o
       680         30          0          4          0       4104   oled.o
         0          0       2072          0          0        606   oled_zk.o
        64         26        236          0       1536        780   startup_stm32f103xb.o
       192         36          0          9          0       5661   stm32f1xx_hal.o
       304         22          0          0          0      29239   stm32f1xx_hal_cortex.o
       262          4          0          0          0       1671   stm32f1xx_hal_dma.o
       848         34          0          0          0       3796   stm32f1xx_hal_gpio.o
      1136         14          0          0          0       6826   stm32f1xx_hal_i2c.o
        92         10          0          0          0        814   stm32f1xx_hal_msp.o
      1748         98         18          0          0       5752   stm32f1xx_hal_rcc.o
      1140         26          0          0          0       9387   stm32f1xx_hal_tim.o
       136         14          0          0          0       2317   stm32f1xx_hal_tim_ex.o
      2056          8          0          0          0      11604   stm32f1xx_hal_uart.o
       394         58          0          0          0       5432   stm32f1xx_it.o
         2          0         24          4          0       1015   system_stm32f1xx.o
       176         18          0          0         72       1498   tim.o
       520         56          0         13       1880       5856   usart.o

    ----------------------------------------------------------------------
     10694        594       2382         48       3572     533749   Object Totals
         0          0         32          0          0          0   (incl. Generated)
        20          0          0          7          0          0   (incl. Padding)

    ----------------------------------------------------------------------

      Code (inc. data)   RO Data    RW Data    ZI Data      Debug   Library Member Name

        24          4          0          0          0         84   __2printf.o
         8          0          0          0          0         68   __main.o
       392          4         17          0          0         92   __printf_flags_ss_wp.o
        14          0          0          0          0         68   __printf_wp.o
         0          0          0          0          0          0   __rtentry.o
        12          0          0          0          0          0   __rtentry2.o
         6          0          0          0          0          0   __rtentry4.o
        52          8          0          0          0          0   __scatter.o
        26          0          0          0          0          0   __scatter_copy.o
        28          0          0          0          0          0   __scatter_zi.o
         6          0          0          0          0          0   _printf_a.o
         6          0          0          0          0          0   _printf_c.o
        44          0          0          0          0        108   _printf_char.o
        48          6          0          0          0         96   _printf_char_common.o
        36          4          0          0          0         80   _printf_char_file.o
        40          0          0          0          0         68   _printf_charcount.o
         6          0          0          0          0          0   _printf_d.o
       120         16          0          0          0         92   _printf_dec.o
         6          0          0          0          0          0   _printf_e.o
         6          0          0          0          0          0   _printf_f.o
      1054          0          0          0          0        216   _printf_fp_dec.o
       764          8         38          0          0        100   _printf_fp_hex.o
       128         16          0          0          0         84   _printf_fp_infnan.o
         6          0          0          0          0          0   _printf_g.o
       148          4         40          0          0        160   _printf_hex_int_ll_ptr.o
         6          0          0          0          0          0   _printf_i.o
       178          0          0          0          0         88   _printf_intcommon.o
        10          0          0          0          0          0   _printf_l.o
         6          0          0          0          0          0   _printf_lc.o
        10          0          0          0          0          0   _printf_ll.o
         6          0          0          0          0          0   _printf_lld.o
         6          0          0          0          0          0   _printf_lli.o
         6          0          0          0          0          0   _printf_llo.o
         6          0          0          0          0          0   _printf_llu.o
         6          0          0          0          0          0   _printf_llx.o
       124         16          0          0          0         92   _printf_longlong_dec.o
         6          0          0          0          0          0   _printf_ls.o
         6          0          0          0          0          0   _printf_n.o
         6          0          0          0          0          0   _printf_o.o
       112         10          0          0          0        124   _printf_oct_int_ll.o
         6          0          0          0          0          0   _printf_p.o
        78          0          0          0          0        108   _printf_pad.o
         0          0          0          0          0          0   _printf_percent.o
         4          0          0          0          0          0   _printf_percent_end.o
         6          0          0          0          0          0   _printf_s.o
        82          0          0          0          0         80   _printf_str.o
        36          0          0          0          0         84   _printf_truncate.o
         6          0          0          0          0          0   _printf_u.o
        44          0          0          0          0        108   _printf_wchar.o
       188          6          8          0          0         92   _printf_wctomb.o
         6          0          0          0          0          0   _printf_x.o
        10          0          0          0          0         68   _sputc.o
        64          0          0          0          0         92   _wcrtomb.o
       228          4        148          0          0         96   bigflt0.o
      1936        128          0          0          0        672   btod.o
        18          0          0          0          0         80   exit.o
         8          0          0          0          0         68   ferror.o
         6          0          0          0          0        152   heapauxi.o
        44         10        272          0          0         76   lc_ctype_c.o
        44         10         28          0          0         76   lc_numeric_c.o
         2          0          0          0          0          0   libinit.o
        30          0          0          0          0          0   libinit2.o
         2          0          0          0          0          0   libshutdown.o
         2          0          0          0          0          0   libshutdown2.o
         8          4          0          0         96         68   libspace.o
       138          0          0          0          0         80   lludiv10.o
        16          4          0          0          0         76   rt_ctype_table.o
         8          4          0          0          0         68   rt_locale_intlibspace.o
        78          0          0          0          0         80   rt_memclr_w.o
         2          0          0          0          0          0   rtexit.o
        10          0          0          0          0          0   rtexit2.o
       128          0          0          0          0         68   strcmpv7m.o
        62          0          0          0          0         76   strlen.o
        74          0          0          0          0         80   sys_stackheap_outer.o
         2          0          0          0          0         68   use_no_semi.o
         2          0          0          0          0         68   use_no_semi_2.o
        36          4          0          0          0         76   vsprintf.o
         4          0          0          0          0         68   printf1.o
         4          0          0          0          0         68   printf2.o
         0          0          0          0          0          0   usenofp.o
        40          0          0          0          0         68   fpclassify.o

    ----------------------------------------------------------------------
      6950        270        554          0        100       4484   Library Totals
        14          0          3          0          4          0   (incl. Padding)

    ----------------------------------------------------------------------

      Code (inc. data)   RO Data    RW Data    ZI Data      Debug   Library Name

      6888        270        551          0         96       4280   c_w.l
         8          0          0          0          0        136   fz_ws.l
        40          0          0          0          0         68   m_ws.l

    ----------------------------------------------------------------------
      6950        270        554          0        100       4484   Library Totals

    ----------------------------------------------------------------------

==============================================================================


      Code (inc. data)   RO Data    RW Data    ZI Data      Debug   

     17644        864       2936         48       3672     530897   Grand Totals
     17644        864       2936         48       3672     530897   ELF Image Totals
     17644        864       2936         48          0          0   ROM Totals

==============================================================================

    Total RO  Size (Code + RO Data)                20580 (  20.10kB)
    Total RW  Size (RW Data + ZI Data)              3720 (   3.63kB)
    Total ROM Size (Code + RO Data + RW Data)      20628 (  20.14kB)

==============================================================================

