Archive member included to satisfy reference by file (symbol)

c:/users/ning mei/.platformio/packages/toolchain-gccarmnoneeabi/bin/../lib/gcc/arm-none-eabi/7.2.1/../../../../arm-none-eabi/lib/thumb/v7-m\libc_nano.a(lib_a-exit.o)
                              c:/users/ning mei/.platformio/packages/toolchain-gccarmnoneeabi/bin/../lib/gcc/arm-none-eabi/7.2.1/../../../../arm-none-eabi/lib/thumb/v7-m/crt0.o (exit)
c:/users/ning mei/.platformio/packages/toolchain-gccarmnoneeabi/bin/../lib/gcc/arm-none-eabi/7.2.1/../../../../arm-none-eabi/lib/thumb/v7-m\libc_nano.a(lib_a-impure.o)
                              c:/users/ning mei/.platformio/packages/toolchain-gccarmnoneeabi/bin/../lib/gcc/arm-none-eabi/7.2.1/../../../../arm-none-eabi/lib/thumb/v7-m\libc_nano.a(lib_a-exit.o) (_global_impure_ptr)
c:/users/ning mei/.platformio/packages/toolchain-gccarmnoneeabi/bin/../lib/gcc/arm-none-eabi/7.2.1/../../../../arm-none-eabi/lib/thumb/v7-m\libc_nano.a(lib_a-init.o)
                              c:/users/ning mei/.platformio/packages/toolchain-gccarmnoneeabi/bin/../lib/gcc/arm-none-eabi/7.2.1/../../../../arm-none-eabi/lib/thumb/v7-m/crt0.o (__libc_init_array)
c:/users/ning mei/.platformio/packages/toolchain-gccarmnoneeabi/bin/../lib/gcc/arm-none-eabi/7.2.1/../../../../arm-none-eabi/lib/thumb/v7-m\libc_nano.a(lib_a-memset.o)
                              c:/users/ning mei/.platformio/packages/toolchain-gccarmnoneeabi/bin/../lib/gcc/arm-none-eabi/7.2.1/../../../../arm-none-eabi/lib/thumb/v7-m/crt0.o (memset)
c:/users/ning mei/.platformio/packages/toolchain-gccarmnoneeabi/bin/../lib/gcc/arm-none-eabi/7.2.1/../../../../arm-none-eabi/lib/thumb/v7-m\libc_nano.a(lib_a-nano-vfprintf_float.o)
                              (_printf_float)
c:/users/ning mei/.platformio/packages/toolchain-gccarmnoneeabi/bin/../lib/gcc/arm-none-eabi/7.2.1/../../../../arm-none-eabi/lib/thumb/v7-m\libc_nano.a(lib_a-nano-vfprintf_i.o)
                              c:/users/ning mei/.platformio/packages/toolchain-gccarmnoneeabi/bin/../lib/gcc/arm-none-eabi/7.2.1/../../../../arm-none-eabi/lib/thumb/v7-m\libc_nano.a(lib_a-nano-vfprintf_float.o) (_printf_common)
c:/users/ning mei/.platformio/packages/toolchain-gccarmnoneeabi/bin/../lib/gcc/arm-none-eabi/7.2.1/../../../../arm-none-eabi/lib/thumb/v7-m\libc_nano.a(lib_a-printf.o)
                              .pio\build\genericSTM32F103C8\src\main.o (printf)
c:/users/ning mei/.platformio/packages/toolchain-gccarmnoneeabi/bin/../lib/gcc/arm-none-eabi/7.2.1/../../../../arm-none-eabi/lib/thumb/v7-m\libc_nano.a(lib_a-strlen.o)
                              c:/users/ning mei/.platformio/packages/toolchain-gccarmnoneeabi/bin/../lib/gcc/arm-none-eabi/7.2.1/../../../../arm-none-eabi/lib/thumb/v7-m\libc_nano.a(lib_a-nano-vfprintf_float.o) (strlen)
c:/users/ning mei/.platformio/packages/toolchain-gccarmnoneeabi/bin/../lib/gcc/arm-none-eabi/7.2.1/../../../../arm-none-eabi/lib/thumb/v7-m\libc_nano.a(lib_a-dtoa.o)
                              c:/users/ning mei/.platformio/packages/toolchain-gccarmnoneeabi/bin/../lib/gcc/arm-none-eabi/7.2.1/../../../../arm-none-eabi/lib/thumb/v7-m\libc_nano.a(lib_a-nano-vfprintf_float.o) (_dtoa_r)
c:/users/ning mei/.platformio/packages/toolchain-gccarmnoneeabi/bin/../lib/gcc/arm-none-eabi/7.2.1/../../../../arm-none-eabi/lib/thumb/v7-m\libc_nano.a(lib_a-findfp.o)
                              c:/users/ning mei/.platformio/packages/toolchain-gccarmnoneeabi/bin/../lib/gcc/arm-none-eabi/7.2.1/../../../../arm-none-eabi/lib/thumb/v7-m\libc_nano.a(lib_a-printf.o) (__sinit)
c:/users/ning mei/.platformio/packages/toolchain-gccarmnoneeabi/bin/../lib/gcc/arm-none-eabi/7.2.1/../../../../arm-none-eabi/lib/thumb/v7-m\libc_nano.a(lib_a-fwalk.o)
                              c:/users/ning mei/.platformio/packages/toolchain-gccarmnoneeabi/bin/../lib/gcc/arm-none-eabi/7.2.1/../../../../arm-none-eabi/lib/thumb/v7-m\libc_nano.a(lib_a-findfp.o) (_fwalk)
c:/users/ning mei/.platformio/packages/toolchain-gccarmnoneeabi/bin/../lib/gcc/arm-none-eabi/7.2.1/../../../../arm-none-eabi/lib/thumb/v7-m\libc_nano.a(lib_a-localeconv.o)
                              c:/users/ning mei/.platformio/packages/toolchain-gccarmnoneeabi/bin/../lib/gcc/arm-none-eabi/7.2.1/../../../../arm-none-eabi/lib/thumb/v7-m\libc_nano.a(lib_a-nano-vfprintf_float.o) (_localeconv_r)
c:/users/ning mei/.platformio/packages/toolchain-gccarmnoneeabi/bin/../lib/gcc/arm-none-eabi/7.2.1/../../../../arm-none-eabi/lib/thumb/v7-m\libc_nano.a(lib_a-malloc.o)
                              c:/users/ning mei/.platformio/packages/toolchain-gccarmnoneeabi/bin/../lib/gcc/arm-none-eabi/7.2.1/../../../../arm-none-eabi/lib/thumb/v7-m\libc_nano.a(lib_a-dtoa.o) (malloc)
c:/users/ning mei/.platformio/packages/toolchain-gccarmnoneeabi/bin/../lib/gcc/arm-none-eabi/7.2.1/../../../../arm-none-eabi/lib/thumb/v7-m\libc_nano.a(lib_a-memchr-stub.o)
[...]
Memory Configuration

Name             Origin             Length             Attributes
RAM              0x20000000         0x00005000         xrw
FLASH            0x08000000         0x00010000         xr
*default*        0x00000000         0xffffffff

Linker script and memory map

LOAD c:/users/ning mei/.platformio/packages/toolchain-gccarmnoneeabi/bin/../lib/gcc/arm-none-eabi/7.2.1/thumb/v7-m/crti.o
LOAD c:/users/ning mei/.platformio/packages/toolchain-gccarmnoneeabi/bin/../lib/gcc/arm-none-eabi/7.2.1/thumb/v7-m/crtbegin.o
LOAD c:/users/ning mei/.platformio/packages/toolchain-gccarmnoneeabi/bin/../lib/gcc/arm-none-eabi/7.2.1/../../../../arm-none-eabi/lib/thumb/v7-m/crt0.o
LOAD .pio\build\genericSTM32F103C8\FrameworkHALDriver\Src\stm32f1xx_hal.o
LOAD .pio\build\genericSTM32F103C8\FrameworkHALDriver\Src\stm32f1xx_hal_adc.o
LOAD .pio\build\genericSTM32F103C8\FrameworkHALDriver\Src\stm32f1xx_hal_adc_ex.o
LOAD .pio\build\genericSTM32F103C8\FrameworkHALDriver\Src\stm32f1xx_hal_can.o
LOAD .pio\build\genericSTM32F103C8\FrameworkHALDriver\Src\stm32f1xx_hal_cec.o
LOAD .pio\build\genericSTM32F103C8\FrameworkHALDriver\Src\stm32f1xx_hal_cortex.o
LOAD .pio\build\genericSTM32F103C8\FrameworkHALDriver\Src\stm32f1xx_hal_crc.o
LOAD .pio\build\genericSTM32F103C8\FrameworkHALDriver\Src\stm32f1xx_hal_dac.o
LOAD .pio\build\genericSTM32F103C8\FrameworkHALDriver\Src\stm32f1xx_hal_dac_ex.o
LOAD .pio\build\genericSTM32F103C8\FrameworkHALDriver\Src\stm32f1xx_hal_dma.o
LOAD .pio\build\genericSTM32F103C8\FrameworkHALDriver\Src\stm32f1xx_hal_eth.o
LOAD .pio\build\genericSTM32F103C8\FrameworkHALDriver\Src\stm32f1xx_hal_exti.o
LOAD .pio\build\genericSTM32F103C8\FrameworkHALDriver\Src\stm32f1xx_hal_flash.o
LOAD .pio\build\genericSTM32F103C8\FrameworkHALDriver\Src\stm32f1xx_hal_flash_ex.o
LOAD .pio\build\genericSTM32F103C8\FrameworkHALDriver\Src\stm32f1xx_hal_gpio.o
LOAD .pio\build\genericSTM32F103C8\FrameworkHALDriver\Src\stm32f1xx_hal_gpio_ex.o
LOAD .pio\build\genericSTM32F103C8\FrameworkHALDriver\Src\stm32f1xx_hal_hcd.o
LOAD .pio\build\genericSTM32F103C8\FrameworkHALDriver\Src\stm32f1xx_hal_i2c.o
LOAD .pio\build\genericSTM32F103C8\FrameworkHALDriver\Src\stm32f1xx_hal_i2s.o
LOAD .pio\build\genericSTM32F103C8\FrameworkHALDriver\Src\stm32f1xx_hal_irda.o
LOAD .pio\build\genericSTM32F103C8\FrameworkHALDriver\Src\stm32f1xx_hal_iwdg.o
LOAD .pio\build\genericSTM32F103C8\FrameworkHALDriver\Src\stm32f1xx_hal_mmc.o
LOAD .pio\build\genericSTM32F103C8\FrameworkHALDriver\Src\stm32f1xx_hal_nand.o
LOAD .pio\build\genericSTM32F103C8\FrameworkHALDriver\Src\stm32f1xx_hal_nor.o
LOAD .pio\build\genericSTM32F103C8\FrameworkHALDriver\Src\stm32f1xx_hal_pccard.o
LOAD .pio\build\genericSTM32F103C8\FrameworkHALDriver\Src\stm32f1xx_hal_pcd.o
LOAD .pio\build\genericSTM32F103C8\FrameworkHALDriver\Src\stm32f1xx_hal_pcd_ex.o
LOAD .pio\build\genericSTM32F103C8\FrameworkHALDriver\Src\stm32f1xx_hal_pwr.o
LOAD .pio\build\genericSTM32F103C8\FrameworkHALDriver\Src\stm32f1xx_hal_rcc.o
LOAD .pio\build\genericSTM32F103C8\FrameworkHALDriver\Src\stm32f1xx_hal_rcc_ex.o
LOAD .pio\build\genericSTM32F103C8\FrameworkHALDriver\Src\stm32f1xx_hal_rtc.o
LOAD .pio\build\genericSTM32F103C8\FrameworkHALDriver\Src\stm32f1xx_hal_rtc_ex.o
LOAD .pio\build\genericSTM32F103C8\FrameworkHALDriver\Src\stm32f1xx_hal_sd.o
LOAD .pio\build\genericSTM32F103C8\FrameworkHALDriver\Src\stm32f1xx_hal_smartcard.o
LOAD .pio\build\genericSTM32F103C8\FrameworkHALDriver\Src\stm32f1xx_hal_spi.o
LOAD .pio\build\genericSTM32F103C8\FrameworkHALDriver\Src\stm32f1xx_hal_sram.o
LOAD .pio\build\genericSTM32F103C8\FrameworkHALDriver\Src\stm32f1xx_hal_tim.o
LOAD .pio\build\genericSTM32F103C8\FrameworkHALDriver\Src\stm32f1xx_hal_tim_ex.o
LOAD .pio\build\genericSTM32F103C8\FrameworkHALDriver\Src\stm32f1xx_hal_uart.o
LOAD .pio\build\genericSTM32F103C8\FrameworkHALDriver\Src\stm32f1xx_hal_usart.o
LOAD .pio\build\genericSTM32F103C8\FrameworkHALDriver\Src\stm32f1xx_hal_wwdg.o
LOAD .pio\build\genericSTM32F103C8\FrameworkHALDriver\Src\stm32f1xx_ll_adc.o
LOAD .pio\build\genericSTM32F103C8\FrameworkHALDriver\Src\stm32f1xx_ll_crc.o
LOAD .pio\build\genericSTM32F103C8\FrameworkHALDriver\Src\stm32f1xx_ll_dac.o
LOAD .pio\build\genericSTM32F103C8\FrameworkHALDriver\Src\stm32f1xx_ll_dma.o
LOAD .pio\build\genericSTM32F103C8\FrameworkHALDriver\Src\stm32f1xx_ll_exti.o
LOAD .pio\build\genericSTM32F103C8\FrameworkHALDriver\Src\stm32f1xx_ll_fsmc.o
LOAD .pio\build\genericSTM32F103C8\FrameworkHALDriver\Src\stm32f1xx_ll_gpio.o
LOAD .pio\build\genericSTM32F103C8\FrameworkHALDriver\Src\stm32f1xx_ll_i2c.o
LOAD .pio\build\genericSTM32F103C8\FrameworkHALDriver\Src\stm32f1xx_ll_pwr.o
LOAD .pio\build\genericSTM32F103C8\FrameworkHALDriver\Src\stm32f1xx_ll_rcc.o
LOAD .pio\build\genericSTM32F103C8\FrameworkHALDriver\Src\stm32f1xx_ll_rtc.o
LOAD .pio\build\genericSTM32F103C8\FrameworkHALDriver\Src\stm32f1xx_ll_sdmmc.o
LOAD .pio\build\genericSTM32F103C8\FrameworkHALDriver\Src\stm32f1xx_ll_spi.o
LOAD .pio\build\genericSTM32F103C8\FrameworkHALDriver\Src\stm32f1xx_ll_tim.o
LOAD .pio\build\genericSTM32F103C8\FrameworkHALDriver\Src\stm32f1xx_ll_usart.o
LOAD .pio\build\genericSTM32F103C8\FrameworkHALDriver\Src\stm32f1xx_ll_usb.o
LOAD .pio\build\genericSTM32F103C8\FrameworkHALDriver\Src\stm32f1xx_ll_utils.o
LOAD .pio\build\genericSTM32F103C8\src\dma.o
LOAD .pio\build\genericSTM32F103C8\src\gpio.o
LOAD .pio\build\genericSTM32F103C8\src\main.o
LOAD .pio\build\genericSTM32F103C8\src\stm32f1xx_hal_msp.o
LOAD .pio\build\genericSTM32F103C8\src\stm32f1xx_it.o
LOAD .pio\build\genericSTM32F103C8\src\system_stm32f1xx.o
LOAD .pio\build\genericSTM32F103C8\src\tim.o
LOAD .pio\build\genericSTM32F103C8\src\usart.o
START GROUP
LOAD c:/users/ning mei/.platformio/packages/toolchain-gccarmnoneeabi/bin/../lib/gcc/arm-none-eabi/7.2.1/../../../../arm-none-eabi/lib/thumb/v7-m\libc_nano.a
LOAD c:/users/ning mei/.platformio/packages/toolchain-gccarmnoneeabi/bin/../lib/gcc/arm-none-eabi/7.2.1/thumb/v7-m\libgcc.a
LOAD c:/users/ning mei/.platformio/packages/toolchain-gccarmnoneeabi/bin/../lib/gcc/arm-none-eabi/7.2.1/../../../../arm-none-eabi/lib/thumb/v7-m\libm.a
LOAD c:/users/ning mei/.platformio/packages/toolchain-gccarmnoneeabi/bin/../lib/gcc/arm-none-eabi/7.2.1/../../../../arm-none-eabi/lib/thumb/v7-m\libstdc++_nano.a
LOAD c:/users/ning mei/.platformio/packages/toolchain-gccarmnoneeabi/bin/../lib/gcc/arm-none-eabi/7.2.1/../../../../arm-none-eabi/lib/thumb/v7-m\libnosys.a
LOAD .pio\build\genericSTM32F103C8\libFrameworkCMSISDevice.a
END GROUP
START GROUP
LOAD c:/users/ning mei/.platformio/packages/toolchain-gccarmnoneeabi/bin/../lib/gcc/arm-none-eabi/7.2.1/thumb/v7-m\libgcc.a
LOAD c:/users/ning mei/.platformio/packages/toolchain-gccarmnoneeabi/bin/../lib/gcc/arm-none-eabi/7.2.1/../../../../arm-none-eabi/lib/thumb/v7-m\libc_nano.a
END GROUP
START GROUP
LOAD c:/users/ning mei/.platformio/packages/toolchain-gccarmnoneeabi/bin/../lib/gcc/arm-none-eabi/7.2.1/thumb/v7-m\libgcc.a
LOAD c:/users/ning mei/.platformio/packages/toolchain-gccarmnoneeabi/bin/../lib/gcc/arm-none-eabi/7.2.1/../../../../arm-none-eabi/lib/thumb/v7-m\libc_nano.a
LOAD c:/users/ning mei/.platformio/packages/toolchain-gccarmnoneeabi/bin/../lib/gcc/arm-none-eabi/7.2.1/../../../../arm-none-eabi/lib/thumb/v7-m\libnosys.a
END GROUP
START GROUP
LOAD c:/users/ning mei/.platformio/packages/toolchain-gccarmnoneeabi/bin/../lib/gcc/arm-none-eabi/7.2.1/thumb/v7-m\libgcc.a
LOAD c:/users/ning mei/.platformio/packages/toolchain-gccarmnoneeabi/bin/../lib/gcc/arm-none-eabi/7.2.1/../../../../arm-none-eabi/lib/thumb/v7-m\libc_nano.a
LOAD c:/users/ning mei/.platformio/packages/toolchain-gccarmnoneeabi/bin/../lib/gcc/arm-none-eabi/7.2.1/../../../../arm-none-eabi/lib/thumb/v7-m\libnosys.a
END GROUP
LOAD c:/users/ning mei/.platformio/packages/toolchain-gccarmnoneeabi/bin/../lib/gcc/arm-none-eabi/7.2.1/thumb/v7-m/crtend.o
LOAD c:/users/ning mei/.platformio/packages/toolchain-gccarmnoneeabi/bin/../lib/gcc/arm-none-eabi/7.2.1/thumb/v7-m/crtn.o
                0x20005000                _estack = (ORIGIN (RAM) + LENGTH (RAM))
                0x00000200                _Min_Heap_Size = 0x200
                0x00000400                _Min_Stack_Size = 0x400

.isr_vector     0x08000000      0x10c
                0x08000000                . = ALIGN (0x4)
 *(.isr_vector)
 .isr_vector    0x08000000      0x10c .pio\build\genericSTM32F103C8\libFrameworkCMSISDevice.a(startup_stm32f103xb.o)
                0x08000000                g_pfnVectors
                0x0800010c                . = ALIGN (0x4)

.text           0x08000110     0x4e18
                0x08000110                . = ALIGN (0x4)
 *(.text)
 .text          0x08000110       0x40 c:/users/ning mei/.platformio/packages/toolchain-gccarmnoneeabi/bin/../lib/gcc/arm-none-eabi/7.2.1/thumb/v7-m/crtbegin.o
 .text          0x08000150       0x10 c:/users/ning mei/.platformio/packages/toolchain-gccarmnoneeabi/bin/../lib/gcc/arm-none-eabi/7.2.1/../../../../arm-none-eabi/lib/thumb/v7-m\libc_nano.a(lib_a-strlen.o)
                0x08000150                strlen
 .text          0x08000160      0x378 c:/users/ning mei/.platformio/packages/toolchain-gccarmnoneeabi/bin/../lib/gcc/arm-none-eabi/7.2.1/thumb/v7-m\libgcc.a(_arm_addsubdf3.o)
                0x08000160                __aeabi_drsub
                0x08000168                __aeabi_dsub
                0x08000168                __subdf3
                0x0800016c                __aeabi_dadd
                0x0800016c                __adddf3
                0x080003e4                __floatunsidf
                0x080003e4                __aeabi_ui2d
                0x08000404                __floatsidf
                0x08000404                __aeabi_i2d
                0x08000428                __aeabi_f2d
                0x08000428                __extendsfdf2
                0x0800046c                __floatundidf
                0x0800046c                __aeabi_ul2d
                0x0800047c                __floatdidf
                0x0800047c                __aeabi_l2d
 .text          0x080004d8      0x424 c:/users/ning mei/.platformio/packages/toolchain-gccarmnoneeabi/bin/../lib/gcc/arm-none-eabi/7.2.1/thumb/v7-m\libgcc.a(_arm_muldivdf3.o)
                0x080004d8                __aeabi_dmul
                0x080004d8                __muldf3
                0x0800072c                __divdf3
                0x0800072c                __aeabi_ddiv
 .text          0x080008fc      0x110 c:/users/ning mei/.platformio/packages/toolchain-gccarmnoneeabi/bin/../lib/gcc/arm-none-eabi/7.2.1/thumb/v7-m\libgcc.a(_arm_cmpdf2.o)
                0x080008fc                __gtdf2
                0x080008fc                __gedf2
                0x08000904                __ltdf2
                0x08000904                __ledf2
                0x0800090c                __nedf2
                0x0800090c                __eqdf2
                0x0800090c                __cmpdf2
                0x08000988                __aeabi_cdrcmple
                0x08000998                __aeabi_cdcmpeq
                0x08000998                __aeabi_cdcmple
                0x080009a8                __aeabi_dcmpeq
                0x080009bc                __aeabi_dcmplt
                0x080009d0                __aeabi_dcmple
                0x080009e4                __aeabi_dcmpge
                0x080009f8                __aeabi_dcmpgt
 .text          0x08000a0c       0x2c c:/users/ning mei/.platformio/packages/toolchain-gccarmnoneeabi/bin/../lib/gcc/arm-none-eabi/7.2.1/thumb/v7-m\libgcc.a(_arm_unorddf2.o)
                0x08000a0c                __unorddf2
                0x08000a0c                __aeabi_dcmpun
 .text          0x08000a38       0x50 c:/users/ning mei/.platformio/packages/toolchain-gccarmnoneeabi/bin/../lib/gcc/arm-none-eabi/7.2.1/thumb/v7-m\libgcc.a(_arm_fixdfsi.o)
                0x08000a38                __aeabi_d2iz
                0x08000a38                __fixdfsi
 *(.text*)
 .text.HAL_InitTick
                0x08000a88       0x48 .pio\build\genericSTM32F103C8\FrameworkHALDriver\Src\stm32f1xx_hal.o
                0x08000a88                HAL_InitTick
 .text.HAL_Init
                0x08000ad0       0x24 .pio\build\genericSTM32F103C8\FrameworkHALDriver\Src\stm32f1xx_hal.o
                0x08000ad0                HAL_Init
 .text.HAL_IncTick
                0x08000af4       0x18 .pio\build\genericSTM32F103C8\FrameworkHALDriver\Src\stm32f1xx_hal.o
                0x08000af4                HAL_IncTick
 .text.HAL_GetTick
                0x08000b0c        0xc .pio\build\genericSTM32F103C8\FrameworkHALDriver\Src\stm32f1xx_hal.o
                0x08000b0c                HAL_GetTick
 .text.HAL_Delay
                0x08000b18       0x24 .pio\build\genericSTM32F103C8\FrameworkHALDriver\Src\stm32f1xx_hal.o
                0x08000b18                HAL_Delay
 .text.HAL_NVIC_SetPriorityGrouping
                0x08000b3c       0x24 .pio\build\genericSTM32F103C8\FrameworkHALDriver\Src\stm32f1xx_hal_cortex.o
                0x08000b3c                HAL_NVIC_SetPriorityGrouping
 .text.HAL_NVIC_SetPriority
                0x08000b60       0x68 .pio\build\genericSTM32F103C8\FrameworkHALDriver\Src\stm32f1xx_hal_cortex.o
                0x08000b60                HAL_NVIC_SetPriority
 .text.HAL_NVIC_EnableIRQ
                0x08000bc8       0x1c .pio\build\genericSTM32F103C8\FrameworkHALDriver\Src\stm32f1xx_hal_cortex.o
                0x08000bc8                HAL_NVIC_EnableIRQ
 .text.HAL_SYSTICK_Config
                0x08000be4       0x2c .pio\build\genericSTM32F103C8\FrameworkHALDriver\Src\stm32f1xx_hal_cortex.o
                0x08000be4                HAL_SYSTICK_Config
 .text.HAL_DMA_Init
                0x08000c10       0x60 .pio\build\genericSTM32F103C8\FrameworkHALDriver\Src\stm32f1xx_hal_dma.o
                0x08000c10                HAL_DMA_Init
 .text.HAL_DMA_Start_IT
                0x08000c70       0x7a .pio\build\genericSTM32F103C8\FrameworkHALDriver\Src\stm32f1xx_hal_dma.o
                0x08000c70                HAL_DMA_Start_IT
 .text.HAL_DMA_Abort
                0x08000cea       0x42 .pio\build\genericSTM32F103C8\FrameworkHALDriver\Src\stm32f1xx_hal_dma.o
                0x08000cea                HAL_DMA_Abort
 .text.HAL_DMA_Abort_IT
                0x08000d2c       0x90 .pio\build\genericSTM32F103C8\FrameworkHALDriver\Src\stm32f1xx_hal_dma.o
                0x08000d2c                HAL_DMA_Abort_IT
 .text.HAL_DMA_IRQHandler
                0x08000dbc      0x128 .pio\build\genericSTM32F103C8\FrameworkHALDriver\Src\stm32f1xx_hal_dma.o
                0x08000dbc                HAL_DMA_IRQHandler
 .text.HAL_GPIO_Init
                0x08000ee4      0x1c0 .pio\build\genericSTM32F103C8\FrameworkHALDriver\Src\stm32f1xx_hal_gpio.o
                0x08000ee4                HAL_GPIO_Init
 .text.HAL_GPIO_ReadPin
                0x080010a4        0xc .pio\build\genericSTM32F103C8\FrameworkHALDriver\Src\stm32f1xx_hal_gpio.o
                0x080010a4                HAL_GPIO_ReadPin
 .text.HAL_GPIO_WritePin
                0x080010b0        0xa .pio\build\genericSTM32F103C8\FrameworkHALDriver\Src\stm32f1xx_hal_gpio.o
                0x080010b0                HAL_GPIO_WritePin
 .text.HAL_GPIO_TogglePin
                0x080010ba       0x12 .pio\build\genericSTM32F103C8\FrameworkHALDriver\Src\stm32f1xx_hal_gpio.o
                0x080010ba                HAL_GPIO_TogglePin
 .text.HAL_RCC_OscConfig
                0x080010cc      0x33c .pio\build\genericSTM32F103C8\FrameworkHALDriver\Src\stm32f1xx_hal_rcc.o
                0x080010cc                HAL_RCC_OscConfig
 .text.HAL_RCC_GetSysClockFreq
                0x08001408       0x74 .pio\build\genericSTM32F103C8\FrameworkHALDriver\Src\stm32f1xx_hal_rcc.o
                0x08001408                HAL_RCC_GetSysClockFreq
 .text.HAL_RCC_ClockConfig
                0x0800147c      0x138 .pio\build\genericSTM32F103C8\FrameworkHALDriver\Src\stm32f1xx_hal_rcc.o
                0x0800147c                HAL_RCC_ClockConfig
 .text.HAL_RCC_GetPCLK1Freq
                0x080015b4       0x20 .pio\build\genericSTM32F103C8\FrameworkHALDriver\Src\stm32f1xx_hal_rcc.o
                0x080015b4                HAL_RCC_GetPCLK1Freq
 .text.HAL_RCC_GetPCLK2Freq
                0x080015d4       0x20 .pio\build\genericSTM32F103C8\FrameworkHALDriver\Src\stm32f1xx_hal_rcc.o
                0x080015d4                HAL_RCC_GetPCLK2Freq
 .text.HAL_TIM_IC_MspInit
                0x080015f4        0x2 .pio\build\genericSTM32F103C8\FrameworkHALDriver\Src\stm32f1xx_hal_tim.o
                0x080015f4                HAL_TIM_IC_MspInit
 .text.HAL_TIM_ReadCapturedValue
                0x080015f6       0x32 .pio\build\genericSTM32F103C8\FrameworkHALDriver\Src\stm32f1xx_hal_tim.o
                0x080015f6                HAL_TIM_ReadCapturedValue
 .text.HAL_TIM_OC_DelayElapsedCallback
                0x08001628        0x2 .pio\build\genericSTM32F103C8\FrameworkHALDriver\Src\stm32f1xx_hal_tim.o
                0x08001628                HAL_TIM_OC_DelayElapsedCallback
 .text.HAL_TIM_PWM_PulseFinishedCallback
                0x0800162a        0x2 .pio\build\genericSTM32F103C8\FrameworkHALDriver\Src\stm32f1xx_hal_tim.o
                0x0800162a                HAL_TIM_PWM_PulseFinishedCallback
 .text.HAL_TIM_TriggerCallback
                0x0800162c        0x2 .pio\build\genericSTM32F103C8\FrameworkHALDriver\Src\stm32f1xx_hal_tim.o
                0x0800162c                HAL_TIM_TriggerCallback
 .text.HAL_TIM_IRQHandler
                0x0800162e      0x144 .pio\build\genericSTM32F103C8\FrameworkHALDriver\Src\stm32f1xx_hal_tim.o
                0x0800162e                HAL_TIM_IRQHandler
 *fill*         0x08001772        0x2 
 .text.TIM_Base_SetConfig
                0x08001774       0x70 .pio\build\genericSTM32F103C8\FrameworkHALDriver\Src\stm32f1xx_hal_tim.o
                0x08001774                TIM_Base_SetConfig
 .text.HAL_TIM_Base_Init
                0x080017e4       0x58 .pio\build\genericSTM32F103C8\FrameworkHALDriver\Src\stm32f1xx_hal_tim.o
                0x080017e4                HAL_TIM_Base_Init
 .text.HAL_TIM_IC_Init
                0x0800183c       0x58 .pio\build\genericSTM32F103C8\FrameworkHALDriver\Src\stm32f1xx_hal_tim.o
                0x0800183c                HAL_TIM_IC_Init
 .text.TIM_TI1_SetConfig
                0x08001894       0x54 .pio\build\genericSTM32F103C8\FrameworkHALDriver\Src\stm32f1xx_hal_tim.o
                0x08001894                TIM_TI1_SetConfig
 .text.HAL_TIM_IC_ConfigChannel
                0x080018e8      0x100 .pio\build\genericSTM32F103C8\FrameworkHALDriver\Src\stm32f1xx_hal_tim.o
                0x080018e8                HAL_TIM_IC_ConfigChannel
 .text.TIM_ETR_SetConfig
                0x080019e8       0x14 .pio\build\genericSTM32F103C8\FrameworkHALDriver\Src\stm32f1xx_hal_tim.o
                0x080019e8                TIM_ETR_SetConfig
 .text.HAL_TIM_ConfigClockSource
                0x080019fc      0x128 .pio\build\genericSTM32F103C8\FrameworkHALDriver\Src\stm32f1xx_hal_tim.o
                0x080019fc                HAL_TIM_ConfigClockSource
 .text.HAL_TIMEx_MasterConfigSynchronization
                0x08001b24       0x64 .pio\build\genericSTM32F103C8\FrameworkHALDriver\Src\stm32f1xx_hal_tim_ex.o
                0x08001b24                HAL_TIMEx_MasterConfigSynchronization
 .text.HAL_TIMEx_CommutCallback
                0x08001b88        0x2 .pio\build\genericSTM32F103C8\FrameworkHALDriver\Src\stm32f1xx_hal_tim_ex.o
                0x08001b88                HAL_TIMEx_CommutCallback
 .text.HAL_TIMEx_BreakCallback
                0x08001b8a        0x2 .pio\build\genericSTM32F103C8\FrameworkHALDriver\Src\stm32f1xx_hal_tim_ex.o
                0x08001b8a                HAL_TIMEx_BreakCallback
 .text.UART_EndRxTransfer
                0x08001b8c       0x2c .pio\build\genericSTM32F103C8\FrameworkHALDriver\Src\stm32f1xx_hal_uart.o
 .text.UART_SetConfig
                0x08001bb8       0x74 .pio\build\genericSTM32F103C8\FrameworkHALDriver\Src\stm32f1xx_hal_uart.o
 .text.HAL_UART_Init
                0x08001c2c       0x5c .pio\build\genericSTM32F103C8\FrameworkHALDriver\Src\stm32f1xx_hal_uart.o
                0x08001c2c                HAL_UART_Init
 .text.HAL_UART_Transmit_DMA
                0x08001c88       0x74 .pio\build\genericSTM32F103C8\FrameworkHALDriver\Src\stm32f1xx_hal_uart.o
                0x08001c88                HAL_UART_Transmit_DMA
 .text.HAL_UART_TxCpltCallback
                0x08001cfc        0x2 .pio\build\genericSTM32F103C8\FrameworkHALDriver\Src\stm32f1xx_hal_uart.o
                0x08001cfc                HAL_UART_TxCpltCallback
 .text.UART_DMATransmitCplt
                0x08001cfe       0x2c .pio\build\genericSTM32F103C8\FrameworkHALDriver\Src\stm32f1xx_hal_uart.o
 .text.HAL_UART_TxHalfCpltCallback
                0x08001d2a        0x2 .pio\build\genericSTM32F103C8\FrameworkHALDriver\Src\stm32f1xx_hal_uart.o
                0x08001d2a                HAL_UART_TxHalfCpltCallback
 .text.UART_DMATxHalfCplt
                0x08001d2c        0xa .pio\build\genericSTM32F103C8\FrameworkHALDriver\Src\stm32f1xx_hal_uart.o
 .text.HAL_UART_RxCpltCallback
                0x08001d36        0x2 .pio\build\genericSTM32F103C8\FrameworkHALDriver\Src\stm32f1xx_hal_uart.o
                0x08001d36                HAL_UART_RxCpltCallback
 .text.HAL_UART_RxHalfCpltCallback
                0x08001d38        0x2 .pio\build\genericSTM32F103C8\FrameworkHALDriver\Src\stm32f1xx_hal_uart.o
                0x08001d38                HAL_UART_RxHalfCpltCallback
 .text.HAL_UART_ErrorCallback
                0x08001d3a        0x2 .pio\build\genericSTM32F103C8\FrameworkHALDriver\Src\stm32f1xx_hal_uart.o
                0x08001d3a                HAL_UART_ErrorCallback
 .text.UART_DMAError
                0x08001d3c       0x4e .pio\build\genericSTM32F103C8\FrameworkHALDriver\Src\stm32f1xx_hal_uart.o
 .text.UART_DMAAbortOnError
                0x08001d8a       0x10 .pio\build\genericSTM32F103C8\FrameworkHALDriver\Src\stm32f1xx_hal_uart.o
 .text.HAL_UARTEx_RxEventCallback
                0x08001d9a        0x2 .pio\build\genericSTM32F103C8\FrameworkHALDriver\Src\stm32f1xx_hal_uart.o
                0x08001d9a                HAL_UARTEx_RxEventCallback
 .text.UART_Receive_IT
                0x08001d9c       0xa2 .pio\build\genericSTM32F103C8\FrameworkHALDriver\Src\stm32f1xx_hal_uart.o
 *fill*         0x08001e3e        0x2 
 .text.HAL_UART_IRQHandler
                0x08001e40      0x1fc .pio\build\genericSTM32F103C8\FrameworkHALDriver\Src\stm32f1xx_hal_uart.o
                0x08001e40                HAL_UART_IRQHandler
 .text.UART_DMARxHalfCplt
                0x0800203c       0x1a .pio\build\genericSTM32F103C8\FrameworkHALDriver\Src\stm32f1xx_hal_uart.o
 .text.UART_DMAReceiveCplt
                0x08002056       0x54 .pio\build\genericSTM32F103C8\FrameworkHALDriver\Src\stm32f1xx_hal_uart.o
 *fill*         0x080020aa        0x2 
 .text.UART_Start_Receive_DMA
                0x080020ac       0x6c .pio\build\genericSTM32F103C8\FrameworkHALDriver\Src\stm32f1xx_hal_uart.o
                0x080020ac                UART_Start_Receive_DMA
 .text.HAL_UART_Receive_DMA
                0x08002118       0x30 .pio\build\genericSTM32F103C8\FrameworkHALDriver\Src\stm32f1xx_hal_uart.o
                0x08002118                HAL_UART_Receive_DMA
 .text.MX_DMA_Init
                0x08002148       0x70 .pio\build\genericSTM32F103C8\src\dma.o
                0x08002148                MX_DMA_Init
 .text.MX_GPIO_Init
                0x080021b8       0x8c .pio\build\genericSTM32F103C8\src\gpio.o
                0x080021b8                MX_GPIO_Init
 .text.SystemClock_Config
                0x08002244       0x5e .pio\build\genericSTM32F103C8\src\main.o
                0x08002244                SystemClock_Config
 *fill*         0x080022a2        0x2 
 .text.startup.main
                0x080022a4       0x44 .pio\build\genericSTM32F103C8\src\main.o
                0x080022a4                main
 .text.Error_Handler
                0x080022e8        0x4 .pio\build\genericSTM32F103C8\src\main.o
                0x080022e8                Error_Handler
 .text.HAL_MspInit
                0x080022ec       0x4c .pio\build\genericSTM32F103C8\src\stm32f1xx_hal_msp.o
                0x080022ec                HAL_MspInit
 .text.NMI_Handler
                0x08002338        0x2 .pio\build\genericSTM32F103C8\src\stm32f1xx_it.o
                0x08002338                NMI_Handler
 .text.HardFault_Handler
                0x0800233a        0x2 .pio\build\genericSTM32F103C8\src\stm32f1xx_it.o
                0x0800233a                HardFault_Handler
 .text.MemManage_Handler
                0x0800233c        0x2 .pio\build\genericSTM32F103C8\src\stm32f1xx_it.o
                0x0800233c                MemManage_Handler
 .text.BusFault_Handler
                0x0800233e        0x2 .pio\build\genericSTM32F103C8\src\stm32f1xx_it.o
                0x0800233e                BusFault_Handler
 .text.UsageFault_Handler
                0x08002340        0x2 .pio\build\genericSTM32F103C8\src\stm32f1xx_it.o
                0x08002340                UsageFault_Handler
 .text.SVC_Handler
                0x08002342        0x2 .pio\build\genericSTM32F103C8\src\stm32f1xx_it.o
                0x08002342                SVC_Handler
 .text.DebugMon_Handler
                0x08002344        0x2 .pio\build\genericSTM32F103C8\src\stm32f1xx_it.o
                0x08002344                DebugMon_Handler
 .text.PendSV_Handler
                0x08002346        0x2 .pio\build\genericSTM32F103C8\src\stm32f1xx_it.o
                0x08002346                PendSV_Handler
 .text.SysTick_Handler
                0x08002348       0x34 .pio\build\genericSTM32F103C8\src\stm32f1xx_it.o
                0x08002348                SysTick_Handler
 .text.DMA1_Channel4_IRQHandler
                0x0800237c        0xc .pio\build\genericSTM32F103C8\src\stm32f1xx_it.o
                0x0800237c                DMA1_Channel4_IRQHandler
 .text.DMA1_Channel5_IRQHandler
                0x08002388        0xc .pio\build\genericSTM32F103C8\src\stm32f1xx_it.o
                0x08002388                DMA1_Channel5_IRQHandler
 .text.TIM2_IRQHandler
                0x08002394        0xc .pio\build\genericSTM32F103C8\src\stm32f1xx_it.o
                0x08002394                TIM2_IRQHandler
 .text.USART1_IRQHandler
                0x080023a0        0xc .pio\build\genericSTM32F103C8\src\stm32f1xx_it.o
                0x080023a0                USART1_IRQHandler
 .text.SystemInit
                0x080023ac        0x2 .pio\build\genericSTM32F103C8\src\system_stm32f1xx.o
                0x080023ac                SystemInit
 *fill*         0x080023ae        0x2 
 .text.MX_TIM2_Init
                0x080023b0       0x9c .pio\build\genericSTM32F103C8\src\tim.o
                0x080023b0                MX_TIM2_Init
 .text.HAL_TIM_Base_MspInit
                0x0800244c       0x68 .pio\build\genericSTM32F103C8\src\tim.o
                0x0800244c                HAL_TIM_Base_MspInit
 .text.HAL_TIM_PeriodElapsedCallback
                0x080024b4       0x38 .pio\build\genericSTM32F103C8\src\tim.o
                0x080024b4                HAL_TIM_PeriodElapsedCallback
 .text.HAL_TIM_IC_CaptureCallback
                0x080024ec       0xdc .pio\build\genericSTM32F103C8\src\tim.o
                0x080024ec                HAL_TIM_IC_CaptureCallback
 .text.remote_scan
                0x080025c8       0x54 .pio\build\genericSTM32F103C8\src\tim.o
                0x080025c8                remote_scan
 .text.MX_USART1_UART_Init
                0x0800261c       0x50 .pio\build\genericSTM32F103C8\src\usart.o
                0x0800261c                MX_USART1_UART_Init
 .text.HAL_UART_MspInit
                0x0800266c       0xe8 .pio\build\genericSTM32F103C8\src\usart.o
                0x0800266c                HAL_UART_MspInit
 .text.DMA_Usart_Send
                0x08002754       0x12 .pio\build\genericSTM32F103C8\src\usart.o
                0x08002754                DMA_Usart_Send
 *fill*         0x08002766        0x2 
 .text.USART_manage
                0x08002768       0x44 .pio\build\genericSTM32F103C8\src\usart.o
                0x08002768                USART_manage
 .text.__libc_init_array
                0x080027ac       0x48 c:/users/ning mei/.platformio/packages/toolchain-gccarmnoneeabi/bin/../lib/gcc/arm-none-eabi/7.2.1/../../../../arm-none-eabi/lib/thumb/v7-m\libc_nano.a(lib_a-init.o)
                0x080027ac                __libc_init_array
 .text.memset   0x080027f4       0x10 c:/users/ning mei/.platformio/packages/toolchain-gccarmnoneeabi/bin/../lib/gcc/arm-none-eabi/7.2.1/../../../../arm-none-eabi/lib/thumb/v7-m\libc_nano.a(lib_a-memset.o)
                0x080027f4                memset
 .text.__cvt    0x08002804       0xb8 c:/users/ning mei/.platformio/packages/toolchain-gccarmnoneeabi/bin/../lib/gcc/arm-none-eabi/7.2.1/../../../../arm-none-eabi/lib/thumb/v7-m\libc_nano.a(lib_a-nano-vfprintf_float.o)
                0x08002804                __cvt
 .text.__exponent
                0x080028bc       0x6a c:/users/ning mei/.platformio/packages/toolchain-gccarmnoneeabi/bin/../lib/gcc/arm-none-eabi/7.2.1/../../../../arm-none-eabi/lib/thumb/v7-m\libc_nano.a(lib_a-nano-vfprintf_float.o)
                0x080028bc                __exponent
 *fill*         0x08002926        0x2 
 .text._printf_float
                0x08002928      0x46c c:/users/ning mei/.platformio/packages/toolchain-gccarmnoneeabi/bin/../lib/gcc/arm-none-eabi/7.2.1/../../../../arm-none-eabi/lib/thumb/v7-m\libc_nano.a(lib_a-nano-vfprintf_float.o)
                0x08002928                _printf_float
 .text._printf_common
                0x08002d94       0xec c:/users/ning mei/.platformio/packages/toolchain-gccarmnoneeabi/bin/../lib/gcc/arm-none-eabi/7.2.1/../../../../arm-none-eabi/lib/thumb/v7-m\libc_nano.a(lib_a-nano-vfprintf_i.o)
                0x08002d94                _printf_common
 .text._printf_i
                0x08002e80      0x224 c:/users/ning mei/.platformio/packages/toolchain-gccarmnoneeabi/bin/../lib/gcc/arm-none-eabi/7.2.1/../../../../arm-none-eabi/lib/thumb/v7-m\libc_nano.a(lib_a-nano-vfprintf_i.o)
                0x08002e80                _printf_i
 .text.printf   0x080030a4       0x30 c:/users/ning mei/.platformio/packages/toolchain-gccarmnoneeabi/bin/../lib/gcc/arm-none-eabi/7.2.1/../../../../arm-none-eabi/lib/thumb/v7-m\libc_nano.a(lib_a-printf.o)
                0x080030a4                iprintf
                0x080030a4                printf
 .text.quorem   0x080030d4      0x11c c:/users/ning mei/.platformio/packages/toolchain-gccarmnoneeabi/bin/../lib/gcc/arm-none-eabi/7.2.1/../../../../arm-none-eabi/lib/thumb/v7-m\libc_nano.a(lib_a-dtoa.o)
 .text._dtoa_r  0x080031f0      0xb68 c:/users/ning mei/.platformio/packages/toolchain-gccarmnoneeabi/bin/../lib/gcc/arm-none-eabi/7.2.1/../../../../arm-none-eabi/lib/thumb/v7-m\libc_nano.a(lib_a-dtoa.o)
                0x080031f0                _dtoa_r
 .text.std      0x08003d58       0x48 c:/users/ning mei/.platformio/packages/toolchain-gccarmnoneeabi/bin/../lib/gcc/arm-none-eabi/7.2.1/../../../../arm-none-eabi/lib/thumb/v7-m\libc_nano.a(lib_a-findfp.o)
 .text._cleanup_r
                0x08003da0        0xc c:/users/ning mei/.platformio/packages/toolchain-gccarmnoneeabi/bin/../lib/gcc/arm-none-eabi/7.2.1/../../../../arm-none-eabi/lib/thumb/v7-m\libc_nano.a(lib_a-findfp.o)
                0x08003da0                _cleanup_r
 .text.__sfmoreglue
                0x08003dac       0x2c c:/users/ning mei/.platformio/packages/toolchain-gccarmnoneeabi/bin/../lib/gcc/arm-none-eabi/7.2.1/../../../../arm-none-eabi/lib/thumb/v7-m\libc_nano.a(lib_a-findfp.o)
                0x08003dac                __sfmoreglue
 .text.__sinit  0x08003dd8       0x60 c:/users/ning mei/.platformio/packages/toolchain-gccarmnoneeabi/bin/../lib/gcc/arm-none-eabi/7.2.1/../../../../arm-none-eabi/lib/thumb/v7-m\libc_nano.a(lib_a-findfp.o)
                0x08003dd8                __sinit
 .text.__sfp    0x08003e38       0x78 c:/users/ning mei/.platformio/packages/toolchain-gccarmnoneeabi/bin/../lib/gcc/arm-none-eabi/7.2.1/../../../../arm-none-eabi/lib/thumb/v7-m\libc_nano.a(lib_a-findfp.o)
                0x08003e38                __sfp
 .text._fwalk_reent
                0x08003eb0       0x3c c:/users/ning mei/.platformio/packages/toolchain-gccarmnoneeabi/bin/../lib/gcc/arm-none-eabi/7.2.1/../../../../arm-none-eabi/lib/thumb/v7-m\libc_nano.a(lib_a-fwalk.o)
                0x08003eb0                _fwalk_reent
 .text._localeconv_r
                0x08003eec       0x1c c:/users/ning mei/.platformio/packages/toolchain-gccarmnoneeabi/bin/../lib/gcc/arm-none-eabi/7.2.1/../../../../arm-none-eabi/lib/thumb/v7-m\libc_nano.a(lib_a-localeconv.o)
                0x08003eec                _localeconv_r
 .text.malloc   0x08003f08       0x10 c:/users/ning mei/.platformio/packages/toolchain-gccarmnoneeabi/bin/../lib/gcc/arm-none-eabi/7.2.1/../../../../arm-none-eabi/lib/thumb/v7-m\libc_nano.a(lib_a-malloc.o)
                0x08003f08                malloc
 .text.memchr   0x08003f18       0x1c c:/users/ning mei/.platformio/packages/toolchain-gccarmnoneeabi/bin/../lib/gcc/arm-none-eabi/7.2.1/../../../../arm-none-eabi/lib/thumb/v7-m\libc_nano.a(lib_a-memchr-stub.o)
                0x08003f18                memchr
 .text.memcpy   0x08003f34       0x16 c:/users/ning mei/.platformio/packages/toolchain-gccarmnoneeabi/bin/../lib/gcc/arm-none-eabi/7.2.1/../../../../arm-none-eabi/lib/thumb/v7-m\libc_nano.a(lib_a-memcpy-stub.o)
                0x08003f34                memcpy
 .text._Balloc  0x08003f4a       0x68 c:/users/ning mei/.platformio/packages/toolchain-gccarmnoneeabi/bin/../lib/gcc/arm-none-eabi/7.2.1/../../../../arm-none-eabi/lib/thumb/v7-m\libc_nano.a(lib_a-mprec.o)
                0x08003f4a                _Balloc
 .text._Bfree   0x08003fb2       0x2e c:/users/ning mei/.platformio/packages/toolchain-gccarmnoneeabi/bin/../lib/gcc/arm-none-eabi/7.2.1/../../../../arm-none-eabi/lib/thumb/v7-m\libc_nano.a(lib_a-mprec.o)
                0x08003fb2                _Bfree
 .text.__multadd
                0x08003fe0       0x76 c:/users/ning mei/.platformio/packages/toolchain-gccarmnoneeabi/bin/../lib/gcc/arm-none-eabi/7.2.1/../../../../arm-none-eabi/lib/thumb/v7-m\libc_nano.a(lib_a-mprec.o)
                0x08003fe0                __multadd
 .text.__hi0bits
                0x08004056       0x3e c:/users/ning mei/.platformio/packages/toolchain-gccarmnoneeabi/bin/../lib/gcc/arm-none-eabi/7.2.1/../../../../arm-none-eabi/lib/thumb/v7-m\libc_nano.a(lib_a-mprec.o)
                0x08004056                __hi0bits
 .text.__lo0bits
                0x08004094       0x5e c:/users/ning mei/.platformio/packages/toolchain-gccarmnoneeabi/bin/../lib/gcc/arm-none-eabi/7.2.1/../../../../arm-none-eabi/lib/thumb/v7-m\libc_nano.a(lib_a-mprec.o)
                0x08004094                __lo0bits
 .text.__i2b    0x080040f2       0x12 c:/users/ning mei/.platformio/packages/toolchain-gccarmnoneeabi/bin/../lib/gcc/arm-none-eabi/7.2.1/../../../../arm-none-eabi/lib/thumb/v7-m\libc_nano.a(lib_a-mprec.o)
                0x080040f2                __i2b
 .text.__multiply
                0x08004104      0x12a c:/users/ning mei/.platformio/packages/toolchain-gccarmnoneeabi/bin/../lib/gcc/arm-none-eabi/7.2.1/../../../../arm-none-eabi/lib/thumb/v7-m\libc_nano.a(lib_a-mprec.o)
                0x08004104                __multiply
 *fill*         0x0800422e        0x2 
 .text.__pow5mult
                0x08004230       0x9c c:/users/ning mei/.platformio/packages/toolchain-gccarmnoneeabi/bin/../lib/gcc/arm-none-eabi/7.2.1/../../../../arm-none-eabi/lib/thumb/v7-m\libc_nano.a(lib_a-mprec.o)
                0x08004230                __pow5mult
 .text.__lshift
                0x080042cc       0xa8 c:/users/ning mei/.platformio/packages/toolchain-gccarmnoneeabi/bin/../lib/gcc/arm-none-eabi/7.2.1/../../../../arm-none-eabi/lib/thumb/v7-m\libc_nano.a(lib_a-mprec.o)
                0x080042cc                __lshift
 .text.__mcmp   0x08004374       0x34 c:/users/ning mei/.platformio/packages/toolchain-gccarmnoneeabi/bin/../lib/gcc/arm-none-eabi/7.2.1/../../../../arm-none-eabi/lib/thumb/v7-m\libc_nano.a(lib_a-mprec.o)
                0x08004374                __mcmp
 .text.__mdiff  0x080043a8       0xbc c:/users/ning mei/.platformio/packages/toolchain-gccarmnoneeabi/bin/../lib/gcc/arm-none-eabi/7.2.1/../../../../arm-none-eabi/lib/thumb/v7-m\libc_nano.a(lib_a-mprec.o)
                0x080043a8                __mdiff
 .text.__d2b    0x08004464       0x9e c:/users/ning mei/.platformio/packages/toolchain-gccarmnoneeabi/bin/../lib/gcc/arm-none-eabi/7.2.1/../../../../arm-none-eabi/lib/thumb/v7-m\libc_nano.a(lib_a-mprec.o)
                0x08004464                __d2b
 .text._calloc_r
                0x08004502       0x1c c:/users/ning mei/.platformio/packages/toolchain-gccarmnoneeabi/bin/../lib/gcc/arm-none-eabi/7.2.1/../../../../arm-none-eabi/lib/thumb/v7-m\libc_nano.a(lib_a-nano-callocr.o)
                0x08004502                _calloc_r
 *fill*         0x0800451e        0x2 
 .text._free_r  0x08004520       0x98 c:/users/ning mei/.platformio/packages/toolchain-gccarmnoneeabi/bin/../lib/gcc/arm-none-eabi/7.2.1/../../../../arm-none-eabi/lib/thumb/v7-m\libc_nano.a(lib_a-nano-freer.o)
                0x08004520                _free_r
 .text._malloc_r
                0x080045b8       0xb4 c:/users/ning mei/.platformio/packages/toolchain-gccarmnoneeabi/bin/../lib/gcc/arm-none-eabi/7.2.1/../../../../arm-none-eabi/lib/thumb/v7-m\libc_nano.a(lib_a-nano-mallocr.o)
                0x080045b8                _malloc_r
 .text.__sfputc_r
                0x0800466c       0x2a c:/users/ning mei/.platformio/packages/toolchain-gccarmnoneeabi/bin/../lib/gcc/arm-none-eabi/7.2.1/../../../../arm-none-eabi/lib/thumb/v7-m\libc_nano.a(lib_a-nano-vfprintf.o)
 .text.__sfputs_r
                0x08004696       0x24 c:/users/ning mei/.platformio/packages/toolchain-gccarmnoneeabi/bin/../lib/gcc/arm-none-eabi/7.2.1/../../../../arm-none-eabi/lib/thumb/v7-m\libc_nano.a(lib_a-nano-vfprintf.o)
                0x08004696                __sfputs_r
 *fill*         0x080046ba        0x2 
 .text._vfprintf_r
                0x080046bc      0x228 c:/users/ning mei/.platformio/packages/toolchain-gccarmnoneeabi/bin/../lib/gcc/arm-none-eabi/7.2.1/../../../../arm-none-eabi/lib/thumb/v7-m\libc_nano.a(lib_a-nano-vfprintf.o)
                0x080046bc                _vfprintf_r
                0x080046bc                _vfiprintf_r
 .text._sbrk_r  0x080048e4       0x20 c:/users/ning mei/.platformio/packages/toolchain-gccarmnoneeabi/bin/../lib/gcc/arm-none-eabi/7.2.1/../../../../arm-none-eabi/lib/thumb/v7-m\libc_nano.a(lib_a-sbrkr.o)
                0x080048e4                _sbrk_r
 .text.__sread  0x08004904       0x22 c:/users/ning mei/.platformio/packages/toolchain-gccarmnoneeabi/bin/../lib/gcc/arm-none-eabi/7.2.1/../../../../arm-none-eabi/lib/thumb/v7-m\libc_nano.a(lib_a-stdio.o)
                0x08004904                __sread
 .text.__swrite
                0x08004926       0x38 c:/users/ning mei/.platformio/packages/toolchain-gccarmnoneeabi/bin/../lib/gcc/arm-none-eabi/7.2.1/../../../../arm-none-eabi/lib/thumb/v7-m\libc_nano.a(lib_a-stdio.o)
                0x08004926                __swrite
 .text.__sseek  0x0800495e       0x24 c:/users/ning mei/.platformio/packages/toolchain-gccarmnoneeabi/bin/../lib/gcc/arm-none-eabi/7.2.1/../../../../arm-none-eabi/lib/thumb/v7-m\libc_nano.a(lib_a-stdio.o)
                0x0800495e                __sseek
 .text.__sclose
                0x08004982        0x8 c:/users/ning mei/.platformio/packages/toolchain-gccarmnoneeabi/bin/../lib/gcc/arm-none-eabi/7.2.1/../../../../arm-none-eabi/lib/thumb/v7-m\libc_nano.a(lib_a-stdio.o)
                0x08004982                __sclose
 *fill*         0x0800498a        0x2 
 .text.__swbuf_r
                0x0800498c       0xa4 c:/users/ning mei/.platformio/packages/toolchain-gccarmnoneeabi/bin/../lib/gcc/arm-none-eabi/7.2.1/../../../../arm-none-eabi/lib/thumb/v7-m\libc_nano.a(lib_a-wbuf.o)
                0x0800498c                __swbuf_r
 .text._write_r
                0x08004a30       0x24 c:/users/ning mei/.platformio/packages/toolchain-gccarmnoneeabi/bin/../lib/gcc/arm-none-eabi/7.2.1/../../../../arm-none-eabi/lib/thumb/v7-m\libc_nano.a(lib_a-writer.o)
                0x08004a30                _write_r
 .text.__swsetup_r
                0x08004a54       0xdc c:/users/ning mei/.platformio/packages/toolchain-gccarmnoneeabi/bin/../lib/gcc/arm-none-eabi/7.2.1/../../../../arm-none-eabi/lib/thumb/v7-m\libc_nano.a(lib_a-wsetup.o)
                0x08004a54                __swsetup_r
 .text._close_r
                0x08004b30       0x20 c:/users/ning mei/.platformio/packages/toolchain-gccarmnoneeabi/bin/../lib/gcc/arm-none-eabi/7.2.1/../../../../arm-none-eabi/lib/thumb/v7-m\libc_nano.a(lib_a-closer.o)
                0x08004b30                _close_r
 .text.__sflush_r
                0x08004b50      0x10c c:/users/ning mei/.platformio/packages/toolchain-gccarmnoneeabi/bin/../lib/gcc/arm-none-eabi/7.2.1/../../../../arm-none-eabi/lib/thumb/v7-m\libc_nano.a(lib_a-fflush.o)
                0x08004b50                __sflush_r
 .text._fflush_r
                0x08004c5c       0x54 c:/users/ning mei/.platformio/packages/toolchain-gccarmnoneeabi/bin/../lib/gcc/arm-none-eabi/7.2.1/../../../../arm-none-eabi/lib/thumb/v7-m\libc_nano.a(lib_a-fflush.o)
                0x08004c5c                _fflush_r
 .text._lseek_r
                0x08004cb0       0x24 c:/users/ning mei/.platformio/packages/toolchain-gccarmnoneeabi/bin/../lib/gcc/arm-none-eabi/7.2.1/../../../../arm-none-eabi/lib/thumb/v7-m\libc_nano.a(lib_a-lseekr.o)
                0x08004cb0                _lseek_r
 .text.__swhatbuf_r
                0x08004cd4       0x48 c:/users/ning mei/.platformio/packages/toolchain-gccarmnoneeabi/bin/../lib/gcc/arm-none-eabi/7.2.1/../../../../arm-none-eabi/lib/thumb/v7-m\libc_nano.a(lib_a-makebuf.o)
                0x08004cd4                __swhatbuf_r
 .text.__smakebuf_r
                0x08004d1c       0x80 c:/users/ning mei/.platformio/packages/toolchain-gccarmnoneeabi/bin/../lib/gcc/arm-none-eabi/7.2.1/../../../../arm-none-eabi/lib/thumb/v7-m\libc_nano.a(lib_a-makebuf.o)
                0x08004d1c                __smakebuf_r
 .text.__ascii_mbtowc
                0x08004d9c       0x24 c:/users/ning mei/.platformio/packages/toolchain-gccarmnoneeabi/bin/../lib/gcc/arm-none-eabi/7.2.1/../../../../arm-none-eabi/lib/thumb/v7-m\libc_nano.a(lib_a-mbtowc_r.o)
                0x08004d9c                __ascii_mbtowc
 .text.__malloc_lock
                0x08004dc0        0x2 c:/users/ning mei/.platformio/packages/toolchain-gccarmnoneeabi/bin/../lib/gcc/arm-none-eabi/7.2.1/../../../../arm-none-eabi/lib/thumb/v7-m\libc_nano.a(lib_a-mlock.o)
                0x08004dc0                __malloc_lock
 .text.__malloc_unlock
                0x08004dc2        0x2 c:/users/ning mei/.platformio/packages/toolchain-gccarmnoneeabi/bin/../lib/gcc/arm-none-eabi/7.2.1/../../../../arm-none-eabi/lib/thumb/v7-m\libc_nano.a(lib_a-mlock.o)
                0x08004dc2                __malloc_unlock
 .text._read_r  0x08004dc4       0x24 c:/users/ning mei/.platformio/packages/toolchain-gccarmnoneeabi/bin/../lib/gcc/arm-none-eabi/7.2.1/../../../../arm-none-eabi/lib/thumb/v7-m\libc_nano.a(lib_a-readr.o)
                0x08004dc4                _read_r
 .text.__ascii_wctomb
                0x08004de8       0x1a c:/users/ning mei/.platformio/packages/toolchain-gccarmnoneeabi/bin/../lib/gcc/arm-none-eabi/7.2.1/../../../../arm-none-eabi/lib/thumb/v7-m\libc_nano.a(lib_a-wctomb_r.o)
                0x08004de8                __ascii_wctomb
 *fill*         0x08004e02        0x2 
 .text._fstat_r
                0x08004e04       0x24 c:/users/ning mei/.platformio/packages/toolchain-gccarmnoneeabi/bin/../lib/gcc/arm-none-eabi/7.2.1/../../../../arm-none-eabi/lib/thumb/v7-m\libc_nano.a(lib_a-fstatr.o)
                0x08004e04                _fstat_r
 .text._isatty_r
                0x08004e28       0x20 c:/users/ning mei/.platformio/packages/toolchain-gccarmnoneeabi/bin/../lib/gcc/arm-none-eabi/7.2.1/../../../../arm-none-eabi/lib/thumb/v7-m\libc_nano.a(lib_a-isattyr.o)
                0x08004e28                _isatty_r
 .text._close   0x08004e48       0x10 c:/users/ning mei/.platformio/packages/toolchain-gccarmnoneeabi/bin/../lib/gcc/arm-none-eabi/7.2.1/../../../../arm-none-eabi/lib/thumb/v7-m\libnosys.a(close.o)
                0x08004e48                _close
 .text._fstat   0x08004e58       0x10 c:/users/ning mei/.platformio/packages/toolchain-gccarmnoneeabi/bin/../lib/gcc/arm-none-eabi/7.2.1/../../../../arm-none-eabi/lib/thumb/v7-m\libnosys.a(fstat.o)
                0x08004e58                _fstat
 .text._isatty  0x08004e68       0x10 c:/users/ning mei/.platformio/packages/toolchain-gccarmnoneeabi/bin/../lib/gcc/arm-none-eabi/7.2.1/../../../../arm-none-eabi/lib/thumb/v7-m\libnosys.a(isatty.o)
                0x08004e68                _isatty
 .text._lseek   0x08004e78       0x10 c:/users/ning mei/.platformio/packages/toolchain-gccarmnoneeabi/bin/../lib/gcc/arm-none-eabi/7.2.1/../../../../arm-none-eabi/lib/thumb/v7-m\libnosys.a(lseek.o)
                0x08004e78                _lseek
 .text._read    0x08004e88       0x10 c:/users/ning mei/.platformio/packages/toolchain-gccarmnoneeabi/bin/../lib/gcc/arm-none-eabi/7.2.1/../../../../arm-none-eabi/lib/thumb/v7-m\libnosys.a(read.o)
                0x08004e88                _read
 .text._sbrk    0x08004e98       0x1c c:/users/ning mei/.platformio/packages/toolchain-gccarmnoneeabi/bin/../lib/gcc/arm-none-eabi/7.2.1/../../../../arm-none-eabi/lib/thumb/v7-m\libnosys.a(sbrk.o)
                0x08004e98                _sbrk
 .text._write   0x08004eb4       0x10 c:/users/ning mei/.platformio/packages/toolchain-gccarmnoneeabi/bin/../lib/gcc/arm-none-eabi/7.2.1/../../../../arm-none-eabi/lib/thumb/v7-m\libnosys.a(write.o)
                0x08004eb4                _write
 .text.Reset_Handler
                0x08004ec4       0x48 .pio\build\genericSTM32F103C8\libFrameworkCMSISDevice.a(startup_stm32f103xb.o)
                0x08004ec4                Reset_Handler
 .text.Default_Handler
                0x08004f0c        0x2 .pio\build\genericSTM32F103C8\libFrameworkCMSISDevice.a(startup_stm32f103xb.o)
                0x08004f0c                RTC_Alarm_IRQHandler
                0x08004f0c                EXTI2_IRQHandler
                0x08004f0c                TIM1_CC_IRQHandler
                0x08004f0c                PVD_IRQHandler
                0x08004f0c                EXTI3_IRQHandler
                0x08004f0c                EXTI0_IRQHandler
                0x08004f0c                I2C2_EV_IRQHandler
                0x08004f0c                ADC1_2_IRQHandler
                0x08004f0c                SPI1_IRQHandler
                0x08004f0c                TAMPER_IRQHandler
                0x08004f0c                USART3_IRQHandler
                0x08004f0c                RTC_IRQHandler
                0x08004f0c                DMA1_Channel7_IRQHandler
                0x08004f0c                CAN1_RX1_IRQHandler
                0x08004f0c                TIM4_IRQHandler
                0x08004f0c                I2C1_EV_IRQHandler
                0x08004f0c                DMA1_Channel6_IRQHandler
                0x08004f0c                TIM3_IRQHandler
                0x08004f0c                RCC_IRQHandler
                0x08004f0c                TIM1_TRG_COM_IRQHandler
                0x08004f0c                DMA1_Channel1_IRQHandler
                0x08004f0c                Default_Handler
                0x08004f0c                EXTI15_10_IRQHandler
                0x08004f0c                EXTI9_5_IRQHandler
                0x08004f0c                SPI2_IRQHandler
                0x08004f0c                EXTI4_IRQHandler
                0x08004f0c                USB_LP_CAN1_RX0_IRQHandler
                0x08004f0c                USB_HP_CAN1_TX_IRQHandler
                0x08004f0c                DMA1_Channel3_IRQHandler
                0x08004f0c                TIM1_UP_IRQHandler
                0x08004f0c                WWDG_IRQHandler
                0x08004f0c                TIM1_BRK_IRQHandler
                0x08004f0c                EXTI1_IRQHandler
                0x08004f0c                USART2_IRQHandler
                0x08004f0c                I2C2_ER_IRQHandler
                0x08004f0c                DMA1_Channel2_IRQHandler
                0x08004f0c                CAN1_SCE_IRQHandler
                0x08004f0c                FLASH_IRQHandler
                0x08004f0c                I2C1_ER_IRQHandler
                0x08004f0c                USBWakeUp_IRQHandler
 *(.glue_7)
 .glue_7        0x08004f0e        0x0 linker stubs
 *(.glue_7t)
 .glue_7t       0x08004f0e        0x0 linker stubs
 *(.eh_frame)
 *fill*         0x08004f0e        0x2 
 .eh_frame      0x08004f10        0x0 c:/users/ning mei/.platformio/packages/toolchain-gccarmnoneeabi/bin/../lib/gcc/arm-none-eabi/7.2.1/thumb/v7-m/crtbegin.o
 *(.init)
 .init          0x08004f10        0x4 c:/users/ning mei/.platformio/packages/toolchain-gccarmnoneeabi/bin/../lib/gcc/arm-none-eabi/7.2.1/thumb/v7-m/crti.o
                0x08004f10                _init
 .init          0x08004f14        0x8 c:/users/ning mei/.platformio/packages/toolchain-gccarmnoneeabi/bin/../lib/gcc/arm-none-eabi/7.2.1/thumb/v7-m/crtn.o
 *(.fini)
 .fini          0x08004f1c        0x4 c:/users/ning mei/.platformio/packages/toolchain-gccarmnoneeabi/bin/../lib/gcc/arm-none-eabi/7.2.1/thumb/v7-m/crti.o
                0x08004f1c                _fini
 .fini          0x08004f20        0x8 c:/users/ning mei/.platformio/packages/toolchain-gccarmnoneeabi/bin/../lib/gcc/arm-none-eabi/7.2.1/thumb/v7-m/crtn.o
                0x08004f28                . = ALIGN (0x4)
                0x08004f28                _etext = .

.vfp11_veneer   0x08004f28        0x0
 .vfp11_veneer  0x08004f28        0x0 linker stubs

.v4_bx          0x08004f28        0x0
 .v4_bx         0x08004f28        0x0 linker stubs

.iplt           0x08004f28        0x0
 .iplt          0x08004f28        0x0 c:/users/ning mei/.platformio/packages/toolchain-gccarmnoneeabi/bin/../lib/gcc/arm-none-eabi/7.2.1/thumb/v7-m/crtbegin.o

.rodata         0x08004f28      0x2f8
                0x08004f28                . = ALIGN (0x4)
 *(.rodata)
 .rodata        0x08004f28       0x10 .pio\build\genericSTM32F103C8\FrameworkHALDriver\Src\stm32f1xx_hal_rcc.o
 *(.rodata*)
 .rodata.main.str1.1
                0x08004f38        0xc .pio\build\genericSTM32F103C8\src\main.o
 .rodata.AHBPrescTable
                0x08004f44       0x10 .pio\build\genericSTM32F103C8\src\system_stm32f1xx.o
                0x08004f44                AHBPrescTable
 .rodata.APBPrescTable
                0x08004f54        0x8 .pio\build\genericSTM32F103C8\src\system_stm32f1xx.o
                0x08004f54                APBPrescTable
 .rodata._global_impure_ptr
                0x08004f5c        0x4 c:/users/ning mei/.platformio/packages/toolchain-gccarmnoneeabi/bin/../lib/gcc/arm-none-eabi/7.2.1/../../../../arm-none-eabi/lib/thumb/v7-m\libc_nano.a(lib_a-impure.o)
                0x08004f5c                _global_impure_ptr
 .rodata._printf_float.str1.1
                0x08004f60       0x12 c:/users/ning mei/.platformio/packages/toolchain-gccarmnoneeabi/bin/../lib/gcc/arm-none-eabi/7.2.1/../../../../arm-none-eabi/lib/thumb/v7-m\libc_nano.a(lib_a-nano-vfprintf_float.o)
 .rodata._printf_i.str1.1
                0x08004f72       0x22 c:/users/ning mei/.platformio/packages/toolchain-gccarmnoneeabi/bin/../lib/gcc/arm-none-eabi/7.2.1/../../../../arm-none-eabi/lib/thumb/v7-m\libc_nano.a(lib_a-nano-vfprintf_i.o)
 .rodata._dtoa_r.str1.1
                0x08004f94        0xd c:/users/ning mei/.platformio/packages/toolchain-gccarmnoneeabi/bin/../lib/gcc/arm-none-eabi/7.2.1/../../../../arm-none-eabi/lib/thumb/v7-m\libc_nano.a(lib_a-dtoa.o)
                                  0xf (size before relaxing)
 *fill*         0x08004fa1        0x3 
 .rodata.__sf_fake_stderr
                0x08004fa4       0x20 c:/users/ning mei/.platformio/packages/toolchain-gccarmnoneeabi/bin/../lib/gcc/arm-none-eabi/7.2.1/../../../../arm-none-eabi/lib/thumb/v7-m\libc_nano.a(lib_a-findfp.o)
                0x08004fa4                __sf_fake_stderr
 .rodata.__sf_fake_stdin
                0x08004fc4       0x20 c:/users/ning mei/.platformio/packages/toolchain-gccarmnoneeabi/bin/../lib/gcc/arm-none-eabi/7.2.1/../../../../arm-none-eabi/lib/thumb/v7-m\libc_nano.a(lib_a-findfp.o)
                0x08004fc4                __sf_fake_stdin
 .rodata.__sf_fake_stdout
                0x08004fe4       0x20 c:/users/ning mei/.platformio/packages/toolchain-gccarmnoneeabi/bin/../lib/gcc/arm-none-eabi/7.2.1/../../../../arm-none-eabi/lib/thumb/v7-m\libc_nano.a(lib_a-findfp.o)
                0x08004fe4                __sf_fake_stdout
 *fill*         0x08005004        0x4 
 .rodata.__mprec_bigtens
                0x08005008       0x28 c:/users/ning mei/.platformio/packages/toolchain-gccarmnoneeabi/bin/../lib/gcc/arm-none-eabi/7.2.1/../../../../arm-none-eabi/lib/thumb/v7-m\libc_nano.a(lib_a-mprec.o)
                0x08005008                __mprec_bigtens
 .rodata.__mprec_tens
                0x08005030       0xc8 c:/users/ning mei/.platformio/packages/toolchain-gccarmnoneeabi/bin/../lib/gcc/arm-none-eabi/7.2.1/../../../../arm-none-eabi/lib/thumb/v7-m\libc_nano.a(lib_a-mprec.o)
                0x08005030                __mprec_tens
 .rodata.p05.6084
                0x080050f8        0xc c:/users/ning mei/.platformio/packages/toolchain-gccarmnoneeabi/bin/../lib/gcc/arm-none-eabi/7.2.1/../../../../arm-none-eabi/lib/thumb/v7-m\libc_nano.a(lib_a-mprec.o)
 .rodata._vfprintf_r.str1.1
                0x08005104       0x11 c:/users/ning mei/.platformio/packages/toolchain-gccarmnoneeabi/bin/../lib/gcc/arm-none-eabi/7.2.1/../../../../arm-none-eabi/lib/thumb/v7-m\libc_nano.a(lib_a-nano-vfprintf.o)
 .rodata._setlocale_r.str1.1
                0x08005115        0x8 c:/users/ning mei/.platformio/packages/toolchain-gccarmnoneeabi/bin/../lib/gcc/arm-none-eabi/7.2.1/../../../../arm-none-eabi/lib/thumb/v7-m\libc_nano.a(lib_a-locale.o)
                                  0x9 (size before relaxing)
 .rodata.str1.1
                0x0800511d        0x2 c:/users/ning mei/.platformio/packages/toolchain-gccarmnoneeabi/bin/../lib/gcc/arm-none-eabi/7.2.1/../../../../arm-none-eabi/lib/thumb/v7-m\libc_nano.a(lib_a-locale.o)
 .rodata._ctype_
                0x0800511f      0x101 c:/users/ning mei/.platformio/packages/toolchain-gccarmnoneeabi/bin/../lib/gcc/arm-none-eabi/7.2.1/../../../../arm-none-eabi/lib/thumb/v7-m\libc_nano.a(lib_a-ctype_.o)
                0x0800511f                _ctype_
                0x08005220                . = ALIGN (0x4)

.rel.dyn        0x08005220        0x0
 .rel.iplt      0x08005220        0x0 c:/users/ning mei/.platformio/packages/toolchain-gccarmnoneeabi/bin/../lib/gcc/arm-none-eabi/7.2.1/thumb/v7-m/crtbegin.o

.ARM.extab      0x08005220        0x0
                0x08005220                . = ALIGN (0x4)
 *(.ARM.extab* .gnu.linkonce.armextab.*)
                0x08005220                . = ALIGN (0x4)

.ARM            0x08005220        0x0
                0x08005220                . = ALIGN (0x4)
                0x08005220                __exidx_start = .
 *(.ARM.exidx*)
                0x08005220                __exidx_end = .
                0x08005220                . = ALIGN (0x4)

.preinit_array  0x08005220        0x0
                0x08005220                . = ALIGN (0x4)
                0x08005220                PROVIDE (__preinit_array_start, .)
 *(.preinit_array*)
                0x08005220                PROVIDE (__preinit_array_end, .)
                0x08005220                . = ALIGN (0x4)

.init_array     0x08005220        0x4
                0x08005220                . = ALIGN (0x4)
                0x08005220                PROVIDE (__init_array_start, .)
 *(SORT_BY_NAME(.init_array.*))
 *(.init_array*)
 .init_array    0x08005220        0x4 c:/users/ning mei/.platformio/packages/toolchain-gccarmnoneeabi/bin/../lib/gcc/arm-none-eabi/7.2.1/thumb/v7-m/crtbegin.o
                0x08005224                PROVIDE (__init_array_end, .)
                0x08005224                . = ALIGN (0x4)

.fini_array     0x08005224        0x4
                0x08005224                . = ALIGN (0x4)
                [!provide]                PROVIDE (__fini_array_start, .)
 *(SORT_BY_NAME(.fini_array.*))
 *(.fini_array*)
 .fini_array    0x08005224        0x4 c:/users/ning mei/.platformio/packages/toolchain-gccarmnoneeabi/bin/../lib/gcc/arm-none-eabi/7.2.1/thumb/v7-m/crtbegin.o
                [!provide]                PROVIDE (__fini_array_end, .)
                0x08005228                . = ALIGN (0x4)
                0x08005228                _sidata = LOADADDR (.data)

.data           0x20000000      0x1dc load address 0x08005228
                0x20000000                . = ALIGN (0x4)
                0x20000000                _sdata = .
 *(.data)
 *(.data*)
 .data.uwTickFreq
                0x20000000        0x1 .pio\build\genericSTM32F103C8\FrameworkHALDriver\Src\stm32f1xx_hal.o
                0x20000000                uwTickFreq
 *fill*         0x20000001        0x3 
 .data.uwTickPrio
                0x20000004        0x4 .pio\build\genericSTM32F103C8\FrameworkHALDriver\Src\stm32f1xx_hal.o
                0x20000004                uwTickPrio
 .data.SystemCoreClock
                0x20000008        0x4 .pio\build\genericSTM32F103C8\src\system_stm32f1xx.o
                0x20000008                SystemCoreClock
 .data._impure_ptr
                0x2000000c        0x4 c:/users/ning mei/.platformio/packages/toolchain-gccarmnoneeabi/bin/../lib/gcc/arm-none-eabi/7.2.1/../../../../arm-none-eabi/lib/thumb/v7-m\libc_nano.a(lib_a-impure.o)
                0x2000000c                _impure_ptr
 .data.impure_data
                0x20000010       0x60 c:/users/ning mei/.platformio/packages/toolchain-gccarmnoneeabi/bin/../lib/gcc/arm-none-eabi/7.2.1/../../../../arm-none-eabi/lib/thumb/v7-m\libc_nano.a(lib_a-impure.o)
 .data.__global_locale
                0x20000070      0x16c c:/users/ning mei/.platformio/packages/toolchain-gccarmnoneeabi/bin/../lib/gcc/arm-none-eabi/7.2.1/../../../../arm-none-eabi/lib/thumb/v7-m\libc_nano.a(lib_a-locale.o)
                0x20000070                __global_locale
 *(.RamFunc)
 *(.RamFunc*)
                0x200001dc                . = ALIGN (0x4)
                0x200001dc                _edata = .

.igot.plt       0x200001dc        0x0 load address 0x08005404
 .igot.plt      0x200001dc        0x0 c:/users/ning mei/.platformio/packages/toolchain-gccarmnoneeabi/bin/../lib/gcc/arm-none-eabi/7.2.1/thumb/v7-m/crtbegin.o
                0x200001dc                . = ALIGN (0x4)

.bss            0x200001dc      0x394 load address 0x08005404
                0x200001dc                _sbss = .
                0x200001dc                __bss_start__ = _sbss
 *(.bss)
 .bss           0x200001dc       0x1c c:/users/ning mei/.platformio/packages/toolchain-gccarmnoneeabi/bin/../lib/gcc/arm-none-eabi/7.2.1/thumb/v7-m/crtbegin.o
 *(.bss*)
 .bss.time_us   0x200001f8        0x2 .pio\build\genericSTM32F103C8\src\main.o
                0x200001f8                time_us
 .bss.g_remote_cnt
                0x200001fa        0x1 .pio\build\genericSTM32F103C8\src\tim.o
                0x200001fa                g_remote_cnt
 *fill*         0x200001fb        0x1 
 .bss.g_remote_data
                0x200001fc        0x4 .pio\build\genericSTM32F103C8\src\tim.o
                0x200001fc                g_remote_data
 .bss.g_remote_sta
                0x20000200        0x1 .pio\build\genericSTM32F103C8\src\tim.o
                0x20000200                g_remote_sta
 .bss.UART1_Rx_Buf
                0x20000201      0x200 .pio\build\genericSTM32F103C8\src\usart.o
                0x20000201                UART1_Rx_Buf
 .bss.UART1_Rx_cnt
                0x20000401        0x1 .pio\build\genericSTM32F103C8\src\usart.o
                0x20000401                UART1_Rx_cnt
 .bss.UART1_Rx_flag
                0x20000402        0x1 .pio\build\genericSTM32F103C8\src\usart.o
                0x20000402                UART1_Rx_flag
 *fill*         0x20000403        0x1 
 .bss.__malloc_free_list
                0x20000404        0x4 c:/users/ning mei/.platformio/packages/toolchain-gccarmnoneeabi/bin/../lib/gcc/arm-none-eabi/7.2.1/../../../../arm-none-eabi/lib/thumb/v7-m\libc_nano.a(lib_a-nano-mallocr.o)
                0x20000404                __malloc_free_list
 .bss.__malloc_sbrk_start
                0x20000408        0x4 c:/users/ning mei/.platformio/packages/toolchain-gccarmnoneeabi/bin/../lib/gcc/arm-none-eabi/7.2.1/../../../../arm-none-eabi/lib/thumb/v7-m\libc_nano.a(lib_a-nano-mallocr.o)
                0x20000408                __malloc_sbrk_start
 .bss.heap_end.4102
                0x2000040c        0x4 c:/users/ning mei/.platformio/packages/toolchain-gccarmnoneeabi/bin/../lib/gcc/arm-none-eabi/7.2.1/../../../../arm-none-eabi/lib/thumb/v7-m\libnosys.a(sbrk.o)
 *(COMMON)
 COMMON         0x20000410        0x4 .pio\build\genericSTM32F103C8\FrameworkHALDriver\Src\stm32f1xx_hal.o
                0x20000410                uwTick
 COMMON         0x20000414       0x44 .pio\build\genericSTM32F103C8\src\dma.o
                0x20000414                hdma_memtomem_dma1_channel1
 COMMON         0x20000458       0x48 .pio\build\genericSTM32F103C8\src\tim.o
                0x20000458                htim2
 COMMON         0x200004a0       0xcc .pio\build\genericSTM32F103C8\src\usart.o
                0x200004a0                hdma_usart1_tx
                0x200004e4                hdma_usart1_rx
                0x20000528                huart1
 COMMON         0x2000056c        0x4 c:/users/ning mei/.platformio/packages/toolchain-gccarmnoneeabi/bin/../lib/gcc/arm-none-eabi/7.2.1/../../../../arm-none-eabi/lib/thumb/v7-m\libc_nano.a(lib_a-reent.o)
                0x2000056c                errno
                0x20000570                . = ALIGN (0x4)
                0x20000570                _ebss = .
                0x20000570                __bss_end__ = _ebss

._user_heap_stack
                0x20000570      0x600 load address 0x08005404
                0x20000570                . = ALIGN (0x8)
                0x20000570                PROVIDE (end, .)
                [!provide]                PROVIDE (_end, .)
                0x20000770                . = (. + _Min_Heap_Size)
 *fill*         0x20000570      0x200 
                0x20000b70                . = (. + _Min_Stack_Size)
 *fill*         0x20000770      0x400 
                0x20000b70                . = ALIGN (0x8)

/DISCARD/
 libc.a(*)
 libm.a(*)
 libgcc.a(*)

.ARM.attributes
                0x00000000       0x29
 *(.ARM.attributes)
 .ARM.attributes
                0x00000000       0x1d c:/users/ning mei/.platformio/packages/toolchain-gccarmnoneeabi/bin/../lib/gcc/arm-none-eabi/7.2.1/thumb/v7-m/crti.o
 .ARM.attributes
                0x0000001d       0x2d c:/users/ning mei/.platformio/packages/toolchain-gccarmnoneeabi/bin/../lib/gcc/arm-none-eabi/7.2.1/thumb/v7-m/crtbegin.o
 .ARM.attributes
                0x0000004a       0x33 .pio\build\genericSTM32F103C8\FrameworkHALDriver\Src\stm32f1xx_hal.o
 .ARM.attributes
                0x0000007d       0x33 .pio\build\genericSTM32F103C8\FrameworkHALDriver\Src\stm32f1xx_hal_cortex.o
 .ARM.attributes
                0x000000b0       0x33 .pio\build\genericSTM32F103C8\FrameworkHALDriver\Src\stm32f1xx_hal_dma.o
 .ARM.attributes
                0x000000e3       0x33 .pio\build\genericSTM32F103C8\FrameworkHALDriver\Src\stm32f1xx_hal_gpio.o
 .ARM.attributes
                0x00000116       0x33 .pio\build\genericSTM32F103C8\FrameworkHALDriver\Src\stm32f1xx_hal_rcc.o
 .ARM.attributes
                0x00000149       0x33 .pio\build\genericSTM32F103C8\FrameworkHALDriver\Src\stm32f1xx_hal_tim.o
 .ARM.attributes
                0x0000017c       0x33 .pio\build\genericSTM32F103C8\FrameworkHALDriver\Src\stm32f1xx_hal_tim_ex.o
 .ARM.attributes
                0x000001af       0x33 .pio\build\genericSTM32F103C8\FrameworkHALDriver\Src\stm32f1xx_hal_uart.o
 .ARM.attributes
                0x000001e2       0x33 .pio\build\genericSTM32F103C8\src\dma.o
 .ARM.attributes
                0x00000215       0x33 .pio\build\genericSTM32F103C8\src\gpio.o
 .ARM.attributes
                0x00000248       0x33 .pio\build\genericSTM32F103C8\src\main.o
 .ARM.attributes
                0x0000027b       0x33 .pio\build\genericSTM32F103C8\src\stm32f1xx_hal_msp.o
 .ARM.attributes
                0x000002ae       0x33 .pio\build\genericSTM32F103C8\src\stm32f1xx_it.o
 .ARM.attributes
                0x000002e1       0x33 .pio\build\genericSTM32F103C8\src\system_stm32f1xx.o
 .ARM.attributes
                0x00000314       0x33 .pio\build\genericSTM32F103C8\src\tim.o
 .ARM.attributes
                0x00000347       0x33 .pio\build\genericSTM32F103C8\src\usart.o
 .ARM.attributes
                0x0000037a       0x2d c:/users/ning mei/.platformio/packages/toolchain-gccarmnoneeabi/bin/../lib/gcc/arm-none-eabi/7.2.1/../../../../arm-none-eabi/lib/thumb/v7-m\libc_nano.a(lib_a-impure.o)
 .ARM.attributes
                0x000003a7       0x2d c:/users/ning mei/.platformio/packages/toolchain-gccarmnoneeabi/bin/../lib/gcc/arm-none-eabi/7.2.1/../../../../arm-none-eabi/lib/thumb/v7-m\libc_nano.a(lib_a-init.o)
 .ARM.attributes
                0x000003d4       0x2d c:/users/ning mei/.platformio/packages/toolchain-gccarmnoneeabi/bin/../lib/gcc/arm-none-eabi/7.2.1/../../../../arm-none-eabi/lib/thumb/v7-m\libc_nano.a(lib_a-memset.o)
 .ARM.attributes
                0x00000401       0x2d c:/users/ning mei/.platformio/packages/toolchain-gccarmnoneeabi/bin/../lib/gcc/arm-none-eabi/7.2.1/../../../../arm-none-eabi/lib/thumb/v7-m\libc_nano.a(lib_a-nano-vfprintf_float.o)
 .ARM.attributes
                0x0000042e       0x2d c:/users/ning mei/.platformio/packages/toolchain-gccarmnoneeabi/bin/../lib/gcc/arm-none-eabi/7.2.1/../../../../arm-none-eabi/lib/thumb/v7-m\libc_nano.a(lib_a-nano-vfprintf_i.o)
 .ARM.attributes
                0x0000045b       0x2d c:/users/ning mei/.platformio/packages/toolchain-gccarmnoneeabi/bin/../lib/gcc/arm-none-eabi/7.2.1/../../../../arm-none-eabi/lib/thumb/v7-m\libc_nano.a(lib_a-printf.o)
 .ARM.attributes
                0x00000488       0x17 c:/users/ning mei/.platformio/packages/toolchain-gccarmnoneeabi/bin/../lib/gcc/arm-none-eabi/7.2.1/../../../../arm-none-eabi/lib/thumb/v7-m\libc_nano.a(lib_a-strlen.o)
 .ARM.attributes
                0x0000049f       0x2d c:/users/ning mei/.platformio/packages/toolchain-gccarmnoneeabi/bin/../lib/gcc/arm-none-eabi/7.2.1/../../../../arm-none-eabi/lib/thumb/v7-m\libc_nano.a(lib_a-dtoa.o)
 .ARM.attributes
                0x000004cc       0x2d c:/users/ning mei/.platformio/packages/toolchain-gccarmnoneeabi/bin/../lib/gcc/arm-none-eabi/7.2.1/../../../../arm-none-eabi/lib/thumb/v7-m\libc_nano.a(lib_a-findfp.o)
 .ARM.attributes
                0x000004f9       0x2d c:/users/ning mei/.platformio/packages/toolchain-gccarmnoneeabi/bin/../lib/gcc/arm-none-eabi/7.2.1/../../../../arm-none-eabi/lib/thumb/v7-m\libc_nano.a(lib_a-fwalk.o)
 .ARM.attributes
                0x00000526       0x2d c:/users/ning mei/.platformio/packages/toolchain-gccarmnoneeabi/bin/../lib/gcc/arm-none-eabi/7.2.1/../../../../arm-none-eabi/lib/thumb/v7-m\libc_nano.a(lib_a-localeconv.o)
 .ARM.attributes
                0x00000553       0x2d c:/users/ning mei/.platformio/packages/toolchain-gccarmnoneeabi/bin/../lib/gcc/arm-none-eabi/7.2.1/../../../../arm-none-eabi/lib/thumb/v7-m\libc_nano.a(lib_a-malloc.o)
 .ARM.attributes
                0x00000580       0x2d c:/users/ning mei/.platformio/packages/toolchain-gccarmnoneeabi/bin/../lib/gcc/arm-none-eabi/7.2.1/../../../../arm-none-eabi/lib/thumb/v7-m\libc_nano.a(lib_a-memchr-stub.o)
 .ARM.attributes
                0x000005ad       0x2d c:/users/ning mei/.platformio/packages/toolchain-gccarmnoneeabi/bin/../lib/gcc/arm-none-eabi/7.2.1/../../../../arm-none-eabi/lib/thumb/v7-m\libc_nano.a(lib_a-memcpy-stub.o)
 .ARM.attributes
                0x000005da       0x2d c:/users/ning mei/.platformio/packages/toolchain-gccarmnoneeabi/bin/../lib/gcc/arm-none-eabi/7.2.1/../../../../arm-none-eabi/lib/thumb/v7-m\libc_nano.a(lib_a-mprec.o)
 .ARM.attributes
                0x00000607       0x2d c:/users/ning mei/.platformio/packages/toolchain-gccarmnoneeabi/bin/../lib/gcc/arm-none-eabi/7.2.1/../../../../arm-none-eabi/lib/thumb/v7-m\libc_nano.a(lib_a-nano-callocr.o)
 .ARM.attributes
                0x00000634       0x2d c:/users/ning mei/.platformio/packages/toolchain-gccarmnoneeabi/bin/../lib/gcc/arm-none-eabi/7.2.1/../../../../arm-none-eabi/lib/thumb/v7-m\libc_nano.a(lib_a-nano-freer.o)
 .ARM.attributes
                0x00000661       0x2d c:/users/ning mei/.platformio/packages/toolchain-gccarmnoneeabi/bin/../lib/gcc/arm-none-eabi/7.2.1/../../../../arm-none-eabi/lib/thumb/v7-m\libc_nano.a(lib_a-nano-mallocr.o)
 .ARM.attributes
                0x0000068e       0x2d c:/users/ning mei/.platformio/packages/toolchain-gccarmnoneeabi/bin/../lib/gcc/arm-none-eabi/7.2.1/../../../../arm-none-eabi/lib/thumb/v7-m\libc_nano.a(lib_a-nano-vfprintf.o)
 .ARM.attributes
                0x000006bb       0x2d c:/users/ning mei/.platformio/packages/toolchain-gccarmnoneeabi/bin/../lib/gcc/arm-none-eabi/7.2.1/../../../../arm-none-eabi/lib/thumb/v7-m\libc_nano.a(lib_a-sbrkr.o)
 .ARM.attributes
                0x000006e8       0x2d c:/users/ning mei/.platformio/packages/toolchain-gccarmnoneeabi/bin/../lib/gcc/arm-none-eabi/7.2.1/../../../../arm-none-eabi/lib/thumb/v7-m\libc_nano.a(lib_a-stdio.o)
 .ARM.attributes
                0x00000715       0x2d c:/users/ning mei/.platformio/packages/toolchain-gccarmnoneeabi/bin/../lib/gcc/arm-none-eabi/7.2.1/../../../../arm-none-eabi/lib/thumb/v7-m\libc_nano.a(lib_a-wbuf.o)
 .ARM.attributes
                0x00000742       0x2d c:/users/ning mei/.platformio/packages/toolchain-gccarmnoneeabi/bin/../lib/gcc/arm-none-eabi/7.2.1/../../../../arm-none-eabi/lib/thumb/v7-m\libc_nano.a(lib_a-writer.o)
 .ARM.attributes
                0x0000076f       0x2d c:/users/ning mei/.platformio/packages/toolchain-gccarmnoneeabi/bin/../lib/gcc/arm-none-eabi/7.2.1/../../../../arm-none-eabi/lib/thumb/v7-m\libc_nano.a(lib_a-wsetup.o)
 .ARM.attributes
                0x0000079c       0x2d c:/users/ning mei/.platformio/packages/toolchain-gccarmnoneeabi/bin/../lib/gcc/arm-none-eabi/7.2.1/../../../../arm-none-eabi/lib/thumb/v7-m\libc_nano.a(lib_a-closer.o)
 .ARM.attributes
                0x000007c9       0x2d c:/users/ning mei/.platformio/packages/toolchain-gccarmnoneeabi/bin/../lib/gcc/arm-none-eabi/7.2.1/../../../../arm-none-eabi/lib/thumb/v7-m\libc_nano.a(lib_a-fflush.o)
 .ARM.attributes
                0x000007f6       0x2d c:/users/ning mei/.platformio/packages/toolchain-gccarmnoneeabi/bin/../lib/gcc/arm-none-eabi/7.2.1/../../../../arm-none-eabi/lib/thumb/v7-m\libc_nano.a(lib_a-locale.o)
 .ARM.attributes
                0x00000823       0x2d c:/users/ning mei/.platformio/packages/toolchain-gccarmnoneeabi/bin/../lib/gcc/arm-none-eabi/7.2.1/../../../../arm-none-eabi/lib/thumb/v7-m\libc_nano.a(lib_a-lseekr.o)
 .ARM.attributes
                0x00000850       0x2d c:/users/ning mei/.platformio/packages/toolchain-gccarmnoneeabi/bin/../lib/gcc/arm-none-eabi/7.2.1/../../../../arm-none-eabi/lib/thumb/v7-m\libc_nano.a(lib_a-makebuf.o)
 .ARM.attributes
                0x0000087d       0x2d c:/users/ning mei/.platformio/packages/toolchain-gccarmnoneeabi/bin/../lib/gcc/arm-none-eabi/7.2.1/../../../../arm-none-eabi/lib/thumb/v7-m\libc_nano.a(lib_a-mbtowc_r.o)
 .ARM.attributes
                0x000008aa       0x2d c:/users/ning mei/.platformio/packages/toolchain-gccarmnoneeabi/bin/../lib/gcc/arm-none-eabi/7.2.1/../../../../arm-none-eabi/lib/thumb/v7-m\libc_nano.a(lib_a-mlock.o)
 .ARM.attributes
                0x000008d7       0x2d c:/users/ning mei/.platformio/packages/toolchain-gccarmnoneeabi/bin/../lib/gcc/arm-none-eabi/7.2.1/../../../../arm-none-eabi/lib/thumb/v7-m\libc_nano.a(lib_a-readr.o)
 .ARM.attributes
                0x00000904       0x2d c:/users/ning mei/.platformio/packages/toolchain-gccarmnoneeabi/bin/../lib/gcc/arm-none-eabi/7.2.1/../../../../arm-none-eabi/lib/thumb/v7-m\libc_nano.a(lib_a-reent.o)
 .ARM.attributes
                0x00000931       0x2d c:/users/ning mei/.platformio/packages/toolchain-gccarmnoneeabi/bin/../lib/gcc/arm-none-eabi/7.2.1/../../../../arm-none-eabi/lib/thumb/v7-m\libc_nano.a(lib_a-wctomb_r.o)
 .ARM.attributes
                0x0000095e       0x2d c:/users/ning mei/.platformio/packages/toolchain-gccarmnoneeabi/bin/../lib/gcc/arm-none-eabi/7.2.1/../../../../arm-none-eabi/lib/thumb/v7-m\libc_nano.a(lib_a-ctype_.o)
 .ARM.attributes
                0x0000098b       0x2d c:/users/ning mei/.platformio/packages/toolchain-gccarmnoneeabi/bin/../lib/gcc/arm-none-eabi/7.2.1/../../../../arm-none-eabi/lib/thumb/v7-m\libc_nano.a(lib_a-fstatr.o)
 .ARM.attributes
                0x000009b8       0x2d c:/users/ning mei/.platformio/packages/toolchain-gccarmnoneeabi/bin/../lib/gcc/arm-none-eabi/7.2.1/../../../../arm-none-eabi/lib/thumb/v7-m\libc_nano.a(lib_a-isattyr.o)
 .ARM.attributes
                0x000009e5       0x1d c:/users/ning mei/.platformio/packages/toolchain-gccarmnoneeabi/bin/../lib/gcc/arm-none-eabi/7.2.1/thumb/v7-m\libgcc.a(_arm_addsubdf3.o)
 .ARM.attributes
                0x00000a02       0x1d c:/users/ning mei/.platformio/packages/toolchain-gccarmnoneeabi/bin/../lib/gcc/arm-none-eabi/7.2.1/thumb/v7-m\libgcc.a(_arm_muldivdf3.o)
 .ARM.attributes
                0x00000a1f       0x1d c:/users/ning mei/.platformio/packages/toolchain-gccarmnoneeabi/bin/../lib/gcc/arm-none-eabi/7.2.1/thumb/v7-m\libgcc.a(_arm_cmpdf2.o)
 .ARM.attributes
                0x00000a3c       0x1d c:/users/ning mei/.platformio/packages/toolchain-gccarmnoneeabi/bin/../lib/gcc/arm-none-eabi/7.2.1/thumb/v7-m\libgcc.a(_arm_unorddf2.o)
 .ARM.attributes
                0x00000a59       0x1d c:/users/ning mei/.platformio/packages/toolchain-gccarmnoneeabi/bin/../lib/gcc/arm-none-eabi/7.2.1/thumb/v7-m\libgcc.a(_arm_fixdfsi.o)
 .ARM.attributes
                0x00000a76       0x2d c:/users/ning mei/.platformio/packages/toolchain-gccarmnoneeabi/bin/../lib/gcc/arm-none-eabi/7.2.1/../../../../arm-none-eabi/lib/thumb/v7-m\libnosys.a(close.o)
 .ARM.attributes
                0x00000aa3       0x2d c:/users/ning mei/.platformio/packages/toolchain-gccarmnoneeabi/bin/../lib/gcc/arm-none-eabi/7.2.1/../../../../arm-none-eabi/lib/thumb/v7-m\libnosys.a(fstat.o)
 .ARM.attributes
                0x00000ad0       0x2d c:/users/ning mei/.platformio/packages/toolchain-gccarmnoneeabi/bin/../lib/gcc/arm-none-eabi/7.2.1/../../../../arm-none-eabi/lib/thumb/v7-m\libnosys.a(isatty.o)
 .ARM.attributes
                0x00000afd       0x2d c:/users/ning mei/.platformio/packages/toolchain-gccarmnoneeabi/bin/../lib/gcc/arm-none-eabi/7.2.1/../../../../arm-none-eabi/lib/thumb/v7-m\libnosys.a(lseek.o)
 .ARM.attributes
                0x00000b2a       0x2d c:/users/ning mei/.platformio/packages/toolchain-gccarmnoneeabi/bin/../lib/gcc/arm-none-eabi/7.2.1/../../../../arm-none-eabi/lib/thumb/v7-m\libnosys.a(read.o)
 .ARM.attributes
                0x00000b57       0x2d c:/users/ning mei/.platformio/packages/toolchain-gccarmnoneeabi/bin/../lib/gcc/arm-none-eabi/7.2.1/../../../../arm-none-eabi/lib/thumb/v7-m\libnosys.a(sbrk.o)
 .ARM.attributes
                0x00000b84       0x2d c:/users/ning mei/.platformio/packages/toolchain-gccarmnoneeabi/bin/../lib/gcc/arm-none-eabi/7.2.1/../../../../arm-none-eabi/lib/thumb/v7-m\libnosys.a(write.o)
 .ARM.attributes
                0x00000bb1       0x21 .pio\build\genericSTM32F103C8\libFrameworkCMSISDevice.a(startup_stm32f103xb.o)
 .ARM.attributes
                0x00000bd2       0x1d c:/users/ning mei/.platformio/packages/toolchain-gccarmnoneeabi/bin/../lib/gcc/arm-none-eabi/7.2.1/thumb/v7-m/crtn.o
OUTPUT(.pio\build\genericSTM32F103C8\firmware.elf elf32-littlearm)

.comment        0x00000000       0x7e
 .comment       0x00000000       0x7e .pio\build\genericSTM32F103C8\FrameworkHALDriver\Src\stm32f1xx_hal.o
                                 0x7f (size before relaxing)
 .comment       0x0000007e       0x7f .pio\build\genericSTM32F103C8\FrameworkHALDriver\Src\stm32f1xx_hal_cortex.o
 .comment       0x0000007e       0x7f .pio\build\genericSTM32F103C8\FrameworkHALDriver\Src\stm32f1xx_hal_dma.o
 .comment       0x0000007e       0x7f .pio\build\genericSTM32F103C8\FrameworkHALDriver\Src\stm32f1xx_hal_gpio.o
 .comment       0x0000007e       0x7f .pio\build\genericSTM32F103C8\FrameworkHALDriver\Src\stm32f1xx_hal_rcc.o
 .comment       0x0000007e       0x7f .pio\build\genericSTM32F103C8\FrameworkHALDriver\Src\stm32f1xx_hal_tim.o
 .comment       0x0000007e       0x7f .pio\build\genericSTM32F103C8\FrameworkHALDriver\Src\stm32f1xx_hal_tim_ex.o
 .comment       0x0000007e       0x7f .pio\build\genericSTM32F103C8\FrameworkHALDriver\Src\stm32f1xx_hal_uart.o
 .comment       0x0000007e       0x7f .pio\build\genericSTM32F103C8\src\dma.o
 .comment       0x0000007e       0x7f .pio\build\genericSTM32F103C8\src\gpio.o
 .comment       0x0000007e       0x7f .pio\build\genericSTM32F103C8\src\main.o
 .comment       0x0000007e       0x7f .pio\build\genericSTM32F103C8\src\stm32f1xx_hal_msp.o
 .comment       0x0000007e       0x7f .pio\build\genericSTM32F103C8\src\stm32f1xx_it.o
 .comment       0x0000007e       0x7f .pio\build\genericSTM32F103C8\src\system_stm32f1xx.o
 .comment       0x0000007e       0x7f .pio\build\genericSTM32F103C8\src\tim.o
 .comment       0x0000007e       0x7f .pio\build\genericSTM32F103C8\src\usart.o

.debug_frame    0x00000000      0xf14
 .debug_frame   0x00000000       0x2c c:/users/ning mei/.platformio/packages/toolchain-gccarmnoneeabi/bin/../lib/gcc/arm-none-eabi/7.2.1/../../../../arm-none-eabi/lib/thumb/v7-m\libc_nano.a(lib_a-init.o)
 .debug_frame   0x0000002c       0x20 c:/users/ning mei/.platformio/packages/toolchain-gccarmnoneeabi/bin/../lib/gcc/arm-none-eabi/7.2.1/../../../../arm-none-eabi/lib/thumb/v7-m\libc_nano.a(lib_a-memset.o)
 .debug_frame   0x0000004c       0x90 c:/users/ning mei/.platformio/packages/toolchain-gccarmnoneeabi/bin/../lib/gcc/arm-none-eabi/7.2.1/../../../../arm-none-eabi/lib/thumb/v7-m\libc_nano.a(lib_a-nano-vfprintf_float.o)
 .debug_frame   0x000000dc       0x60 c:/users/ning mei/.platformio/packages/toolchain-gccarmnoneeabi/bin/../lib/gcc/arm-none-eabi/7.2.1/../../../../arm-none-eabi/lib/thumb/v7-m\libc_nano.a(lib_a-nano-vfprintf_i.o)
 .debug_frame   0x0000013c       0x74 c:/users/ning mei/.platformio/packages/toolchain-gccarmnoneeabi/bin/../lib/gcc/arm-none-eabi/7.2.1/../../../../arm-none-eabi/lib/thumb/v7-m\libc_nano.a(lib_a-printf.o)
 .debug_frame   0x000001b0       0x6c c:/users/ning mei/.platformio/packages/toolchain-gccarmnoneeabi/bin/../lib/gcc/arm-none-eabi/7.2.1/../../../../arm-none-eabi/lib/thumb/v7-m\libc_nano.a(lib_a-dtoa.o)
 .debug_frame   0x0000021c      0x11c c:/users/ning mei/.platformio/packages/toolchain-gccarmnoneeabi/bin/../lib/gcc/arm-none-eabi/7.2.1/../../../../arm-none-eabi/lib/thumb/v7-m\libc_nano.a(lib_a-findfp.o)
 .debug_frame   0x00000338       0x54 c:/users/ning mei/.platformio/packages/toolchain-gccarmnoneeabi/bin/../lib/gcc/arm-none-eabi/7.2.1/../../../../arm-none-eabi/lib/thumb/v7-m\libc_nano.a(lib_a-fwalk.o)
 .debug_frame   0x0000038c       0x40 c:/users/ning mei/.platformio/packages/toolchain-gccarmnoneeabi/bin/../lib/gcc/arm-none-eabi/7.2.1/../../../../arm-none-eabi/lib/thumb/v7-m\libc_nano.a(lib_a-localeconv.o)
 .debug_frame   0x000003cc       0x30 c:/users/ning mei/.platformio/packages/toolchain-gccarmnoneeabi/bin/../lib/gcc/arm-none-eabi/7.2.1/../../../../arm-none-eabi/lib/thumb/v7-m\libc_nano.a(lib_a-malloc.o)
 .debug_frame   0x000003fc       0x28 c:/users/ning mei/.platformio/packages/toolchain-gccarmnoneeabi/bin/../lib/gcc/arm-none-eabi/7.2.1/../../../../arm-none-eabi/lib/thumb/v7-m\libc_nano.a(lib_a-memchr-stub.o)
 .debug_frame   0x00000424       0x28 c:/users/ning mei/.platformio/packages/toolchain-gccarmnoneeabi/bin/../lib/gcc/arm-none-eabi/7.2.1/../../../../arm-none-eabi/lib/thumb/v7-m\libc_nano.a(lib_a-memcpy-stub.o)
 .debug_frame   0x0000044c      0x248 c:/users/ning mei/.platformio/packages/toolchain-gccarmnoneeabi/bin/../lib/gcc/arm-none-eabi/7.2.1/../../../../arm-none-eabi/lib/thumb/v7-m\libc_nano.a(lib_a-mprec.o)
 .debug_frame   0x00000694       0x2c c:/users/ning mei/.platformio/packages/toolchain-gccarmnoneeabi/bin/../lib/gcc/arm-none-eabi/7.2.1/../../../../arm-none-eabi/lib/thumb/v7-m\libc_nano.a(lib_a-nano-callocr.o)
 .debug_frame   0x000006c0       0x38 c:/users/ning mei/.platformio/packages/toolchain-gccarmnoneeabi/bin/../lib/gcc/arm-none-eabi/7.2.1/../../../../arm-none-eabi/lib/thumb/v7-m\libc_nano.a(lib_a-nano-freer.o)
 .debug_frame   0x000006f8       0x2c c:/users/ning mei/.platformio/packages/toolchain-gccarmnoneeabi/bin/../lib/gcc/arm-none-eabi/7.2.1/../../../../arm-none-eabi/lib/thumb/v7-m\libc_nano.a(lib_a-nano-mallocr.o)
 .debug_frame   0x00000724       0xac c:/users/ning mei/.platformio/packages/toolchain-gccarmnoneeabi/bin/../lib/gcc/arm-none-eabi/7.2.1/../../../../arm-none-eabi/lib/thumb/v7-m\libc_nano.a(lib_a-nano-vfprintf.o)
 .debug_frame   0x000007d0       0x2c c:/users/ning mei/.platformio/packages/toolchain-gccarmnoneeabi/bin/../lib/gcc/arm-none-eabi/7.2.1/../../../../arm-none-eabi/lib/thumb/v7-m\libc_nano.a(lib_a-sbrkr.o)
 .debug_frame   0x000007fc       0x88 c:/users/ning mei/.platformio/packages/toolchain-gccarmnoneeabi/bin/../lib/gcc/arm-none-eabi/7.2.1/../../../../arm-none-eabi/lib/thumb/v7-m\libc_nano.a(lib_a-stdio.o)
 .debug_frame   0x00000884       0x40 c:/users/ning mei/.platformio/packages/toolchain-gccarmnoneeabi/bin/../lib/gcc/arm-none-eabi/7.2.1/../../../../arm-none-eabi/lib/thumb/v7-m\libc_nano.a(lib_a-wbuf.o)
 .debug_frame   0x000008c4       0x2c c:/users/ning mei/.platformio/packages/toolchain-gccarmnoneeabi/bin/../lib/gcc/arm-none-eabi/7.2.1/../../../../arm-none-eabi/lib/thumb/v7-m\libc_nano.a(lib_a-writer.o)
 .debug_frame   0x000008f0       0x2c c:/users/ning mei/.platformio/packages/toolchain-gccarmnoneeabi/bin/../lib/gcc/arm-none-eabi/7.2.1/../../../../arm-none-eabi/lib/thumb/v7-m\libc_nano.a(lib_a-wsetup.o)
 .debug_frame   0x0000091c       0x2c c:/users/ning mei/.platformio/packages/toolchain-gccarmnoneeabi/bin/../lib/gcc/arm-none-eabi/7.2.1/../../../../arm-none-eabi/lib/thumb/v7-m\libc_nano.a(lib_a-closer.o)
 .debug_frame   0x00000948       0x68 c:/users/ning mei/.platformio/packages/toolchain-gccarmnoneeabi/bin/../lib/gcc/arm-none-eabi/7.2.1/../../../../arm-none-eabi/lib/thumb/v7-m\libc_nano.a(lib_a-fflush.o)
 .debug_frame   0x000009b0       0x68 c:/users/ning mei/.platformio/packages/toolchain-gccarmnoneeabi/bin/../lib/gcc/arm-none-eabi/7.2.1/../../../../arm-none-eabi/lib/thumb/v7-m\libc_nano.a(lib_a-locale.o)
 .debug_frame   0x00000a18       0x2c c:/users/ning mei/.platformio/packages/toolchain-gccarmnoneeabi/bin/../lib/gcc/arm-none-eabi/7.2.1/../../../../arm-none-eabi/lib/thumb/v7-m\libc_nano.a(lib_a-lseekr.o)
 .debug_frame   0x00000a44       0x58 c:/users/ning mei/.platformio/packages/toolchain-gccarmnoneeabi/bin/../lib/gcc/arm-none-eabi/7.2.1/../../../../arm-none-eabi/lib/thumb/v7-m\libc_nano.a(lib_a-makebuf.o)
 .debug_frame   0x00000a9c       0x48 c:/users/ning mei/.platformio/packages/toolchain-gccarmnoneeabi/bin/../lib/gcc/arm-none-eabi/7.2.1/../../../../arm-none-eabi/lib/thumb/v7-m\libc_nano.a(lib_a-mbtowc_r.o)
 .debug_frame   0x00000ae4       0x30 c:/users/ning mei/.platformio/packages/toolchain-gccarmnoneeabi/bin/../lib/gcc/arm-none-eabi/7.2.1/../../../../arm-none-eabi/lib/thumb/v7-m\libc_nano.a(lib_a-mlock.o)
 .debug_frame   0x00000b14       0x2c c:/users/ning mei/.platformio/packages/toolchain-gccarmnoneeabi/bin/../lib/gcc/arm-none-eabi/7.2.1/../../../../arm-none-eabi/lib/thumb/v7-m\libc_nano.a(lib_a-readr.o)
 .debug_frame   0x00000b40       0x5c c:/users/ning mei/.platformio/packages/toolchain-gccarmnoneeabi/bin/../lib/gcc/arm-none-eabi/7.2.1/../../../../arm-none-eabi/lib/thumb/v7-m\libc_nano.a(lib_a-reent.o)
 .debug_frame   0x00000b9c       0x3c c:/users/ning mei/.platformio/packages/toolchain-gccarmnoneeabi/bin/../lib/gcc/arm-none-eabi/7.2.1/../../../../arm-none-eabi/lib/thumb/v7-m\libc_nano.a(lib_a-wctomb_r.o)
 .debug_frame   0x00000bd8       0x2c c:/users/ning mei/.platformio/packages/toolchain-gccarmnoneeabi/bin/../lib/gcc/arm-none-eabi/7.2.1/../../../../arm-none-eabi/lib/thumb/v7-m\libc_nano.a(lib_a-fstatr.o)
 .debug_frame   0x00000c04       0x2c c:/users/ning mei/.platformio/packages/toolchain-gccarmnoneeabi/bin/../lib/gcc/arm-none-eabi/7.2.1/../../../../arm-none-eabi/lib/thumb/v7-m\libc_nano.a(lib_a-isattyr.o)
 .debug_frame   0x00000c30       0xac c:/users/ning mei/.platformio/packages/toolchain-gccarmnoneeabi/bin/../lib/gcc/arm-none-eabi/7.2.1/thumb/v7-m\libgcc.a(_arm_addsubdf3.o)
 .debug_frame   0x00000cdc       0x50 c:/users/ning mei/.platformio/packages/toolchain-gccarmnoneeabi/bin/../lib/gcc/arm-none-eabi/7.2.1/thumb/v7-m\libgcc.a(_arm_muldivdf3.o)
 .debug_frame   0x00000d2c       0xc4 c:/users/ning mei/.platformio/packages/toolchain-gccarmnoneeabi/bin/../lib/gcc/arm-none-eabi/7.2.1/thumb/v7-m\libgcc.a(_arm_cmpdf2.o)
 .debug_frame   0x00000df0       0x20 c:/users/ning mei/.platformio/packages/toolchain-gccarmnoneeabi/bin/../lib/gcc/arm-none-eabi/7.2.1/thumb/v7-m\libgcc.a(_arm_unorddf2.o)
 .debug_frame   0x00000e10       0x24 c:/users/ning mei/.platformio/packages/toolchain-gccarmnoneeabi/bin/../lib/gcc/arm-none-eabi/7.2.1/thumb/v7-m\libgcc.a(_arm_fixdfsi.o)
 .debug_frame   0x00000e34       0x20 c:/users/ning mei/.platformio/packages/toolchain-gccarmnoneeabi/bin/../lib/gcc/arm-none-eabi/7.2.1/../../../../arm-none-eabi/lib/thumb/v7-m\libnosys.a(close.o)
 .debug_frame   0x00000e54       0x20 c:/users/ning mei/.platformio/packages/toolchain-gccarmnoneeabi/bin/../lib/gcc/arm-none-eabi/7.2.1/../../../../arm-none-eabi/lib/thumb/v7-m\libnosys.a(fstat.o)
 .debug_frame   0x00000e74       0x20 c:/users/ning mei/.platformio/packages/toolchain-gccarmnoneeabi/bin/../lib/gcc/arm-none-eabi/7.2.1/../../../../arm-none-eabi/lib/thumb/v7-m\libnosys.a(isatty.o)
 .debug_frame   0x00000e94       0x20 c:/users/ning mei/.platformio/packages/toolchain-gccarmnoneeabi/bin/../lib/gcc/arm-none-eabi/7.2.1/../../../../arm-none-eabi/lib/thumb/v7-m\libnosys.a(lseek.o)
 .debug_frame   0x00000eb4       0x20 c:/users/ning mei/.platformio/packages/toolchain-gccarmnoneeabi/bin/../lib/gcc/arm-none-eabi/7.2.1/../../../../arm-none-eabi/lib/thumb/v7-m\libnosys.a(read.o)
 .debug_frame   0x00000ed4       0x20 c:/users/ning mei/.platformio/packages/toolchain-gccarmnoneeabi/bin/../lib/gcc/arm-none-eabi/7.2.1/../../../../arm-none-eabi/lib/thumb/v7-m\libnosys.a(sbrk.o)
 .debug_frame   0x00000ef4       0x20 c:/users/ning mei/.platformio/packages/toolchain-gccarmnoneeabi/bin/../lib/gcc/arm-none-eabi/7.2.1/../../../../arm-none-eabi/lib/thumb/v7-m\libnosys.a(write.o)

.stab           0x00000000       0x9c
 .stab          0x00000000       0x24 c:/users/ning mei/.platformio/packages/toolchain-gccarmnoneeabi/bin/../lib/gcc/arm-none-eabi/7.2.1/../../../../arm-none-eabi/lib/thumb/v7-m\libnosys.a(close.o)
 .stab          0x00000024       0x18 c:/users/ning mei/.platformio/packages/toolchain-gccarmnoneeabi/bin/../lib/gcc/arm-none-eabi/7.2.1/../../../../arm-none-eabi/lib/thumb/v7-m\libnosys.a(fstat.o)
                                 0x24 (size before relaxing)
 .stab          0x0000003c       0x18 c:/users/ning mei/.platformio/packages/toolchain-gccarmnoneeabi/bin/../lib/gcc/arm-none-eabi/7.2.1/../../../../arm-none-eabi/lib/thumb/v7-m\libnosys.a(isatty.o)
                                 0x24 (size before relaxing)
 .stab          0x00000054       0x18 c:/users/ning mei/.platformio/packages/toolchain-gccarmnoneeabi/bin/../lib/gcc/arm-none-eabi/7.2.1/../../../../arm-none-eabi/lib/thumb/v7-m\libnosys.a(lseek.o)
                                 0x24 (size before relaxing)
 .stab          0x0000006c       0x18 c:/users/ning mei/.platformio/packages/toolchain-gccarmnoneeabi/bin/../lib/gcc/arm-none-eabi/7.2.1/../../../../arm-none-eabi/lib/thumb/v7-m\libnosys.a(read.o)
                                 0x24 (size before relaxing)
 .stab          0x00000084       0x18 c:/users/ning mei/.platformio/packages/toolchain-gccarmnoneeabi/bin/../lib/gcc/arm-none-eabi/7.2.1/../../../../arm-none-eabi/lib/thumb/v7-m\libnosys.a(write.o)
                                 0x24 (size before relaxing)

.stabstr        0x00000000      0x14d
 .stabstr       0x00000000      0x14d c:/users/ning mei/.platformio/packages/toolchain-gccarmnoneeabi/bin/../lib/gcc/arm-none-eabi/7.2.1/../../../../arm-none-eabi/lib/thumb/v7-m\libnosys.a(close.o)
